Archive member included to satisfy reference by file (symbol)

C:/Users/claud/.pico-sdk/toolchain/14_2_Rel1/bin/../lib/gcc/arm-none-eabi/14.2.1/thumb/v8-m.main+fp/softfp\libm.a(libm_a-wf_sqrt.o)
                              CMakeFiles/Framethrower_Denise.dir/C_/Users/claud/.pico-sdk/sdk/2.1.1/src/rp2_common/pico_float/float_math.c.obj (sqrtf)
C:/Users/claud/.pico-sdk/toolchain/14_2_Rel1/bin/../lib/gcc/arm-none-eabi/14.2.1/thumb/v8-m.main+fp/softfp\libm.a(libm_a-ef_sqrt.o)
                              C:/Users/claud/.pico-sdk/toolchain/14_2_Rel1/bin/../lib/gcc/arm-none-eabi/14.2.1/thumb/v8-m.main+fp/softfp\libm.a(libm_a-wf_sqrt.o) (__ieee754_sqrtf)
C:/Users/claud/.pico-sdk/toolchain/14_2_Rel1/bin/../lib/gcc/arm-none-eabi/14.2.1/thumb/v8-m.main+fp/softfp\libgcc.a(_arm_addsubdf3.o)
                              CMakeFiles/Framethrower_Denise.dir/C_/Users/claud/.pico-sdk/sdk/2.1.1/src/rp2_common/pico_float/float_math.c.obj (__aeabi_f2d)
C:/Users/claud/.pico-sdk/toolchain/14_2_Rel1/bin/../lib/gcc/arm-none-eabi/14.2.1/thumb/v8-m.main+fp/softfp\libgcc.a(_aeabi_ldivmod.o)
                              CMakeFiles/Framethrower_Denise.dir/C_/Users/claud/.pico-sdk/sdk/2.1.1/src/common/pico_time/time.c.obj (__aeabi_ldivmod)
C:/Users/claud/.pico-sdk/toolchain/14_2_Rel1/bin/../lib/gcc/arm-none-eabi/14.2.1/thumb/v8-m.main+fp/softfp\libgcc.a(_aeabi_uldivmod.o)
                              CMakeFiles/Framethrower_Denise.dir/C_/Users/claud/.pico-sdk/sdk/2.1.1/src/rp2_common/hardware_clocks/clocks.c.obj (__aeabi_uldivmod)
C:/Users/claud/.pico-sdk/toolchain/14_2_Rel1/bin/../lib/gcc/arm-none-eabi/14.2.1/thumb/v8-m.main+fp/softfp\libgcc.a(_udivmoddi4.o)
                              C:/Users/claud/.pico-sdk/toolchain/14_2_Rel1/bin/../lib/gcc/arm-none-eabi/14.2.1/thumb/v8-m.main+fp/softfp\libgcc.a(_aeabi_ldivmod.o) (__udivmoddi4)
C:/Users/claud/.pico-sdk/toolchain/14_2_Rel1/bin/../lib/gcc/arm-none-eabi/14.2.1/thumb/v8-m.main+fp/softfp\libgcc.a(_dvmd_tls.o)
                              C:/Users/claud/.pico-sdk/toolchain/14_2_Rel1/bin/../lib/gcc/arm-none-eabi/14.2.1/thumb/v8-m.main+fp/softfp\libgcc.a(_aeabi_ldivmod.o) (__aeabi_ldiv0)
C:/Users/claud/.pico-sdk/toolchain/14_2_Rel1/bin/../lib/gcc/arm-none-eabi/14.2.1/thumb/v8-m.main+fp/softfp\libg.a(libc_a-calloc.o)
                              CMakeFiles/Framethrower_Denise.dir/C_/Users/claud/.pico-sdk/sdk/2.1.1/src/rp2_common/pico_malloc/malloc.c.obj (calloc)
C:/Users/claud/.pico-sdk/toolchain/14_2_Rel1/bin/../lib/gcc/arm-none-eabi/14.2.1/thumb/v8-m.main+fp/softfp\libg.a(libc_a-callocr.o)
                              C:/Users/claud/.pico-sdk/toolchain/14_2_Rel1/bin/../lib/gcc/arm-none-eabi/14.2.1/thumb/v8-m.main+fp/softfp\libg.a(libc_a-calloc.o) (_calloc_r)
C:/Users/claud/.pico-sdk/toolchain/14_2_Rel1/bin/../lib/gcc/arm-none-eabi/14.2.1/thumb/v8-m.main+fp/softfp\libg.a(libc_a-malloc.o)
                              CMakeFiles/Framethrower_Denise.dir/C_/Users/claud/.pico-sdk/sdk/2.1.1/src/rp2_common/pico_malloc/malloc.c.obj (malloc)
C:/Users/claud/.pico-sdk/toolchain/14_2_Rel1/bin/../lib/gcc/arm-none-eabi/14.2.1/thumb/v8-m.main+fp/softfp\libg.a(libc_a-mallocr.o)
                              C:/Users/claud/.pico-sdk/toolchain/14_2_Rel1/bin/../lib/gcc/arm-none-eabi/14.2.1/thumb/v8-m.main+fp/softfp\libg.a(libc_a-callocr.o) (_malloc_r)
C:/Users/claud/.pico-sdk/toolchain/14_2_Rel1/bin/../lib/gcc/arm-none-eabi/14.2.1/thumb/v8-m.main+fp/softfp\libg.a(libc_a-mlock.o)
                              C:/Users/claud/.pico-sdk/toolchain/14_2_Rel1/bin/../lib/gcc/arm-none-eabi/14.2.1/thumb/v8-m.main+fp/softfp\libg.a(libc_a-mallocr.o) (__malloc_lock)
C:/Users/claud/.pico-sdk/toolchain/14_2_Rel1/bin/../lib/gcc/arm-none-eabi/14.2.1/thumb/v8-m.main+fp/softfp\libg.a(libc_a-realloc.o)
                              CMakeFiles/Framethrower_Denise.dir/C_/Users/claud/.pico-sdk/sdk/2.1.1/src/rp2_common/pico_malloc/malloc.c.obj (realloc)
C:/Users/claud/.pico-sdk/toolchain/14_2_Rel1/bin/../lib/gcc/arm-none-eabi/14.2.1/thumb/v8-m.main+fp/softfp\libg.a(libc_a-reallocr.o)
                              C:/Users/claud/.pico-sdk/toolchain/14_2_Rel1/bin/../lib/gcc/arm-none-eabi/14.2.1/thumb/v8-m.main+fp/softfp\libg.a(libc_a-realloc.o) (_realloc_r)
C:/Users/claud/.pico-sdk/toolchain/14_2_Rel1/bin/../lib/gcc/arm-none-eabi/14.2.1/thumb/v8-m.main+fp/softfp\libg.a(libc_a-memcmp.o)
                              CMakeFiles/Framethrower_Denise.dir/C_/Users/claud/.pico-sdk/sdk/2.1.1/src/rp2_common/pico_atomic/atomic.c.obj (memcmp)
C:/Users/claud/.pico-sdk/toolchain/14_2_Rel1/bin/../lib/gcc/arm-none-eabi/14.2.1/thumb/v8-m.main+fp/softfp\libg.a(libc_a-memmove.o)
                              C:/Users/claud/.pico-sdk/toolchain/14_2_Rel1/bin/../lib/gcc/arm-none-eabi/14.2.1/thumb/v8-m.main+fp/softfp\libg.a(libc_a-reallocr.o) (memmove)
C:/Users/claud/.pico-sdk/toolchain/14_2_Rel1/bin/../lib/gcc/arm-none-eabi/14.2.1/thumb/v8-m.main+fp/softfp\libg.a(libc_a-memset.o)
[...]
Memory Configuration

Name             Origin             Length             Attributes
FLASH            0x10000000         0x01000000         xr
RAM              0x20000000         0x00080000         xrw
SCRATCH_X        0x20080000         0x00001000         xrw
SCRATCH_Y        0x20081000         0x00001000         xrw
*default*        0x00000000         0xffffffff

Linker script and memory map

LOAD C:/Users/claud/.pico-sdk/toolchain/14_2_Rel1/bin/../lib/gcc/arm-none-eabi/14.2.1/thumb/v8-m.main+fp/softfp/crti.o
LOAD C:/Users/claud/.pico-sdk/toolchain/14_2_Rel1/bin/../lib/gcc/arm-none-eabi/14.2.1/thumb/v8-m.main+fp/softfp/crtbegin.o
LOAD C:/Users/claud/.pico-sdk/toolchain/14_2_Rel1/bin/../lib/gcc/arm-none-eabi/14.2.1/thumb/v8-m.main+fp/softfp/crt0.o

.flash_begin    0x10000000        0x0
                0x10000000                        __flash_binary_start = .

.flashtext      0x10000000      0x1f8
                0x10000000                        __logical_binary_start = .
 *(.vectors)
 .vectors       0x10000000      0x124 CMakeFiles/Framethrower_Denise.dir/C_/Users/claud/.pico-sdk/sdk/2.1.1/src/rp2_common/pico_crt0/crt0.S.obj
                0x10000000                __VECTOR_TABLE
                0x10000000                __vectors
                0x10000110                __default_isrs_start
                0x10000110                isr_invalid
                0x10000112                isr_nmi
                0x10000114                isr_hardfault
                0x10000116                isr_svcall
                0x10000118                isr_pendsv
                0x1000011a                isr_systick
                0x1000011c                isr_irq31
                0x1000011c                isr_irq5
                0x1000011c                isr_irq11
                0x1000011c                isr_irq32
                0x1000011c                isr_irq23
                0x1000011c                isr_irq48
                0x1000011c                isr_irq35
                0x1000011c                isr_irq18
                0x1000011c                isr_irq50
                0x1000011c                isr_irq27
                0x1000011c                isr_irq40
                0x1000011c                isr_irq28
                0x1000011c                isr_irq19
                0x1000011c                isr_irq36
                0x1000011c                isr_irq41
                0x1000011c                isr_irq0
                0x1000011c                isr_irq6
                0x1000011c                isr_irq45
                0x1000011c                isr_irq12
                0x1000011c                isr_irq37
                0x1000011c                isr_irq42
                0x1000011c                isr_irq22
                0x1000011c                isr_irq43
                0x1000011c                isr_irq17
                0x1000011c                isr_irq38
                0x1000011c                isr_irq14
                0x1000011c                isr_irq13
                0x1000011c                isr_irq2
                0x1000011c                isr_irq10
                0x1000011c                isr_irq8
                0x1000011c                isr_irq24
                0x1000011c                isr_irq46
                0x1000011c                isr_irq1
                0x1000011c                isr_irq47
                0x1000011c                isr_irq51
                0x1000011c                isr_irq7
                0x1000011c                isr_irq21
                0x1000011c                isr_irq39
                0x1000011c                isr_irq20
                0x1000011c                isr_irq15
                0x1000011c                isr_irq25
                0x1000011c                isr_irq34
                0x1000011c                isr_irq49
                0x1000011c                __unhandled_user_irq
                0x1000011c                isr_irq4
                0x1000011c                isr_irq16
                0x1000011c                isr_irq44
                0x1000011c                isr_irq29
                0x1000011c                isr_irq26
                0x1000011c                __default_isrs_end
                0x1000011c                isr_irq33
                0x1000011c                isr_irq3
                0x1000011c                isr_irq30
                0x1000011c                isr_irq9
                0x10000122                unhandled_user_irq_num_in_r0
 *(.binary_info_header)
 .binary_info_header
                0x10000124       0x14 CMakeFiles/Framethrower_Denise.dir/C_/Users/claud/.pico-sdk/sdk/2.1.1/src/rp2_common/pico_crt0/crt0.S.obj
                0x10000138                        __binary_info_header_end = .
 *(.embedded_block)
 .embedded_block
                0x10000138       0x14 CMakeFiles/Framethrower_Denise.dir/C_/Users/claud/.pico-sdk/sdk/2.1.1/src/rp2_common/pico_crt0/crt0.S.obj
                0x1000014c                        __embedded_block_end = .
 *(.reset)
 .reset         0x1000014c       0xac CMakeFiles/Framethrower_Denise.dir/C_/Users/claud/.pico-sdk/sdk/2.1.1/src/rp2_common/pico_crt0/crt0.S.obj
                0x1000014c                _entry_point
                0x100001f8                        . = ALIGN (0x4)

.boot2          0x100001f8        0x0
                0x100001f8                        __boot2_start__ = .
 *(.boot2)
                0x100001f8                        __boot2_end__ = .
                0x00000001                        ASSERT (((__boot2_end__ - __boot2_start__) <= 0x100), ERROR: Pico second stage bootloader must be no more than 256 bytes in size)

.rodata         0x100001f8        0x0
 *(SORT_BY_ALIGNMENT(SORT_BY_NAME(.flashdata*)))
                0x100001f8                        . = ALIGN (0x4)

.ARM.extab
 *(.ARM.extab* .gnu.linkonce.armextab.*)
                0x100001f8                        __exidx_start = .

.ARM.exidx      0x100001f8        0x8
 *(.ARM.exidx* .gnu.linkonce.armexidx.*)
 .ARM.exidx.text.__udivmoddi4
                0x100001f8        0x8 C:/Users/claud/.pico-sdk/toolchain/14_2_Rel1/bin/../lib/gcc/arm-none-eabi/14.2.1/thumb/v8-m.main+fp/softfp\libgcc.a(_udivmoddi4.o)
 .ARM.exidx     0x10000200        0x0 C:/Users/claud/.pico-sdk/toolchain/14_2_Rel1/bin/../lib/gcc/arm-none-eabi/14.2.1/thumb/v8-m.main+fp/softfp\libg.a(libc_a-memcpy.o)
                                  0x8 (size before relaxing)
                0x10000200                        __exidx_end = .
                0x10000200                        . = ALIGN (0x4)
                0x10000200                        __binary_info_start = .

.binary_info    0x10000200       0x20
 *(.binary_info.keep.*)
 .binary_info.keep.__bi_ptr84
                0x10000200        0x4 CMakeFiles/Framethrower_Denise.dir/C_/Users/claud/.pico-sdk/sdk/2.1.1/src/rp2_common/pico_standard_binary_info/standard_binary_info.c.obj
 .binary_info.keep.__bi_ptr78
                0x10000204        0x4 CMakeFiles/Framethrower_Denise.dir/C_/Users/claud/.pico-sdk/sdk/2.1.1/src/rp2_common/pico_standard_binary_info/standard_binary_info.c.obj
 .binary_info.keep.__bi_ptr60
                0x10000208        0x4 CMakeFiles/Framethrower_Denise.dir/C_/Users/claud/.pico-sdk/sdk/2.1.1/src/rp2_common/pico_standard_binary_info/standard_binary_info.c.obj
 .binary_info.keep.__bi_ptr54
                0x1000020c        0x4 CMakeFiles/Framethrower_Denise.dir/C_/Users/claud/.pico-sdk/sdk/2.1.1/src/rp2_common/pico_standard_binary_info/standard_binary_info.c.obj
 .binary_info.keep.__bi_ptr48
                0x10000210        0x4 CMakeFiles/Framethrower_Denise.dir/C_/Users/claud/.pico-sdk/sdk/2.1.1/src/rp2_common/pico_standard_binary_info/standard_binary_info.c.obj
 .binary_info.keep.__bi_ptr42
                0x10000214        0x4 CMakeFiles/Framethrower_Denise.dir/C_/Users/claud/.pico-sdk/sdk/2.1.1/src/rp2_common/pico_standard_binary_info/standard_binary_info.c.obj
 .binary_info.keep.__bi_ptr34
                0x10000218        0x4 CMakeFiles/Framethrower_Denise.dir/C_/Users/claud/.pico-sdk/sdk/2.1.1/src/rp2_common/pico_standard_binary_info/standard_binary_info.c.obj
 .binary_info.keep.__bi_ptr26
                0x1000021c        0x4 CMakeFiles/Framethrower_Denise.dir/C_/Users/claud/.pico-sdk/sdk/2.1.1/src/rp2_common/pico_standard_binary_info/standard_binary_info.c.obj
 *(.binary_info.*)
                0x10000220                        __binary_info_end = .
                0x10000220                        . = ALIGN (0x4)

.ram_vector_table
                0x20000000      0x110
 *(.ram_vector_table)
 .ram_vector_table
                0x20000000      0x110 CMakeFiles/Framethrower_Denise.dir/C_/Users/claud/.pico-sdk/sdk/2.1.1/src/rp2_common/pico_runtime_init/runtime_init.c.obj
                0x20000000                ram_vector_table

.uninitialized_data
                0x20000110        0x0
                0x20000110                        . = ALIGN (0x4)
 *(.uninitialized_data*)

.text           0x20000110     0x3fb8 load address 0x10000220
                0x20000110                        __ram_text_start__ = .
 *(.init)
 .init          0x20000110        0x4 C:/Users/claud/.pico-sdk/toolchain/14_2_Rel1/bin/../lib/gcc/arm-none-eabi/14.2.1/thumb/v8-m.main+fp/softfp/crti.o
                0x20000110                _init
 *(.text*)
 .text.register_tm_clones
                0x20000114       0x28 C:/Users/claud/.pico-sdk/toolchain/14_2_Rel1/bin/../lib/gcc/arm-none-eabi/14.2.1/thumb/v8-m.main+fp/softfp/crtbegin.o
 .text.frame_dummy
                0x2000013c       0x24 C:/Users/claud/.pico-sdk/toolchain/14_2_Rel1/bin/../lib/gcc/arm-none-eabi/14.2.1/thumb/v8-m.main+fp/softfp/crtbegin.o
 .text.core1_entry
                0x20000160      0x124 CMakeFiles/Framethrower_Denise.dir/Framethrower_Denise.c.obj
                0x20000160                core1_entry
 .text.setup_vsync_detect_sm
                0x20000284       0xe0 CMakeFiles/Framethrower_Denise.dir/Framethrower_Denise.c.obj
                0x20000284                setup_vsync_detect_sm
 .text.setup_video_capture_sm
                0x20000364       0xd0 CMakeFiles/Framethrower_Denise.dir/Framethrower_Denise.c.obj
                0x20000364                setup_video_capture_sm
 .text.setup_rga_read_sm
                0x20000434       0xcc CMakeFiles/Framethrower_Denise.dir/Framethrower_Denise.c.obj
                0x20000434                setup_rga_read_sm
 .text.setup_rga_write_sm
                0x20000500      0x100 CMakeFiles/Framethrower_Denise.dir/Framethrower_Denise.c.obj
                0x20000500                setup_rga_write_sm
 .text.stop_hstx
                0x20000600      0x254 CMakeFiles/Framethrower_Denise.dir/mipi.c.obj
 .text.start_hstx
                0x20000854      0x28c CMakeFiles/Framethrower_Denise.dir/mipi.c.obj
 .text.channel_config_set_chain_to
                0x20000ae0       0x2c CMakeFiles/Framethrower_Denise.dir/mipi.c.obj
 .text.dma_channel_get_default_config
                0x20000b0c       0x78 CMakeFiles/Framethrower_Denise.dir/mipi.c.obj
 .text.DMASetup
                0x20000b84       0x54 CMakeFiles/Framethrower_Denise.dir/mipi.c.obj
                0x20000b84                DMASetup
 .text.mipi_init
                0x20000bd8      0x1d0 CMakeFiles/Framethrower_Denise.dir/mipi.c.obj
                0x20000bd8                mipi_init
 .text.gpio_set_function
                0x20000da8       0x38 CMakeFiles/Framethrower_Denise.dir/C_/Users/claud/.pico-sdk/sdk/2.1.1/src/rp2_common/hardware_gpio/gpio.c.obj
                0x20000da8                gpio_set_function
 .text.gpio_set_pulls
                0x20000de0       0x38 CMakeFiles/Framethrower_Denise.dir/C_/Users/claud/.pico-sdk/sdk/2.1.1/src/rp2_common/hardware_gpio/gpio.c.obj
                0x20000de0                gpio_set_pulls
 .text.gpio_set_input_hysteresis_enabled
                0x20000e18       0x28 CMakeFiles/Framethrower_Denise.dir/C_/Users/claud/.pico-sdk/sdk/2.1.1/src/rp2_common/hardware_gpio/gpio.c.obj
                0x20000e18                gpio_set_input_hysteresis_enabled
 .text.gpio_set_slew_rate
                0x20000e40       0x1c CMakeFiles/Framethrower_Denise.dir/C_/Users/claud/.pico-sdk/sdk/2.1.1/src/rp2_common/hardware_gpio/gpio.c.obj
                0x20000e40                gpio_set_slew_rate
 .text.gpio_set_drive_strength
                0x20000e5c       0x20 CMakeFiles/Framethrower_Denise.dir/C_/Users/claud/.pico-sdk/sdk/2.1.1/src/rp2_common/hardware_gpio/gpio.c.obj
                0x20000e5c                gpio_set_drive_strength
 .text.gpio_init
                0x20000e7c       0x16 CMakeFiles/Framethrower_Denise.dir/C_/Users/claud/.pico-sdk/sdk/2.1.1/src/rp2_common/hardware_gpio/gpio.c.obj
                0x20000e7c                gpio_init
 *fill*         0x20000e92        0x2 
 .text.panic    0x20000e94       0x30 CMakeFiles/Framethrower_Denise.dir/C_/Users/claud/.pico-sdk/sdk/2.1.1/src/rp2_common/pico_platform_panic/panic.c.obj
                0x20000e94                panic
 .text.hw_claim_lock
                0x20000ec4       0x24 CMakeFiles/Framethrower_Denise.dir/C_/Users/claud/.pico-sdk/sdk/2.1.1/src/common/hardware_claim/claim.c.obj
                0x20000ec4                hw_claim_lock
 .text.hw_claim_unlock
                0x20000ee8       0x14 CMakeFiles/Framethrower_Denise.dir/C_/Users/claud/.pico-sdk/sdk/2.1.1/src/common/hardware_claim/claim.c.obj
                0x20000ee8                hw_claim_unlock
 .text.hw_claim_or_assert
                0x20000efc       0x32 CMakeFiles/Framethrower_Denise.dir/C_/Users/claud/.pico-sdk/sdk/2.1.1/src/common/hardware_claim/claim.c.obj
                0x20000efc                hw_claim_or_assert
 .text.hw_claim_unused_from_range
                0x20000f2e       0x4e CMakeFiles/Framethrower_Denise.dir/C_/Users/claud/.pico-sdk/sdk/2.1.1/src/common/hardware_claim/claim.c.obj
                0x20000f2e                hw_claim_unused_from_range
 .text.next_striped_spin_lock_num
                0x20000f7c       0x1c CMakeFiles/Framethrower_Denise.dir/C_/Users/claud/.pico-sdk/sdk/2.1.1/src/rp2_common/hardware_sync/sync.c.obj
                0x20000f7c                next_striped_spin_lock_num
 .text.spinlock_set_extexclall
                0x20000f98        0xe CMakeFiles/Framethrower_Denise.dir/C_/Users/claud/.pico-sdk/sdk/2.1.1/src/rp2_common/hardware_sync_spin_lock/sync_spin_lock.c.obj
 *fill*         0x20000fa6        0x2 
 .text.spin_locks_reset
                0x20000fa8       0x1c CMakeFiles/Framethrower_Denise.dir/C_/Users/claud/.pico-sdk/sdk/2.1.1/src/rp2_common/hardware_sync_spin_lock/sync_spin_lock.c.obj
                0x20000fa8                spin_locks_reset
 .text.set_raw_irq_handler_and_unlock
                0x20000fc4       0x24 CMakeFiles/Framethrower_Denise.dir/C_/Users/claud/.pico-sdk/sdk/2.1.1/src/rp2_common/hardware_irq/irq.c.obj
 .text.nvic_ipr0
                0x20000fe8        0x8 CMakeFiles/Framethrower_Denise.dir/C_/Users/claud/.pico-sdk/sdk/2.1.1/src/rp2_common/hardware_irq/irq.c.obj
 .text.runtime_init_per_core_irq_priorities
                0x20000ff0       0x1a CMakeFiles/Framethrower_Denise.dir/C_/Users/claud/.pico-sdk/sdk/2.1.1/src/rp2_common/hardware_irq/irq.c.obj
                0x20000ff0                runtime_init_per_core_irq_priorities
 *fill*         0x2000100a        0x2 
 .text.irq_is_enabled
                0x2000100c       0x20 CMakeFiles/Framethrower_Denise.dir/C_/Users/claud/.pico-sdk/sdk/2.1.1/src/rp2_common/hardware_irq/irq.c.obj
                0x2000100c                irq_is_enabled
 .text.irq_set_mask_n_enabled
                0x2000102c       0x20 CMakeFiles/Framethrower_Denise.dir/C_/Users/claud/.pico-sdk/sdk/2.1.1/src/rp2_common/hardware_irq/irq.c.obj
                0x2000102c                irq_set_mask_n_enabled
 .text.irq_set_enabled
                0x2000104c       0x14 CMakeFiles/Framethrower_Denise.dir/C_/Users/claud/.pico-sdk/sdk/2.1.1/src/rp2_common/hardware_irq/irq.c.obj
                0x2000104c                irq_set_enabled
 .text.irq_get_vtable_handler
                0x20001060       0x10 CMakeFiles/Framethrower_Denise.dir/C_/Users/claud/.pico-sdk/sdk/2.1.1/src/rp2_common/hardware_irq/irq.c.obj
                0x20001060                irq_get_vtable_handler
 .text.irq_set_exclusive_handler
                0x20001070       0x60 CMakeFiles/Framethrower_Denise.dir/C_/Users/claud/.pico-sdk/sdk/2.1.1/src/rp2_common/hardware_irq/irq.c.obj
                0x20001070                irq_set_exclusive_handler
 .text.lock_init
                0x200010d0        0xc CMakeFiles/Framethrower_Denise.dir/C_/Users/claud/.pico-sdk/sdk/2.1.1/src/common/pico_sync/lock_core.c.obj
                0x200010d0                lock_init
 .text.mutex_init
                0x200010dc       0x1a CMakeFiles/Framethrower_Denise.dir/C_/Users/claud/.pico-sdk/sdk/2.1.1/src/common/pico_sync/mutex.c.obj
                0x200010dc                mutex_init
 .text.recursive_mutex_init
                0x200010f6       0x1e CMakeFiles/Framethrower_Denise.dir/C_/Users/claud/.pico-sdk/sdk/2.1.1/src/common/pico_sync/mutex.c.obj
                0x200010f6                recursive_mutex_init
 .text.runtime_init_mutex
                0x20001114       0x4c CMakeFiles/Framethrower_Denise.dir/C_/Users/claud/.pico-sdk/sdk/2.1.1/src/common/pico_sync/mutex.c.obj
                0x20001114                runtime_init_mutex
 .text.ta_from_current_irq
                0x20001160       0x24 CMakeFiles/Framethrower_Denise.dir/C_/Users/claud/.pico-sdk/sdk/2.1.1/src/common/pico_time/time.c.obj
 .text.ta_set_timeout
                0x20001184       0x2a CMakeFiles/Framethrower_Denise.dir/C_/Users/claud/.pico-sdk/sdk/2.1.1/src/common/pico_time/time.c.obj
 .text.make_alarm_id
                0x200011ae        0x6 CMakeFiles/Framethrower_Denise.dir/C_/Users/claud/.pico-sdk/sdk/2.1.1/src/common/pico_time/time.c.obj
 .text.sleep_until_callback
                0x200011b4       0x3c CMakeFiles/Framethrower_Denise.dir/C_/Users/claud/.pico-sdk/sdk/2.1.1/src/common/pico_time/time.c.obj
 .text.alarm_pool_irq_handler
                0x200011f0      0x2ec CMakeFiles/Framethrower_Denise.dir/C_/Users/claud/.pico-sdk/sdk/2.1.1/src/common/pico_time/time.c.obj
 .text.ta_enable_irq_handler
                0x200014dc       0x38 CMakeFiles/Framethrower_Denise.dir/C_/Users/claud/.pico-sdk/sdk/2.1.1/src/common/pico_time/time.c.obj
 .text.alarm_pool_post_alloc_init
                0x20001514       0x7c CMakeFiles/Framethrower_Denise.dir/C_/Users/claud/.pico-sdk/sdk/2.1.1/src/common/pico_time/time.c.obj
 .text.alarm_pool_get_default
                0x20001590       0x28 CMakeFiles/Framethrower_Denise.dir/C_/Users/claud/.pico-sdk/sdk/2.1.1/src/common/pico_time/time.c.obj
                0x20001590                alarm_pool_get_default
 .text.alarm_pool_add_alarm_at_force_in_context
                0x200015b8       0xc0 CMakeFiles/Framethrower_Denise.dir/C_/Users/claud/.pico-sdk/sdk/2.1.1/src/common/pico_time/time.c.obj
                0x200015b8                alarm_pool_add_alarm_at_force_in_context
 .text.alarm_pool_add_alarm_at
                0x20001678       0x38 CMakeFiles/Framethrower_Denise.dir/C_/Users/claud/.pico-sdk/sdk/2.1.1/src/common/pico_time/time.c.obj
                0x20001678                alarm_pool_add_alarm_at
 .text.add_alarm_at
                0x200016b0       0x26 CMakeFiles/Framethrower_Denise.dir/C_/Users/claud/.pico-sdk/sdk/2.1.1/src/common/pico_time/time.c.obj
 .text.alarm_pool_cancel_alarm
                0x200016d6       0x72 CMakeFiles/Framethrower_Denise.dir/C_/Users/claud/.pico-sdk/sdk/2.1.1/src/common/pico_time/time.c.obj
                0x200016d6                alarm_pool_cancel_alarm
 .text.cancel_alarm
                0x20001748       0x10 CMakeFiles/Framethrower_Denise.dir/C_/Users/claud/.pico-sdk/sdk/2.1.1/src/common/pico_time/time.c.obj
 .text.best_effort_wfe_or_timeout
                0x20001758       0xfc CMakeFiles/Framethrower_Denise.dir/C_/Users/claud/.pico-sdk/sdk/2.1.1/src/common/pico_time/time.c.obj
                0x20001758                best_effort_wfe_or_timeout
 .text.alarm_pool_get_default_timer
                0x20001854        0x8 CMakeFiles/Framethrower_Denise.dir/C_/Users/claud/.pico-sdk/sdk/2.1.1/src/common/pico_time/time.c.obj
                0x20001854                alarm_pool_get_default_timer
 .text.runtime_init_default_alarm_pool
                0x2000185c       0x34 CMakeFiles/Framethrower_Denise.dir/C_/Users/claud/.pico-sdk/sdk/2.1.1/src/common/pico_time/time.c.obj
                0x2000185c                runtime_init_default_alarm_pool
 .text.timer_hardware_alarm_claim
                0x20001890       0x24 CMakeFiles/Framethrower_Denise.dir/C_/Users/claud/.pico-sdk/sdk/2.1.1/src/rp2_common/hardware_timer/timer.c.obj
                0x20001890                timer_hardware_alarm_claim
 .text.timer_time_us_64
                0x200018b4       0x10 CMakeFiles/Framethrower_Denise.dir/C_/Users/claud/.pico-sdk/sdk/2.1.1/src/rp2_common/hardware_timer/timer.c.obj
                0x200018b4                timer_time_us_64
 .text.time_us_64
                0x200018c4       0x10 CMakeFiles/Framethrower_Denise.dir/C_/Users/claud/.pico-sdk/sdk/2.1.1/src/rp2_common/hardware_timer/timer.c.obj
                0x200018c4                time_us_64
 .text.clock_configure_internal
                0x200018d4       0xb8 CMakeFiles/Framethrower_Denise.dir/C_/Users/claud/.pico-sdk/sdk/2.1.1/src/rp2_common/hardware_clocks/clocks.c.obj
 .text.clock_configure_undivided
                0x2000198c       0x12 CMakeFiles/Framethrower_Denise.dir/C_/Users/claud/.pico-sdk/sdk/2.1.1/src/rp2_common/hardware_clocks/clocks.c.obj
                0x2000198c                clock_configure_undivided
 *fill*         0x2000199e        0x2 
 .text.clock_get_hz
                0x200019a0        0xc CMakeFiles/Framethrower_Denise.dir/C_/Users/claud/.pico-sdk/sdk/2.1.1/src/rp2_common/hardware_clocks/clocks.c.obj
                0x200019a0                clock_get_hz
 .text.set_sys_clock_pll
                0x200019ac       0x64 CMakeFiles/Framethrower_Denise.dir/C_/Users/claud/.pico-sdk/sdk/2.1.1/src/rp2_common/hardware_clocks/clocks.c.obj
                0x200019ac                set_sys_clock_pll
 .text.check_sys_clock_khz
                0x20001a10       0x74 CMakeFiles/Framethrower_Denise.dir/C_/Users/claud/.pico-sdk/sdk/2.1.1/src/rp2_common/hardware_clocks/clocks.c.obj
                0x20001a10                check_sys_clock_khz
 .text.pll_init
                0x20001a84      0x108 CMakeFiles/Framethrower_Denise.dir/C_/Users/claud/.pico-sdk/sdk/2.1.1/src/rp2_common/hardware_pll/pll.c.obj
                0x20001a84                pll_init
 .text.watchdog_update
                0x20001b8c       0x14 CMakeFiles/Framethrower_Denise.dir/C_/Users/claud/.pico-sdk/sdk/2.1.1/src/rp2_common/hardware_watchdog/watchdog.c.obj
                0x20001b8c                watchdog_update
 .text._watchdog_enable
                0x20001ba0       0x6c CMakeFiles/Framethrower_Denise.dir/C_/Users/claud/.pico-sdk/sdk/2.1.1/src/rp2_common/hardware_watchdog/watchdog.c.obj
                0x20001ba0                _watchdog_enable
 .text.watchdog_enable
                0x20001c0c       0x18 CMakeFiles/Framethrower_Denise.dir/C_/Users/claud/.pico-sdk/sdk/2.1.1/src/rp2_common/hardware_watchdog/watchdog.c.obj
                0x20001c0c                watchdog_enable
 .text.tick_start
                0x20001c24       0x1c CMakeFiles/Framethrower_Denise.dir/C_/Users/claud/.pico-sdk/sdk/2.1.1/src/rp2_common/hardware_ticks/ticks.c.obj
                0x20001c24                tick_start
 .text.rom_func_lookup
                0x20001c40       0x1e CMakeFiles/Framethrower_Denise.dir/C_/Users/claud/.pico-sdk/sdk/2.1.1/src/rp2_common/pico_bootrom/bootrom.c.obj
                0x20001c40                rom_func_lookup
 *fill*         0x20001c5e        0x2 
 .text.runtime_init_bootrom_locking_enable
                0x20001c60       0x14 CMakeFiles/Framethrower_Denise.dir/C_/Users/claud/.pico-sdk/sdk/2.1.1/src/rp2_common/pico_bootrom/bootrom_lock.c.obj
                0x20001c60                runtime_init_bootrom_locking_enable
 .text.boot_locks_reset
                0x20001c74       0x20 CMakeFiles/Framethrower_Denise.dir/C_/Users/claud/.pico-sdk/sdk/2.1.1/src/rp2_common/hardware_boot_lock/boot_lock.c.obj
                0x20001c74                boot_locks_reset
 .text.runtime_init_boot_locks_reset
                0x20001c94        0x8 CMakeFiles/Framethrower_Denise.dir/C_/Users/claud/.pico-sdk/sdk/2.1.1/src/rp2_common/hardware_boot_lock/boot_lock.c.obj
                0x20001c94                runtime_init_boot_locks_reset
 .text.xosc_init
                0x20001c9c       0x28 CMakeFiles/Framethrower_Denise.dir/C_/Users/claud/.pico-sdk/sdk/2.1.1/src/rp2_common/hardware_xosc/xosc.c.obj
                0x20001c9c                xosc_init
 .text.runtime_run_initializers_from
                0x20001cc4       0x18 CMakeFiles/Framethrower_Denise.dir/C_/Users/claud/.pico-sdk/sdk/2.1.1/src/rp2_common/pico_runtime/runtime.c.obj
 .text.first_per_core_initializer
                0x20001cdc        0x2 CMakeFiles/Framethrower_Denise.dir/C_/Users/claud/.pico-sdk/sdk/2.1.1/src/rp2_common/pico_runtime/runtime.c.obj
 *fill*         0x20001cde        0x2 
 .text.runtime_run_initializers
                0x20001ce0       0x10 CMakeFiles/Framethrower_Denise.dir/C_/Users/claud/.pico-sdk/sdk/2.1.1/src/rp2_common/pico_runtime/runtime.c.obj
                0x20001ce0                runtime_run_initializers
 .text.runtime_run_per_core_initializers
                0x20001cf0       0x10 CMakeFiles/Framethrower_Denise.dir/C_/Users/claud/.pico-sdk/sdk/2.1.1/src/rp2_common/pico_runtime/runtime.c.obj
                0x20001cf0                runtime_run_per_core_initializers
 .text.runtime_init_early_resets
                0x20001d00       0x2c CMakeFiles/Framethrower_Denise.dir/C_/Users/claud/.pico-sdk/sdk/2.1.1/src/rp2_common/pico_runtime_init/runtime_init.c.obj
                0x20001d00                runtime_init_early_resets
 .text.runtime_init_usb_power_down
                0x20001d2c       0x20 CMakeFiles/Framethrower_Denise.dir/C_/Users/claud/.pico-sdk/sdk/2.1.1/src/rp2_common/pico_runtime_init/runtime_init.c.obj
                0x20001d2c                runtime_init_usb_power_down
 .text.runtime_init_per_core_enable_coprocessors
                0x20001d4c       0x1c CMakeFiles/Framethrower_Denise.dir/C_/Users/claud/.pico-sdk/sdk/2.1.1/src/rp2_common/pico_runtime_init/runtime_init.c.obj
                0x20001d4c                runtime_init_per_core_enable_coprocessors
 .text.runtime_init_post_clock_resets
                0x20001d68       0x20 CMakeFiles/Framethrower_Denise.dir/C_/Users/claud/.pico-sdk/sdk/2.1.1/src/rp2_common/pico_runtime_init/runtime_init.c.obj
                0x20001d68                runtime_init_post_clock_resets
 .text.runtime_init_bootrom_reset
                0x20001d88       0x12 CMakeFiles/Framethrower_Denise.dir/C_/Users/claud/.pico-sdk/sdk/2.1.1/src/rp2_common/pico_runtime_init/runtime_init.c.obj
                0x20001d88                runtime_init_bootrom_reset
 .text.runtime_init_per_core_bootrom_reset
                0x20001d9a       0x12 CMakeFiles/Framethrower_Denise.dir/C_/Users/claud/.pico-sdk/sdk/2.1.1/src/rp2_common/pico_runtime_init/runtime_init.c.obj
                0x20001d9a                runtime_init_per_core_bootrom_reset
 .text.runtime_init_spin_locks_reset
                0x20001dac        0x8 CMakeFiles/Framethrower_Denise.dir/C_/Users/claud/.pico-sdk/sdk/2.1.1/src/rp2_common/pico_runtime_init/runtime_init.c.obj
                0x20001dac                runtime_init_spin_locks_reset
 .text.runtime_init_install_ram_vector_table
                0x20001db4       0x20 CMakeFiles/Framethrower_Denise.dir/C_/Users/claud/.pico-sdk/sdk/2.1.1/src/rp2_common/pico_runtime_init/runtime_init.c.obj
                0x20001db4                runtime_init_install_ram_vector_table
 .text.start_all_ticks
                0x20001dd4       0x28 CMakeFiles/Framethrower_Denise.dir/C_/Users/claud/.pico-sdk/sdk/2.1.1/src/rp2_common/pico_runtime_init/runtime_init_clocks.c.obj
 .text.runtime_init_clocks
                0x20001dfc       0xc4 CMakeFiles/Framethrower_Denise.dir/C_/Users/claud/.pico-sdk/sdk/2.1.1/src/rp2_common/pico_runtime_init/runtime_init_clocks.c.obj
                0x20001dfc                runtime_init_clocks
 .text.__rp2350_dcp_engaged_state_save_restore
                0x20001ec0       0x3a CMakeFiles/Framethrower_Denise.dir/C_/Users/claud/.pico-sdk/sdk/2.1.1/src/rp2_common/pico_double/double_aeabi_dcp.S.obj
 *fill*         0x20001efa        0x2 
 .text.__wrap___aeabi_dadd
                0x20001efc       0x28 CMakeFiles/Framethrower_Denise.dir/C_/Users/claud/.pico-sdk/sdk/2.1.1/src/rp2_common/pico_double/double_aeabi_dcp.S.obj
                0x20001f04                __wrap___aeabi_dadd
 .text.__wrap___aeabi_dsub
                0x20001f24       0x28 CMakeFiles/Framethrower_Denise.dir/C_/Users/claud/.pico-sdk/sdk/2.1.1/src/rp2_common/pico_double/double_aeabi_dcp.S.obj
                0x20001f2c                __wrap___aeabi_dsub
 .text.__wrap___aeabi_dmul
                0x20001f4c       0x4c CMakeFiles/Framethrower_Denise.dir/C_/Users/claud/.pico-sdk/sdk/2.1.1/src/rp2_common/pico_double/double_aeabi_dcp.S.obj
                0x20001f54                __wrap___aeabi_dmul
 .text.__wrap___aeabi_ddiv
                0x20001f98       0x9c CMakeFiles/Framethrower_Denise.dir/C_/Users/claud/.pico-sdk/sdk/2.1.1/src/rp2_common/pico_double/double_aeabi_dcp.S.obj
                0x20001fa0                __wrap___aeabi_ddiv
 .text.__wrap___aeabi_i2d
                0x20002034       0x24 CMakeFiles/Framethrower_Denise.dir/C_/Users/claud/.pico-sdk/sdk/2.1.1/src/rp2_common/pico_double/double_aeabi_dcp.S.obj
                0x2000203c                int2double
                0x2000203c                __wrap___aeabi_i2d
 .text.__wrap___aeabi_ui2d
                0x20002058       0x24 CMakeFiles/Framethrower_Denise.dir/C_/Users/claud/.pico-sdk/sdk/2.1.1/src/rp2_common/pico_double/double_aeabi_dcp.S.obj
                0x20002060                uint2double
                0x20002060                __wrap___aeabi_ui2d
 .text.__wrap___aeabi_d2iz
                0x2000207c       0x24 CMakeFiles/Framethrower_Denise.dir/C_/Users/claud/.pico-sdk/sdk/2.1.1/src/rp2_common/pico_double/double_aeabi_dcp.S.obj
                0x20002084                double2int_z
                0x20002084                __wrap___aeabi_d2iz
 .text.__wrap___aeabi_d2uiz
                0x200020a0       0x24 CMakeFiles/Framethrower_Denise.dir/C_/Users/claud/.pico-sdk/sdk/2.1.1/src/rp2_common/pico_double/double_aeabi_dcp.S.obj
                0x200020a8                double2uint
                0x200020a8                __wrap___aeabi_d2uiz
                0x200020a8                double2uint_z
 .text.__wrap___aeabi_dcmpun
                0x200020c4       0x24 CMakeFiles/Framethrower_Denise.dir/C_/Users/claud/.pico-sdk/sdk/2.1.1/src/rp2_common/pico_double/double_aeabi_dcp.S.obj
                0x200020cc                __wrap___aeabi_dcmpun
 .text.__wrap___aeabi_dcmplt
                0x200020e8       0x28 CMakeFiles/Framethrower_Denise.dir/C_/Users/claud/.pico-sdk/sdk/2.1.1/src/rp2_common/pico_double/double_aeabi_dcp.S.obj
                0x200020f0                __wrap___aeabi_dcmplt
 .text.__wrap___aeabi_dcmple
                0x20002110       0x28 CMakeFiles/Framethrower_Denise.dir/C_/Users/claud/.pico-sdk/sdk/2.1.1/src/rp2_common/pico_double/double_aeabi_dcp.S.obj
                0x20002118                __wrap___aeabi_dcmple
 .text.__wrap___aeabi_dcmpge
                0x20002138       0x28 CMakeFiles/Framethrower_Denise.dir/C_/Users/claud/.pico-sdk/sdk/2.1.1/src/rp2_common/pico_double/double_aeabi_dcp.S.obj
                0x20002140                __wrap___aeabi_dcmpge
 .text.__wrap___aeabi_dcmpgt
                0x20002160       0x28 CMakeFiles/Framethrower_Denise.dir/C_/Users/claud/.pico-sdk/sdk/2.1.1/src/rp2_common/pico_double/double_aeabi_dcp.S.obj
                0x20002168                __wrap___aeabi_dcmpgt
 .text._out_null
                0x20002188        0x2 CMakeFiles/Framethrower_Denise.dir/C_/Users/claud/.pico-sdk/sdk/2.1.1/src/rp2_common/pico_printf/printf.c.obj
 .text._out_fct
                0x2000218a        0xe CMakeFiles/Framethrower_Denise.dir/C_/Users/claud/.pico-sdk/sdk/2.1.1/src/rp2_common/pico_printf/printf.c.obj
 .text._atoi    0x20002198       0x26 CMakeFiles/Framethrower_Denise.dir/C_/Users/claud/.pico-sdk/sdk/2.1.1/src/rp2_common/pico_printf/printf.c.obj
 .text._out_rev
                0x200021be       0x7e CMakeFiles/Framethrower_Denise.dir/C_/Users/claud/.pico-sdk/sdk/2.1.1/src/rp2_common/pico_printf/printf.c.obj
 .text._ntoa_format
                0x2000223c      0x134 CMakeFiles/Framethrower_Denise.dir/C_/Users/claud/.pico-sdk/sdk/2.1.1/src/rp2_common/pico_printf/printf.c.obj
 .text._ntoa_long
                0x20002370       0x94 CMakeFiles/Framethrower_Denise.dir/C_/Users/claud/.pico-sdk/sdk/2.1.1/src/rp2_common/pico_printf/printf.c.obj
 .text._ntoa_long_long
                0x20002404       0xc2 CMakeFiles/Framethrower_Denise.dir/C_/Users/claud/.pico-sdk/sdk/2.1.1/src/rp2_common/pico_printf/printf.c.obj
 *fill*         0x200024c6        0x2 
 .text._etoa    0x200024c8      0x420 CMakeFiles/Framethrower_Denise.dir/C_/Users/claud/.pico-sdk/sdk/2.1.1/src/rp2_common/pico_printf/printf.c.obj
 .text._ftoa    0x200028e8      0x398 CMakeFiles/Framethrower_Denise.dir/C_/Users/claud/.pico-sdk/sdk/2.1.1/src/rp2_common/pico_printf/printf.c.obj
 .text._vsnprintf
                0x20002c80      0x6d8 CMakeFiles/Framethrower_Denise.dir/C_/Users/claud/.pico-sdk/sdk/2.1.1/src/rp2_common/pico_printf/printf.c.obj
 .text.vfctprintf
                0x20003358       0x24 CMakeFiles/Framethrower_Denise.dir/C_/Users/claud/.pico-sdk/sdk/2.1.1/src/rp2_common/pico_printf/printf.c.obj
                0x20003358                vfctprintf
 .text._exit    0x2000337c        0x4 CMakeFiles/Framethrower_Denise.dir/C_/Users/claud/.pico-sdk/sdk/2.1.1/src/rp2_common/pico_clib_interface/newlib_interface.c.obj
                0x2000337c                _exit
 .text.exit     0x20003380        0x6 CMakeFiles/Framethrower_Denise.dir/C_/Users/claud/.pico-sdk/sdk/2.1.1/src/rp2_common/pico_clib_interface/newlib_interface.c.obj
                0x20003380                exit
 *fill*         0x20003386        0x2 
 .text.__assert_func
                0x20003388       0x34 CMakeFiles/Framethrower_Denise.dir/C_/Users/claud/.pico-sdk/sdk/2.1.1/src/rp2_common/pico_clib_interface/newlib_interface.c.obj
                0x20003388                __assert_func
 .text.runtime_init
                0x200033bc       0x2c CMakeFiles/Framethrower_Denise.dir/C_/Users/claud/.pico-sdk/sdk/2.1.1/src/rp2_common/pico_clib_interface/newlib_interface.c.obj
                0x200033bc                runtime_init
 .text.stdio_out_chars_no_crlf
                0x200033e8        0xe CMakeFiles/Framethrower_Denise.dir/C_/Users/claud/.pico-sdk/sdk/2.1.1/src/rp2_common/pico_stdio/stdio.c.obj
 *fill*         0x200033f6        0x2 
 .text.stdio_out_chars_crlf
                0x200033f8       0x80 CMakeFiles/Framethrower_Denise.dir/C_/Users/claud/.pico-sdk/sdk/2.1.1/src/rp2_common/pico_stdio/stdio.c.obj
 .text.stdio_stack_buffer_flush
                0x20003478       0x40 CMakeFiles/Framethrower_Denise.dir/C_/Users/claud/.pico-sdk/sdk/2.1.1/src/rp2_common/pico_stdio/stdio.c.obj
 .text.stdio_buffered_printer
                0x200034b8       0x20 CMakeFiles/Framethrower_Denise.dir/C_/Users/claud/.pico-sdk/sdk/2.1.1/src/rp2_common/pico_stdio/stdio.c.obj
 .text.stdout_serialize_begin
                0x200034d8       0x2c CMakeFiles/Framethrower_Denise.dir/C_/Users/claud/.pico-sdk/sdk/2.1.1/src/rp2_common/pico_stdio/stdio.c.obj
                0x200034d8                stdout_serialize_begin
 .text.stdout_serialize_end
                0x20003504       0x10 CMakeFiles/Framethrower_Denise.dir/C_/Users/claud/.pico-sdk/sdk/2.1.1/src/rp2_common/pico_stdio/stdio.c.obj
                0x20003504                stdout_serialize_end
 .text.stdio_put_string
                0x20003514       0x8c CMakeFiles/Framethrower_Denise.dir/C_/Users/claud/.pico-sdk/sdk/2.1.1/src/rp2_common/pico_stdio/stdio.c.obj
                0x20003514                stdio_put_string
 .text.stdio_flush
                0x200035a0       0x1c CMakeFiles/Framethrower_Denise.dir/C_/Users/claud/.pico-sdk/sdk/2.1.1/src/rp2_common/pico_stdio/stdio.c.obj
                0x200035a0                stdio_flush
 .text.__wrap_puts
                0x200035bc       0x1e CMakeFiles/Framethrower_Denise.dir/C_/Users/claud/.pico-sdk/sdk/2.1.1/src/rp2_common/pico_stdio/stdio.c.obj
                0x200035bc                stdio_puts
                0x200035bc                __wrap_puts
 *fill*         0x200035da        0x2 
 .text.__wrap_vprintf
                0x200035dc       0x40 CMakeFiles/Framethrower_Denise.dir/C_/Users/claud/.pico-sdk/sdk/2.1.1/src/rp2_common/pico_stdio/stdio.c.obj
                0x200035dc                stdio_vprintf
                0x200035dc                __wrap_vprintf
 .text.__wrap_printf
                0x2000361c       0x1c CMakeFiles/Framethrower_Denise.dir/C_/Users/claud/.pico-sdk/sdk/2.1.1/src/rp2_common/pico_stdio/stdio.c.obj
                0x2000361c                __wrap_printf
                0x2000361c                stdio_printf
 .text.pio_get_default_sm_config
                0x20003638       0x2c CMakeFiles/Framethrower_Denise.dir/C_/Users/claud/.pico-sdk/sdk/2.1.1/src/rp2_common/hardware_pio/pio.c.obj
 .text.pio_sm_set_config
                0x20003664       0x84 CMakeFiles/Framethrower_Denise.dir/C_/Users/claud/.pico-sdk/sdk/2.1.1/src/rp2_common/hardware_pio/pio.c.obj
 .text.pio_set_gpio_base_unsafe
                0x200036e8       0x34 CMakeFiles/Framethrower_Denise.dir/C_/Users/claud/.pico-sdk/sdk/2.1.1/src/rp2_common/hardware_pio/pio.c.obj
 .text.is_gpio_compatible
                0x2000371c       0x22 CMakeFiles/Framethrower_Denise.dir/C_/Users/claud/.pico-sdk/sdk/2.1.1/src/rp2_common/hardware_pio/pio.c.obj
 .text.is_program_gpio_compatible
                0x2000373e        0xa CMakeFiles/Framethrower_Denise.dir/C_/Users/claud/.pico-sdk/sdk/2.1.1/src/rp2_common/hardware_pio/pio.c.obj
 .text.add_program_at_offset_check
                0x20003748       0x54 CMakeFiles/Framethrower_Denise.dir/C_/Users/claud/.pico-sdk/sdk/2.1.1/src/rp2_common/hardware_pio/pio.c.obj
 .text.add_program_at_offset
                0x2000379c       0x7c CMakeFiles/Framethrower_Denise.dir/C_/Users/claud/.pico-sdk/sdk/2.1.1/src/rp2_common/hardware_pio/pio.c.obj
 .text.find_offset_for_program
                0x20003818       0x78 CMakeFiles/Framethrower_Denise.dir/C_/Users/claud/.pico-sdk/sdk/2.1.1/src/rp2_common/hardware_pio/pio.c.obj
 .text.pio_claim_unused_sm
                0x20003890       0x38 CMakeFiles/Framethrower_Denise.dir/C_/Users/claud/.pico-sdk/sdk/2.1.1/src/rp2_common/hardware_pio/pio.c.obj
                0x20003890                pio_claim_unused_sm
 .text.pio_set_gpio_base
                0x200038c8       0x20 CMakeFiles/Framethrower_Denise.dir/C_/Users/claud/.pico-sdk/sdk/2.1.1/src/rp2_common/hardware_pio/pio.c.obj
                0x200038c8                pio_set_gpio_base
 .text.pio_add_program
                0x200038e8       0x30 CMakeFiles/Framethrower_Denise.dir/C_/Users/claud/.pico-sdk/sdk/2.1.1/src/rp2_common/hardware_pio/pio.c.obj
                0x200038e8                pio_add_program
 .text.pio_sm_set_consecutive_pindirs
                0x20003918       0x9e CMakeFiles/Framethrower_Denise.dir/C_/Users/claud/.pico-sdk/sdk/2.1.1/src/rp2_common/hardware_pio/pio.c.obj
                0x20003918                pio_sm_set_consecutive_pindirs
 .text.pio_sm_init
                0x200039b6       0x7e CMakeFiles/Framethrower_Denise.dir/C_/Users/claud/.pico-sdk/sdk/2.1.1/src/rp2_common/hardware_pio/pio.c.obj
                0x200039b6                pio_sm_init
 .text.core1_trampoline
                0x20003a34        0x2 CMakeFiles/Framethrower_Denise.dir/C_/Users/claud/.pico-sdk/sdk/2.1.1/src/rp2_common/pico_multicore/multicore.c.obj
 .text.core1_wrapper
                0x20003a36        0xc CMakeFiles/Framethrower_Denise.dir/C_/Users/claud/.pico-sdk/sdk/2.1.1/src/rp2_common/pico_multicore/multicore.c.obj
                0x20003a36                core1_wrapper
 .text.multicore_fifo_push_blocking
                0x20003a42       0x16 CMakeFiles/Framethrower_Denise.dir/C_/Users/claud/.pico-sdk/sdk/2.1.1/src/rp2_common/pico_multicore/multicore.c.obj
                0x20003a42                multicore_fifo_push_blocking
 .text.multicore_fifo_pop_blocking
                0x20003a58       0x18 CMakeFiles/Framethrower_Denise.dir/C_/Users/claud/.pico-sdk/sdk/2.1.1/src/rp2_common/pico_multicore/multicore.c.obj
                0x20003a58                multicore_fifo_pop_blocking
 .text.multicore_launch_core1_raw
                0x20003a70       0x7a CMakeFiles/Framethrower_Denise.dir/C_/Users/claud/.pico-sdk/sdk/2.1.1/src/rp2_common/pico_multicore/multicore.c.obj
                0x20003a70                multicore_launch_core1_raw
 *fill*         0x20003aea        0x2 
 .text.multicore_launch_core1_with_stack
                0x20003aec       0x50 CMakeFiles/Framethrower_Denise.dir/C_/Users/claud/.pico-sdk/sdk/2.1.1/src/rp2_common/pico_multicore/multicore.c.obj
                0x20003aec                multicore_launch_core1_with_stack
 .text.multicore_launch_core1
                0x20003b3c       0x24 CMakeFiles/Framethrower_Denise.dir/C_/Users/claud/.pico-sdk/sdk/2.1.1/src/rp2_common/pico_multicore/multicore.c.obj
                0x20003b3c                multicore_launch_core1
 .text          0x20003b60       0x30 C:/Users/claud/.pico-sdk/toolchain/14_2_Rel1/bin/../lib/gcc/arm-none-eabi/14.2.1/thumb/v8-m.main+fp/softfp\libgcc.a(_aeabi_uldivmod.o)
                0x20003b60                __aeabi_uldivmod
 .text.__udivmoddi4
                0x20003b90      0x34c C:/Users/claud/.pico-sdk/toolchain/14_2_Rel1/bin/../lib/gcc/arm-none-eabi/14.2.1/thumb/v8-m.main+fp/softfp\libgcc.a(_udivmoddi4.o)
                0x20003b90                __udivmoddi4
 .text          0x20003edc        0x4 C:/Users/claud/.pico-sdk/toolchain/14_2_Rel1/bin/../lib/gcc/arm-none-eabi/14.2.1/thumb/v8-m.main+fp/softfp\libgcc.a(_dvmd_tls.o)
                0x20003edc                __aeabi_idiv0
                0x20003edc                __aeabi_ldiv0
 .text.memset   0x20003ee0       0x9c C:/Users/claud/.pico-sdk/toolchain/14_2_Rel1/bin/../lib/gcc/arm-none-eabi/14.2.1/thumb/v8-m.main+fp/softfp\libg.a(libc_a-memset.o)
                0x20003ee0                memset
 .text          0x20003f7c       0xec C:/Users/claud/.pico-sdk/toolchain/14_2_Rel1/bin/../lib/gcc/arm-none-eabi/14.2.1/thumb/v8-m.main+fp/softfp\libg.a(libc_a-memcpy.o)
                0x20003f7c                memcpy
 .text.strlen   0x20004068       0x5c C:/Users/claud/.pico-sdk/toolchain/14_2_Rel1/bin/../lib/gcc/arm-none-eabi/14.2.1/thumb/v8-m.main+fp/softfp\libg.a(libc_a-strlen-stub.o)
                0x20004068                strlen
 *(.fini)
 .fini          0x200040c4        0x4 C:/Users/claud/.pico-sdk/toolchain/14_2_Rel1/bin/../lib/gcc/arm-none-eabi/14.2.1/thumb/v8-m.main+fp/softfp/crti.o
                0x200040c4                _fini
 *crtbegin.o(.ctors)
 *crtbegin?.o(.ctors)
 *(EXCLUDE_FILE(*crtend.o *crtend?.o) .ctors)
 *(SORT_BY_NAME(.ctors.*))
 *(.ctors)
 *crtbegin.o(.dtors)
 *crtbegin?.o(.dtors)
 *(EXCLUDE_FILE(*crtend.o *crtend?.o) .dtors)
 *(SORT_BY_NAME(.dtors.*))
 *(.dtors)
 *(.eh_frame*)
 .eh_frame      0x200040c8        0x0 C:/Users/claud/.pico-sdk/toolchain/14_2_Rel1/bin/../lib/gcc/arm-none-eabi/14.2.1/thumb/v8-m.main+fp/softfp/crtbegin.o
                0x200040c8                        . = ALIGN (0x4)
                0x200040c8                        __ram_text_end__ = .
                0x10000220                        __ram_text_source__ = LOADADDR (.text)

.glue_7         0x200040c8        0x0 load address 0x100041d8
 .glue_7        0x200040c8        0x0 linker stubs

.glue_7t        0x200040c8        0x0 load address 0x100041d8
 .glue_7t       0x200040c8        0x0 linker stubs

.vfp11_veneer   0x200040c8        0x0 load address 0x100041d8
 .vfp11_veneer  0x200040c8        0x0 linker stubs

.v4_bx          0x200040c8        0x0 load address 0x100041d8
 .v4_bx         0x200040c8        0x0 linker stubs

.iplt           0x200040c8        0x0 load address 0x100041d8
 .iplt          0x200040c8        0x0 C:/Users/claud/.pico-sdk/toolchain/14_2_Rel1/bin/../lib/gcc/arm-none-eabi/14.2.1/thumb/v8-m.main+fp/softfp/crtbegin.o
                0x200040c8                        . = ALIGN (0x4)

.data           0x200040c8     0x19f4 load address 0x100041d8
                0x200040c8                        __data_start__ = .
 *(vtable)
 *(.time_critical*)
 .time_critical.pio_video_irq_handler
                0x200040c8       0xac CMakeFiles/Framethrower_Denise.dir/Framethrower_Denise.c.obj
                0x200040c8                pio_video_irq_handler
 .time_critical.pio_rga_irq_handler
                0x20004174       0xbc CMakeFiles/Framethrower_Denise.dir/Framethrower_Denise.c.obj
                0x20004174                pio_rga_irq_handler
 .time_critical.get_pio_line
                0x20004230       0xd8 CMakeFiles/Framethrower_Denise.dir/Framethrower_Denise.c.obj
                0x20004230                get_pio_line
 .time_critical.main
                0x20004308      0x58c CMakeFiles/Framethrower_Denise.dir/Framethrower_Denise.c.obj
                0x20004308                main
 .time_critical.dma_handler
                0x20004894       0x12 CMakeFiles/Framethrower_Denise.dir/mipi.c.obj
                0x20004894                dma_handler
 .time_critical.mipiCsiFrameStart
                0x200048a6       0x24 CMakeFiles/Framethrower_Denise.dir/mipi.c.obj
                0x200048a6                mipiCsiFrameStart
 *fill*         0x200048ca        0x2 
 .time_critical.mipiCsiFrameEnd
                0x200048cc       0x2c CMakeFiles/Framethrower_Denise.dir/mipi.c.obj
                0x200048cc                mipiCsiFrameEnd
 .time_critical.mipiCsiSendLong
                0x200048f8       0x50 CMakeFiles/Framethrower_Denise.dir/mipi.c.obj
                0x200048f8                mipiCsiSendLong
 .time_critical.calc_crc
                0x20004948       0x16 CMakeFiles/Framethrower_Denise.dir/rga_device.c.obj
 *fill*         0x2000495e        0x2 
 .time_critical.perform_update_and_reboot
                0x20004960       0x44 CMakeFiles/Framethrower_Denise.dir/rga_device.c.obj
                0x20004960                perform_update_and_reboot
 .time_critical.process_complete_packet
                0x200049a4      0x198 CMakeFiles/Framethrower_Denise.dir/rga_device.c.obj
 .time_critical.rga_process_20ms
                0x20004b3c       0xb0 CMakeFiles/Framethrower_Denise.dir/rga_device.c.obj
                0x20004b3c                rga_process_20ms
 .time_critical.mutex_try_enter
                0x20004bec       0x58 CMakeFiles/Framethrower_Denise.dir/C_/Users/claud/.pico-sdk/sdk/2.1.1/src/common/pico_sync/mutex.c.obj
                0x20004bec                mutex_try_enter
 .time_critical.mutex_enter_block_until
                0x20004c44       0x84 CMakeFiles/Framethrower_Denise.dir/C_/Users/claud/.pico-sdk/sdk/2.1.1/src/common/pico_sync/mutex.c.obj
                0x20004c44                mutex_enter_block_until
 .time_critical.mutex_try_enter_block_until
                0x20004cc8       0x32 CMakeFiles/Framethrower_Denise.dir/C_/Users/claud/.pico-sdk/sdk/2.1.1/src/common/pico_sync/mutex.c.obj
                0x20004cc8                mutex_try_enter_block_until
 *fill*         0x20004cfa        0x2 
 .time_critical.mutex_exit
                0x20004cfc       0x58 CMakeFiles/Framethrower_Denise.dir/C_/Users/claud/.pico-sdk/sdk/2.1.1/src/common/pico_sync/mutex.c.obj
                0x20004cfc                mutex_exit
 .time_critical.flash_init_boot2_copyout
                0x20004d54       0x34 CMakeFiles/Framethrower_Denise.dir/C_/Users/claud/.pico-sdk/sdk/2.1.1/src/rp2_common/hardware_flash/flash.c.obj
 .time_critical.flash_enable_xip_via_boot2
                0x20004d88        0xc CMakeFiles/Framethrower_Denise.dir/C_/Users/claud/.pico-sdk/sdk/2.1.1/src/rp2_common/hardware_flash/flash.c.obj
 .time_critical.flash_rp2350_save_qmi_cs1
                0x20004d94       0x14 CMakeFiles/Framethrower_Denise.dir/C_/Users/claud/.pico-sdk/sdk/2.1.1/src/rp2_common/hardware_flash/flash.c.obj
 .time_critical.flash_devinfo_ptr
                0x20004da8       0x30 CMakeFiles/Framethrower_Denise.dir/C_/Users/claud/.pico-sdk/sdk/2.1.1/src/rp2_common/hardware_flash/flash.c.obj
 .time_critical.flash_devinfo_get_cs_size
                0x20004dd8       0x16 CMakeFiles/Framethrower_Denise.dir/C_/Users/claud/.pico-sdk/sdk/2.1.1/src/rp2_common/hardware_flash/flash.c.obj
                0x20004dd8                flash_devinfo_get_cs_size
 *fill*         0x20004dee        0x2 
 .time_critical.flash_rp2350_restore_qmi_cs1
                0x20004df0       0x30 CMakeFiles/Framethrower_Denise.dir/C_/Users/claud/.pico-sdk/sdk/2.1.1/src/rp2_common/hardware_flash/flash.c.obj
 .time_critical.flash_range_erase
                0x20004e20      0x114 CMakeFiles/Framethrower_Denise.dir/C_/Users/claud/.pico-sdk/sdk/2.1.1/src/rp2_common/hardware_flash/flash.c.obj
                0x20004e20                flash_range_erase
 .time_critical.flash_range_program
                0x20004f34      0x114 CMakeFiles/Framethrower_Denise.dir/C_/Users/claud/.pico-sdk/sdk/2.1.1/src/rp2_common/hardware_flash/flash.c.obj
                0x20004f34                flash_range_program
 .time_critical.xip_cache_maintain
                0x20005048       0x22 CMakeFiles/Framethrower_Denise.dir/C_/Users/claud/.pico-sdk/sdk/2.1.1/src/rp2_common/hardware_xip_cache/xip_cache.c.obj
 *fill*         0x2000506a        0x2 
 .time_critical.xip_cache_clean_all
                0x2000506c       0x14 CMakeFiles/Framethrower_Denise.dir/C_/Users/claud/.pico-sdk/sdk/2.1.1/src/rp2_common/hardware_xip_cache/xip_cache.c.obj
                0x2000506c                xip_cache_clean_all
                0x20005080                        . = ALIGN (0x4)
 *(.rodata*)
 .rodata.str1.4
                0x20005080      0x74d CMakeFiles/Framethrower_Denise.dir/Framethrower_Denise.c.obj
                                 0x32 (size before relaxing)
 *fill*         0x200057cd        0x3 
 .rodata.rga_write_program
                0x200057d0        0x8 CMakeFiles/Framethrower_Denise.dir/Framethrower_Denise.c.obj
 .rodata.rga_write_program_instructions
                0x200057d8       0x16 CMakeFiles/Framethrower_Denise.dir/Framethrower_Denise.c.obj
 *fill*         0x200057ee        0x2 
 .rodata.rga_read_program
                0x200057f0        0x8 CMakeFiles/Framethrower_Denise.dir/Framethrower_Denise.c.obj
 .rodata.rga_read_program_instructions
                0x200057f8       0x16 CMakeFiles/Framethrower_Denise.dir/Framethrower_Denise.c.obj
 *fill*         0x2000580e        0x2 
 .rodata.vsync_detect_program
                0x20005810        0x8 CMakeFiles/Framethrower_Denise.dir/Framethrower_Denise.c.obj
 .rodata.vsync_detect_program_instructions
                0x20005818       0x20 CMakeFiles/Framethrower_Denise.dir/Framethrower_Denise.c.obj
 .rodata.video_capture_program
                0x20005838        0x8 CMakeFiles/Framethrower_Denise.dir/Framethrower_Denise.c.obj
 .rodata.video_capture_program_instructions
                0x20005840       0x12 CMakeFiles/Framethrower_Denise.dir/Framethrower_Denise.c.obj
 .rodata.channel_config_set_chain_to.str1.4
                0x20005852       0x76 CMakeFiles/Framethrower_Denise.dir/mipi.c.obj
 .rodata.str1.4
                0x20005852        0x6 CMakeFiles/Framethrower_Denise.dir/mipi.c.obj
 *fill*         0x20005852        0x2 
 .rodata.__func__.4
                0x20005854       0x1c CMakeFiles/Framethrower_Denise.dir/mipi.c.obj
 .rodata        0x20005870        0x5 CMakeFiles/Framethrower_Denise.dir/mipi.c.obj
 .rodata.panic.str1.4
                0x20005875       0x12 CMakeFiles/Framethrower_Denise.dir/C_/Users/claud/.pico-sdk/sdk/2.1.1/src/rp2_common/pico_platform_panic/panic.c.obj
 .rodata.resolve_j_16.str1.4
                0x20005875       0x5d CMakeFiles/Framethrower_Denise.dir/C_/Users/claud/.pico-sdk/sdk/2.1.1/src/rp2_common/hardware_irq/irq.c.obj
 .rodata.irq_set_exclusive_handler.str1.4
                0x20005875       0x36 CMakeFiles/Framethrower_Denise.dir/C_/Users/claud/.pico-sdk/sdk/2.1.1/src/rp2_common/hardware_irq/irq.c.obj
 *fill*         0x20005875        0x3 
 .rodata.__func__.6
                0x20005878       0x1a CMakeFiles/Framethrower_Denise.dir/C_/Users/claud/.pico-sdk/sdk/2.1.1/src/rp2_common/hardware_irq/irq.c.obj
 .rodata.runtime_init_mutex.str1.4
                0x20005892       0x60 CMakeFiles/Framethrower_Denise.dir/C_/Users/claud/.pico-sdk/sdk/2.1.1/src/common/pico_sync/mutex.c.obj
 .rodata.str1.4
                0x20005892       0x51 CMakeFiles/Framethrower_Denise.dir/C_/Users/claud/.pico-sdk/sdk/2.1.1/src/common/pico_sync/mutex.c.obj
 *fill*         0x20005892        0x2 
 .rodata.__func__.1
                0x20005894        0xb CMakeFiles/Framethrower_Denise.dir/C_/Users/claud/.pico-sdk/sdk/2.1.1/src/common/pico_sync/mutex.c.obj
 *fill*         0x2000589f        0x1 
 .rodata.__func__.3
                0x200058a0       0x18 CMakeFiles/Framethrower_Denise.dir/C_/Users/claud/.pico-sdk/sdk/2.1.1/src/common/pico_sync/mutex.c.obj
 .rodata.__func__.6
                0x200058b8       0x13 CMakeFiles/Framethrower_Denise.dir/C_/Users/claud/.pico-sdk/sdk/2.1.1/src/common/pico_sync/mutex.c.obj
 .rodata.alarm_pool_irq_handler.str1.4
                0x200058cb       0x6b CMakeFiles/Framethrower_Denise.dir/C_/Users/claud/.pico-sdk/sdk/2.1.1/src/common/pico_time/time.c.obj
 .rodata.alarm_pool_get_default.str1.4
                0x200058cb       0x21 CMakeFiles/Framethrower_Denise.dir/C_/Users/claud/.pico-sdk/sdk/2.1.1/src/common/pico_time/time.c.obj
 *fill*         0x200058cb        0x1 
 .rodata.__func__.1
                0x200058cc       0x17 CMakeFiles/Framethrower_Denise.dir/C_/Users/claud/.pico-sdk/sdk/2.1.1/src/common/pico_time/time.c.obj
 *fill*         0x200058e3        0x1 
 .rodata.__func__.2
                0x200058e4       0x17 CMakeFiles/Framethrower_Denise.dir/C_/Users/claud/.pico-sdk/sdk/2.1.1/src/common/pico_time/time.c.obj
 .rodata.timer_hardware_alarm_claim.str1.4
                0x200058fb       0x22 CMakeFiles/Framethrower_Denise.dir/C_/Users/claud/.pico-sdk/sdk/2.1.1/src/rp2_common/hardware_timer/timer.c.obj
 .rodata.pll_init.str1.4
                0x200058fb      0x11c CMakeFiles/Framethrower_Denise.dir/C_/Users/claud/.pico-sdk/sdk/2.1.1/src/rp2_common/hardware_pll/pll.c.obj
 *fill*         0x200058fb        0x1 
 .rodata.__func__.0
                0x200058fc        0x9 CMakeFiles/Framethrower_Denise.dir/C_/Users/claud/.pico-sdk/sdk/2.1.1/src/rp2_common/hardware_pll/pll.c.obj
 .rodata.str1.4
                0x20005905       0x58 CMakeFiles/Framethrower_Denise.dir/C_/Users/claud/.pico-sdk/sdk/2.1.1/src/rp2_common/pico_standard_binary_info/standard_binary_info.c.obj
 *fill*         0x20005905        0x3 
 .rodata.__bi_84
                0x20005908        0xc CMakeFiles/Framethrower_Denise.dir/C_/Users/claud/.pico-sdk/sdk/2.1.1/src/rp2_common/pico_standard_binary_info/standard_binary_info.c.obj
 .rodata.__bi_78
                0x20005914        0xc CMakeFiles/Framethrower_Denise.dir/C_/Users/claud/.pico-sdk/sdk/2.1.1/src/rp2_common/pico_standard_binary_info/standard_binary_info.c.obj
 .rodata.__bi_60
                0x20005920        0xc CMakeFiles/Framethrower_Denise.dir/C_/Users/claud/.pico-sdk/sdk/2.1.1/src/rp2_common/pico_standard_binary_info/standard_binary_info.c.obj
 .rodata.__bi_54
                0x2000592c        0xc CMakeFiles/Framethrower_Denise.dir/C_/Users/claud/.pico-sdk/sdk/2.1.1/src/rp2_common/pico_standard_binary_info/standard_binary_info.c.obj
 .rodata.__bi_48
                0x20005938        0xc CMakeFiles/Framethrower_Denise.dir/C_/Users/claud/.pico-sdk/sdk/2.1.1/src/rp2_common/pico_standard_binary_info/standard_binary_info.c.obj
 .rodata.__bi_42
                0x20005944        0xc CMakeFiles/Framethrower_Denise.dir/C_/Users/claud/.pico-sdk/sdk/2.1.1/src/rp2_common/pico_standard_binary_info/standard_binary_info.c.obj
 .rodata.__bi_34
                0x20005950        0xc CMakeFiles/Framethrower_Denise.dir/C_/Users/claud/.pico-sdk/sdk/2.1.1/src/rp2_common/pico_standard_binary_info/standard_binary_info.c.obj
 .rodata.__bi_26
                0x2000595c        0xc CMakeFiles/Framethrower_Denise.dir/C_/Users/claud/.pico-sdk/sdk/2.1.1/src/rp2_common/pico_standard_binary_info/standard_binary_info.c.obj
 .rodata._ftoa.str1.4
                0x20005968       0x15 CMakeFiles/Framethrower_Denise.dir/C_/Users/claud/.pico-sdk/sdk/2.1.1/src/rp2_common/pico_printf/printf.c.obj
 .rodata.pow10.0
                0x20005968       0x50 CMakeFiles/Framethrower_Denise.dir/C_/Users/claud/.pico-sdk/sdk/2.1.1/src/rp2_common/pico_printf/printf.c.obj
 .rodata.__assert_func.str1.4
                0x200059b8       0x43 CMakeFiles/Framethrower_Denise.dir/C_/Users/claud/.pico-sdk/sdk/2.1.1/src/rp2_common/pico_clib_interface/newlib_interface.c.obj
 .rodata.crlf_str.0
                0x200059b8        0x2 CMakeFiles/Framethrower_Denise.dir/C_/Users/claud/.pico-sdk/sdk/2.1.1/src/rp2_common/pico_stdio/stdio.c.obj
 .rodata.find_offset_for_program.str1.4
                0x200059ba       0x71 CMakeFiles/Framethrower_Denise.dir/C_/Users/claud/.pico-sdk/sdk/2.1.1/src/rp2_common/hardware_pio/pio.c.obj
 .rodata.pio_claim_unused_sm.str1.4
                0x200059ba       0x24 CMakeFiles/Framethrower_Denise.dir/C_/Users/claud/.pico-sdk/sdk/2.1.1/src/rp2_common/hardware_pio/pio.c.obj
 *fill*         0x200059ba        0x2 
 .rodata.__func__.1
                0x200059bc       0x18 CMakeFiles/Framethrower_Denise.dir/C_/Users/claud/.pico-sdk/sdk/2.1.1/src/rp2_common/hardware_pio/pio.c.obj
 .rodata.str1.4
                0x200059d4      0x19d CMakeFiles/Framethrower_Denise.dir/C_/Users/claud/.pico-sdk/sdk/2.1.1/src/rp2_common/hardware_flash/flash.c.obj
 .rodata.__func__.0
                0x200059d4       0x12 CMakeFiles/Framethrower_Denise.dir/C_/Users/claud/.pico-sdk/sdk/2.1.1/src/rp2_common/hardware_flash/flash.c.obj
 *fill*         0x200059e6        0x2 
 .rodata.__func__.2
                0x200059e8       0x14 CMakeFiles/Framethrower_Denise.dir/C_/Users/claud/.pico-sdk/sdk/2.1.1/src/rp2_common/hardware_flash/flash.c.obj
 .rodata.__func__.3
                0x200059fc       0x12 CMakeFiles/Framethrower_Denise.dir/C_/Users/claud/.pico-sdk/sdk/2.1.1/src/rp2_common/hardware_flash/flash.c.obj
 .rodata.multicore_lockout_start_block_until.str1.4
                0x20005a0e       0x65 CMakeFiles/Framethrower_Denise.dir/C_/Users/claud/.pico-sdk/sdk/2.1.1/src/rp2_common/pico_multicore/multicore.c.obj
 .rodata.multicore_launch_core1_with_stack.str1.4
                0x20005a0e       0x19 CMakeFiles/Framethrower_Denise.dir/C_/Users/claud/.pico-sdk/sdk/2.1.1/src/rp2_common/pico_multicore/multicore.c.obj
 *fill*         0x20005a0e        0x2 
 .rodata.__func__.3
                0x20005a10       0x22 CMakeFiles/Framethrower_Denise.dir/C_/Users/claud/.pico-sdk/sdk/2.1.1/src/rp2_common/pico_multicore/multicore.c.obj
 *(.srodata*)
                0x20005a34                        . = ALIGN (0x4)
 *fill*         0x20005a32        0x2 
 *(.data*)
 .data.scanline_level_laced
                0x20005a34        0x4 CMakeFiles/Framethrower_Denise.dir/Framethrower_Denise.c.obj
                0x20005a34                scanline_level_laced
 .data.scanline_level
                0x20005a38        0x4 CMakeFiles/Framethrower_Denise.dir/Framethrower_Denise.c.obj
                0x20005a38                scanline_level
 .data.isPAL_prev
                0x20005a3c        0x1 CMakeFiles/Framethrower_Denise.dir/Framethrower_Denise.c.obj
                0x20005a3c                isPAL_prev
 .data.is_odd_field
                0x20005a3d        0x1 CMakeFiles/Framethrower_Denise.dir/Framethrower_Denise.c.obj
                0x20005a3d                is_odd_field
 .data.vsync_go
                0x20005a3e        0x1 CMakeFiles/Framethrower_Denise.dir/Framethrower_Denise.c.obj
                0x20005a3e                vsync_go
 .data.isPAL    0x20005a3f        0x1 CMakeFiles/Framethrower_Denise.dir/Framethrower_Denise.c.obj
                0x20005a3f                isPAL
 .data.pio_rga  0x20005a40        0x4 CMakeFiles/Framethrower_Denise.dir/Framethrower_Denise.c.obj
                0x20005a40                pio_rga
 .data.pio_video
                0x20005a44        0x4 CMakeFiles/Framethrower_Denise.dir/Framethrower_Denise.c.obj
                0x20005a44                pio_video
 .data.current_staging_addr
                0x20005a48        0x4 CMakeFiles/Framethrower_Denise.dir/rga_device.c.obj
                0x20005a48                current_staging_addr
 .data.waiting_for_stx
                0x20005a4c        0x1 CMakeFiles/Framethrower_Denise.dir/rga_device.c.obj
                0x20005a4c                waiting_for_stx
 .data.striped_spin_lock_num
                0x20005a4d        0x1 CMakeFiles/Framethrower_Denise.dir/C_/Users/claud/.pico-sdk/sdk/2.1.1/src/rp2_common/hardware_sync/sync.c.obj
 *fill*         0x20005a4e        0x2 
 .data.default_alarm_pool
                0x20005a50       0x18 CMakeFiles/Framethrower_Denise.dir/C_/Users/claud/.pico-sdk/sdk/2.1.1/src/common/pico_time/time.c.obj
 *(.sdata*)
                0x20005a68                        . = ALIGN (0x4)
 *(.after_data.*)
                0x20005a68                        . = ALIGN (0x4)
                0x20005a68                        PROVIDE (__mutex_array_start = .)
 *(SORT_BY_NAME(.mutex_array.*))
 *(.mutex_array)
 .mutex_array   0x20005a68        0x8 CMakeFiles/Framethrower_Denise.dir/C_/Users/claud/.pico-sdk/sdk/2.1.1/src/rp2_common/pico_malloc/malloc.c.obj
 .mutex_array   0x20005a70        0x8 CMakeFiles/Framethrower_Denise.dir/C_/Users/claud/.pico-sdk/sdk/2.1.1/src/rp2_common/pico_stdio/stdio.c.obj
                0x20005a78                        PROVIDE (__mutex_array_end = .)
                0x20005a78                        . = ALIGN (0x4)
                0x20005a78                        PROVIDE (__preinit_array_start = .)
 *(SORT_BY_NAME(.preinit_array.*))
 .preinit_array.00050
                0x20005a78        0x4 CMakeFiles/Framethrower_Denise.dir/C_/Users/claud/.pico-sdk/sdk/2.1.1/src/rp2_common/pico_runtime_init/runtime_init.c.obj
                0x20005a78                __pre_init_runtime_init_bootrom_reset
 .preinit_array.00100
                0x20005a7c        0x4 CMakeFiles/Framethrower_Denise.dir/C_/Users/claud/.pico-sdk/sdk/2.1.1/src/rp2_common/pico_runtime_init/runtime_init.c.obj
                0x20005a7c                __pre_init_runtime_init_early_resets
 .preinit_array.00101
                0x20005a80        0x4 CMakeFiles/Framethrower_Denise.dir/C_/Users/claud/.pico-sdk/sdk/2.1.1/src/rp2_common/pico_runtime_init/runtime_init.c.obj
                0x20005a80                __pre_init_runtime_init_usb_power_down
 .preinit_array.00500
                0x20005a84        0x4 CMakeFiles/Framethrower_Denise.dir/C_/Users/claud/.pico-sdk/sdk/2.1.1/src/rp2_common/pico_runtime_init/runtime_init.c.obj
                0x20005a84                __pre_init_runtime_init_clocks
 .preinit_array.00600
                0x20005a88        0x4 CMakeFiles/Framethrower_Denise.dir/C_/Users/claud/.pico-sdk/sdk/2.1.1/src/rp2_common/pico_runtime_init/runtime_init.c.obj
                0x20005a88                __pre_init_runtime_init_post_clock_resets
 .preinit_array.01000
                0x20005a8c        0x4 CMakeFiles/Framethrower_Denise.dir/C_/Users/claud/.pico-sdk/sdk/2.1.1/src/rp2_common/hardware_boot_lock/boot_lock.c.obj
                0x20005a8c                __pre_init_runtime_init_boot_locks_reset
 .preinit_array.01000
                0x20005a90        0x4 CMakeFiles/Framethrower_Denise.dir/C_/Users/claud/.pico-sdk/sdk/2.1.1/src/rp2_common/pico_runtime_init/runtime_init.c.obj
                0x20005a90                __pre_init_runtime_init_spin_locks_reset
 .preinit_array.01010
                0x20005a94        0x4 CMakeFiles/Framethrower_Denise.dir/C_/Users/claud/.pico-sdk/sdk/2.1.1/src/rp2_common/pico_bootrom/bootrom_lock.c.obj
                0x20005a94                __pre_init_runtime_init_bootrom_locking_enable
 .preinit_array.01100
                0x20005a98        0x4 CMakeFiles/Framethrower_Denise.dir/C_/Users/claud/.pico-sdk/sdk/2.1.1/src/common/pico_sync/mutex.c.obj
                0x20005a98                __pre_init_runtime_init_mutex
 .preinit_array.10080
                0x20005a9c        0x4 CMakeFiles/Framethrower_Denise.dir/C_/Users/claud/.pico-sdk/sdk/2.1.1/src/rp2_common/pico_runtime_init/runtime_init.c.obj
                0x20005a9c                __pre_init_runtime_init_install_ram_vector_table
 .preinit_array.11000
                0x20005aa0        0x4 CMakeFiles/Framethrower_Denise.dir/C_/Users/claud/.pico-sdk/sdk/2.1.1/src/common/pico_time/time.c.obj
                0x20005aa0                __pre_init_runtime_init_default_alarm_pool
 .preinit_array.YYYYY
                0x20005aa4        0x4 CMakeFiles/Framethrower_Denise.dir/C_/Users/claud/.pico-sdk/sdk/2.1.1/src/rp2_common/pico_runtime/runtime.c.obj
                0x20005aa4                __pre_init_first_per_core_initializer
 .preinit_array.ZZZZZ.00051
                0x20005aa8        0x4 CMakeFiles/Framethrower_Denise.dir/C_/Users/claud/.pico-sdk/sdk/2.1.1/src/rp2_common/pico_runtime_init/runtime_init.c.obj
                0x20005aa8                __pre_init_runtime_init_per_core_bootrom_reset
 .preinit_array.ZZZZZ.00200
                0x20005aac        0x4 CMakeFiles/Framethrower_Denise.dir/C_/Users/claud/.pico-sdk/sdk/2.1.1/src/rp2_common/pico_runtime_init/runtime_init.c.obj
                0x20005aac                __pre_init_runtime_init_per_core_enable_coprocessors
 .preinit_array.ZZZZZ.01000
                0x20005ab0        0x4 CMakeFiles/Framethrower_Denise.dir/C_/Users/claud/.pico-sdk/sdk/2.1.1/src/rp2_common/hardware_sync_spin_lock/sync_spin_lock.c.obj
                0x20005ab0                __pre_init_spinlock_set_extexclall
 .preinit_array.ZZZZZ.01200
                0x20005ab4        0x4 CMakeFiles/Framethrower_Denise.dir/C_/Users/claud/.pico-sdk/sdk/2.1.1/src/rp2_common/hardware_irq/irq.c.obj
                0x20005ab4                __pre_init_runtime_init_per_core_irq_priorities
 *(.preinit_array)
                0x20005ab8                        PROVIDE (__preinit_array_end = .)
                0x20005ab8                        . = ALIGN (0x4)
                0x20005ab8                        PROVIDE (__init_array_start = .)
 *(SORT_BY_NAME(.init_array.*))
 *(.init_array)
 .init_array    0x20005ab8        0x4 C:/Users/claud/.pico-sdk/toolchain/14_2_Rel1/bin/../lib/gcc/arm-none-eabi/14.2.1/thumb/v8-m.main+fp/softfp/crtbegin.o
                0x20005abc                        PROVIDE (__init_array_end = .)
                0x20005abc                        . = ALIGN (0x4)
                [!provide]                        PROVIDE (__fini_array_start = .)
 *(SORT_BY_NAME(.fini_array.*))
 *(.fini_array)
                [!provide]                        PROVIDE (__fini_array_end = .)
 *(.jcr)
                0x20005abc                        . = ALIGN (0x4)

.tm_clone_table
                0x20005abc        0x0 load address 0x10005bcc
 .tm_clone_table
                0x20005abc        0x0 C:/Users/claud/.pico-sdk/toolchain/14_2_Rel1/bin/../lib/gcc/arm-none-eabi/14.2.1/thumb/v8-m.main+fp/softfp/crtbegin.o
 .tm_clone_table
                0x20005abc        0x0 C:/Users/claud/.pico-sdk/toolchain/14_2_Rel1/bin/../lib/gcc/arm-none-eabi/14.2.1/thumb/v8-m.main+fp/softfp/crtend.o

.igot.plt       0x20005abc        0x0 load address 0x10005bcc
 .igot.plt      0x20005abc        0x0 C:/Users/claud/.pico-sdk/toolchain/14_2_Rel1/bin/../lib/gcc/arm-none-eabi/14.2.1/thumb/v8-m.main+fp/softfp/crtbegin.o

.tdata          0x20005abc        0x0 load address 0x10005bcc
                0x20005abc                        . = ALIGN (0x4)
 *(.tdata .tdata.* .gnu.linkonce.td.*)
                0x20005abc                        __tdata_end = .
                0x20005abc                        PROVIDE (__data_end__ = .)
                0x100041d8                        __etext = LOADADDR (.data)

.tbss           0x20005abc        0x0 load address 0x10005bcc
                0x20005abc                        . = ALIGN (0x4)
                0x20005abc                        __bss_start__ = .
                0x20005abc                        __tls_base = .
 *(.tbss .tbss.* .gnu.linkonce.tb.*)
 *(.tcommon)
                0x20005abc                        __tls_end = .

.bss            0x20005ac0    0x6a58c load address 0x10005bcc
                0x20005ac0                        . = ALIGN (0x4)
                0x20005ac0                        __tbss_end = .
 *(SORT_BY_ALIGNMENT(SORT_BY_NAME(.bss*)))
 .bss.default_alarm_pool_entries
                0x20005ac0      0x180 CMakeFiles/Framethrower_Denise.dir/C_/Users/claud/.pico-sdk/sdk/2.1.1/src/common/pico_time/time.c.obj
 .bss.line2     0x20005c40      0x5a0 CMakeFiles/Framethrower_Denise.dir/Framethrower_Denise.c.obj
                0x20005c40                line2
 .bss.temp_scanline
                0x200061e0      0x5a0 CMakeFiles/Framethrower_Denise.dir/Framethrower_Denise.c.obj
                0x200061e0                temp_scanline
 .bss._sw_spin_locks
                0x20006780       0x20 CMakeFiles/Framethrower_Denise.dir/C_/Users/claud/.pico-sdk/sdk/2.1.1/src/rp2_common/hardware_sync_spin_lock/sync_spin_lock.c.obj
                0x20006780                _sw_spin_locks
 .bss._used_instruction_space
                0x200067a0        0xc CMakeFiles/Framethrower_Denise.dir/C_/Users/claud/.pico-sdk/sdk/2.1.1/src/rp2_common/hardware_pio/pio.c.obj
 .bss.blackline
                0x200067ac      0x5a0 CMakeFiles/Framethrower_Denise.dir/Framethrower_Denise.c.obj
                0x200067ac                blackline
 .bss.boot2_copyout
                0x20006d4c      0x100 CMakeFiles/Framethrower_Denise.dir/C_/Users/claud/.pico-sdk/sdk/2.1.1/src/rp2_common/hardware_flash/flash.c.obj
 .bss.claimed   0x20006e4c        0x2 CMakeFiles/Framethrower_Denise.dir/C_/Users/claud/.pico-sdk/sdk/2.1.1/src/rp2_common/hardware_timer/timer.c.obj
 *fill*         0x20006e4e        0x2 
 .bss.claimed   0x20006e50        0x2 CMakeFiles/Framethrower_Denise.dir/C_/Users/claud/.pico-sdk/sdk/2.1.1/src/rp2_common/hardware_pio/pio.c.obj
 *fill*         0x20006e52        0x2 
 .bss.combined_buffer.0
                0x20006e54      0x5a7 CMakeFiles/Framethrower_Denise.dir/mipi.c.obj
 *fill*         0x200073fb        0x1 
 .bss.configured_freq
                0x200073fc       0x28 CMakeFiles/Framethrower_Denise.dir/C_/Users/claud/.pico-sdk/sdk/2.1.1/src/rp2_common/hardware_clocks/clocks.c.obj
 .bss.drivers   0x20007424        0x4 CMakeFiles/Framethrower_Denise.dir/C_/Users/claud/.pico-sdk/sdk/2.1.1/src/rp2_common/pico_stdio/stdio.c.obj
 .bss.filter    0x20007428        0x4 CMakeFiles/Framethrower_Denise.dir/C_/Users/claud/.pico-sdk/sdk/2.1.1/src/rp2_common/pico_stdio/stdio.c.obj
 .bss.flash_buf_idx
                0x2000742c        0x4 CMakeFiles/Framethrower_Denise.dir/rga_device.c.obj
                0x2000742c                flash_buf_idx
 .bss.flash_page_buf
                0x20007430      0x100 CMakeFiles/Framethrower_Denise.dir/rga_device.c.obj
                0x20007430                flash_page_buf
 .bss.framebuffer
                0x20007530    0x65400 CMakeFiles/Framethrower_Denise.dir/Framethrower_Denise.c.obj
                0x20007530                framebuffer
 .bss.last_total_lines
                0x2006c930        0x4 CMakeFiles/Framethrower_Denise.dir/Framethrower_Denise.c.obj
                0x2006c930                last_total_lines
 .bss.line1     0x2006c934      0x5a0 CMakeFiles/Framethrower_Denise.dir/Framethrower_Denise.c.obj
                0x2006c934                line1
 .bss.lines     0x2006ced4        0x4 CMakeFiles/Framethrower_Denise.dir/Framethrower_Denise.c.obj
                0x2006ced4                lines
 .bss.load_value
                0x2006ced8        0x4 CMakeFiles/Framethrower_Denise.dir/C_/Users/claud/.pico-sdk/sdk/2.1.1/src/rp2_common/hardware_watchdog/watchdog.c.obj
 .bss.object.0  0x2006cedc       0x18 C:/Users/claud/.pico-sdk/toolchain/14_2_Rel1/bin/../lib/gcc/arm-none-eabi/14.2.1/thumb/v8-m.main+fp/softfp/crtbegin.o
 .bss.pools     0x2006cef4       0x20 CMakeFiles/Framethrower_Denise.dir/C_/Users/claud/.pico-sdk/sdk/2.1.1/src/common/pico_time/time.c.obj
 .bss.ram_disk  0x2006cf14     0x2000 CMakeFiles/Framethrower_Denise.dir/rga_device.c.obj
                0x2006cf14                ram_disk
 .bss.rb_rx     0x2006ef14       0x84 CMakeFiles/Framethrower_Denise.dir/rga_device.c.obj
                0x2006ef14                rb_rx
 .bss.rb_tx     0x2006ef98       0x84 CMakeFiles/Framethrower_Denise.dir/rga_device.c.obj
                0x2006ef98                rb_tx
 .bss.rx_index  0x2006f01c        0x4 CMakeFiles/Framethrower_Denise.dir/rga_device.c.obj
                0x2006f01c                rx_index
 .bss.rx_packet
                0x2006f020       0x10 CMakeFiles/Framethrower_Denise.dir/rga_device.c.obj
                0x2006f020                rx_packet
 .bss.sector_buf
                0x2006f030     0x1000 CMakeFiles/Framethrower_Denise.dir/rga_device.c.obj
                0x2006f030                sector_buf
 .bss.sleep_notifier
                0x20070030        0x4 CMakeFiles/Framethrower_Denise.dir/C_/Users/claud/.pico-sdk/sdk/2.1.1/src/common/pico_time/time.c.obj
 .bss.sm_rga_read
                0x20070034        0x4 CMakeFiles/Framethrower_Denise.dir/Framethrower_Denise.c.obj
                0x20070034                sm_rga_read
 .bss.sm_rga_write
                0x20070038        0x4 CMakeFiles/Framethrower_Denise.dir/Framethrower_Denise.c.obj
                0x20070038                sm_rga_write
 .bss.sm_video  0x2007003c        0x4 CMakeFiles/Framethrower_Denise.dir/Framethrower_Denise.c.obj
                0x2007003c                sm_video
 .bss.sm_vsync  0x20070040        0x4 CMakeFiles/Framethrower_Denise.dir/Framethrower_Denise.c.obj
                0x20070040                sm_vsync
 .bss.boot2_copyout_valid
                0x20070044        0x1 CMakeFiles/Framethrower_Denise.dir/C_/Users/claud/.pico-sdk/sdk/2.1.1/src/rp2_common/hardware_flash/flash.c.obj
 .bss.clear_screen
                0x20070045        0x1 CMakeFiles/Framethrower_Denise.dir/Framethrower_Denise.c.obj
                0x20070045                clear_screen
 .bss.laced     0x20070046        0x1 CMakeFiles/Framethrower_Denise.dir/Framethrower_Denise.c.obj
                0x20070046                laced
 .bss.mipi_busy
                0x20070047        0x1 CMakeFiles/Framethrower_Denise.dir/mipi.c.obj
                0x20070047                mipi_busy
 .bss.video_go  0x20070048        0x1 CMakeFiles/Framethrower_Denise.dir/Framethrower_Denise.c.obj
                0x20070048                video_go
 .bss.vsync_detected
                0x20070049        0x1 CMakeFiles/Framethrower_Denise.dir/Framethrower_Denise.c.obj
                0x20070049                vsync_detected
 *(COMMON)
                [!provide]                        PROVIDE (__global_pointer$ = (. + 0x800))
 *(.sbss*)
                0x2007004c                        . = ALIGN (0x4)
 *fill*         0x2007004a        0x2 
                0x2007004c                        __bss_end__ = .

.heap           0x2007004c      0x800 load address 0x10005bcc
                0x2007004c                        __end__ = .
                0x2007004c                        end = __end__
 *(.heap*)
 .heap          0x2007004c      0x800 CMakeFiles/Framethrower_Denise.dir/C_/Users/claud/.pico-sdk/sdk/2.1.1/src/rp2_common/pico_crt0/crt0.S.obj
                0x20080000                        __HeapLimit = (ORIGIN (RAM) + LENGTH (RAM))

.scratch_x      0x20080000        0x0 load address 0x10005bcc
                0x20080000                        __scratch_x_start__ = .
 *(.scratch_x.*)
                0x20080000                        . = ALIGN (0x4)
                0x20080000                        __scratch_x_end__ = .
                0x10005bcc                        __scratch_x_source__ = LOADADDR (.scratch_x)

.scratch_y      0x20081000        0x0 load address 0x10005bcc
                0x20081000                        __scratch_y_start__ = .
 *(.scratch_y.*)
                0x20081000                        . = ALIGN (0x4)
                0x20081000                        __scratch_y_end__ = .
                0x10005bcc                        __scratch_y_source__ = LOADADDR (.scratch_y)

.stack1_dummy   0x20080000      0x800
 *(.stack1*)
 .stack1        0x20080000      0x800 CMakeFiles/Framethrower_Denise.dir/C_/Users/claud/.pico-sdk/sdk/2.1.1/src/rp2_common/pico_multicore/multicore.c.obj

.stack_dummy    0x20081000      0x800
 *(.stack*)
 .stack         0x20081000      0x800 CMakeFiles/Framethrower_Denise.dir/C_/Users/claud/.pico-sdk/sdk/2.1.1/src/rp2_common/pico_crt0/crt0.S.obj

.flash_end      0x10005bcc       0x14
 *(.embedded_end_block*)
 .embedded_end_block
                0x10005bcc       0x14 CMakeFiles/Framethrower_Denise.dir/C_/Users/claud/.pico-sdk/sdk/2.1.1/src/rp2_common/pico_crt0/crt0.S.obj
                0x10005be0                        PROVIDE (__flash_binary_end = .)
                0x20080000                        __StackLimit = (ORIGIN (RAM) + LENGTH (RAM))
                0x20081000                        __StackOneTop = (ORIGIN (SCRATCH_X) + LENGTH (SCRATCH_X))
                0x20082000                        __StackTop = (ORIGIN (SCRATCH_Y) + LENGTH (SCRATCH_Y))
                0x20080800                        __StackOneBottom = (__StackOneTop - SIZEOF (.stack1_dummy))
                0x20081800                        __StackBottom = (__StackTop - SIZEOF (.stack_dummy))
                0x20082000                        PROVIDE (__stack = __StackTop)
                [!provide]                        PROVIDE (__heap_start = __end__)
                [!provide]                        PROVIDE (__heap_end = __HeapLimit)
                [!provide]                        PROVIDE (__tls_align = MAX (ALIGNOF (.tdata), ALIGNOF (.tbss)))
                [!provide]                        PROVIDE (__tls_size_align = (((__tls_size + __tls_align) - 0x1) & ~ ((__tls_align - 0x1))))
                [!provide]                        PROVIDE (__arm32_tls_tcb_offset = MAX (0x8, __tls_align))
                [!provide]                        PROVIDE (_end = __end__)
                [!provide]                        PROVIDE (__llvm_libc_heap_limit = __HeapLimit)
                0x00000001                        ASSERT ((__StackLimit >= __HeapLimit), region RAM overflowed)
                0x00000001                        ASSERT (((__binary_info_header_end - __logical_binary_start) <= 0x400), Binary info must be in first 1024 bytes of the binary)
                0x00000001                        ASSERT (((__embedded_block_end - __logical_binary_start) <= 0x1000), Embedded block must be in first 4096 bytes of the binary)
LOAD CMakeFiles/Framethrower_Denise.dir/Framethrower_Denise.c.obj
LOAD CMakeFiles/Framethrower_Denise.dir/mipi.c.obj
LOAD CMakeFiles/Framethrower_Denise.dir/fifo.c.obj
LOAD CMakeFiles/Framethrower_Denise.dir/rga_device.c.obj
LOAD CMakeFiles/Framethrower_Denise.dir/C_/Users/claud/.pico-sdk/sdk/2.1.1/src/rp2_common/pico_stdlib/stdlib.c.obj
LOAD CMakeFiles/Framethrower_Denise.dir/C_/Users/claud/.pico-sdk/sdk/2.1.1/src/rp2_common/hardware_gpio/gpio.c.obj
LOAD CMakeFiles/Framethrower_Denise.dir/C_/Users/claud/.pico-sdk/sdk/2.1.1/src/rp2350/pico_platform/platform.c.obj
LOAD CMakeFiles/Framethrower_Denise.dir/C_/Users/claud/.pico-sdk/sdk/2.1.1/src/rp2_common/pico_platform_panic/panic.c.obj
LOAD CMakeFiles/Framethrower_Denise.dir/C_/Users/claud/.pico-sdk/sdk/2.1.1/src/common/hardware_claim/claim.c.obj
LOAD CMakeFiles/Framethrower_Denise.dir/C_/Users/claud/.pico-sdk/sdk/2.1.1/src/rp2_common/hardware_sync/sync.c.obj
LOAD CMakeFiles/Framethrower_Denise.dir/C_/Users/claud/.pico-sdk/sdk/2.1.1/src/rp2_common/hardware_sync_spin_lock/sync_spin_lock.c.obj
LOAD CMakeFiles/Framethrower_Denise.dir/C_/Users/claud/.pico-sdk/sdk/2.1.1/src/rp2_common/hardware_irq/irq.c.obj
LOAD CMakeFiles/Framethrower_Denise.dir/C_/Users/claud/.pico-sdk/sdk/2.1.1/src/rp2_common/hardware_irq/irq_handler_chain.S.obj
LOAD CMakeFiles/Framethrower_Denise.dir/C_/Users/claud/.pico-sdk/sdk/2.1.1/src/common/pico_sync/sem.c.obj
LOAD CMakeFiles/Framethrower_Denise.dir/C_/Users/claud/.pico-sdk/sdk/2.1.1/src/common/pico_sync/lock_core.c.obj
LOAD CMakeFiles/Framethrower_Denise.dir/C_/Users/claud/.pico-sdk/sdk/2.1.1/src/common/pico_sync/mutex.c.obj
LOAD CMakeFiles/Framethrower_Denise.dir/C_/Users/claud/.pico-sdk/sdk/2.1.1/src/common/pico_sync/critical_section.c.obj
LOAD CMakeFiles/Framethrower_Denise.dir/C_/Users/claud/.pico-sdk/sdk/2.1.1/src/common/pico_time/time.c.obj
LOAD CMakeFiles/Framethrower_Denise.dir/C_/Users/claud/.pico-sdk/sdk/2.1.1/src/common/pico_time/timeout_helper.c.obj
LOAD CMakeFiles/Framethrower_Denise.dir/C_/Users/claud/.pico-sdk/sdk/2.1.1/src/rp2_common/hardware_timer/timer.c.obj
LOAD CMakeFiles/Framethrower_Denise.dir/C_/Users/claud/.pico-sdk/sdk/2.1.1/src/common/pico_util/datetime.c.obj
LOAD CMakeFiles/Framethrower_Denise.dir/C_/Users/claud/.pico-sdk/sdk/2.1.1/src/common/pico_util/pheap.c.obj
LOAD CMakeFiles/Framethrower_Denise.dir/C_/Users/claud/.pico-sdk/sdk/2.1.1/src/common/pico_util/queue.c.obj
LOAD CMakeFiles/Framethrower_Denise.dir/C_/Users/claud/.pico-sdk/sdk/2.1.1/src/rp2_common/hardware_uart/uart.c.obj
LOAD CMakeFiles/Framethrower_Denise.dir/C_/Users/claud/.pico-sdk/sdk/2.1.1/src/rp2_common/hardware_clocks/clocks.c.obj
LOAD CMakeFiles/Framethrower_Denise.dir/C_/Users/claud/.pico-sdk/sdk/2.1.1/src/rp2_common/hardware_pll/pll.c.obj
LOAD CMakeFiles/Framethrower_Denise.dir/C_/Users/claud/.pico-sdk/sdk/2.1.1/src/rp2_common/hardware_vreg/vreg.c.obj
LOAD CMakeFiles/Framethrower_Denise.dir/C_/Users/claud/.pico-sdk/sdk/2.1.1/src/rp2_common/hardware_watchdog/watchdog.c.obj
LOAD CMakeFiles/Framethrower_Denise.dir/C_/Users/claud/.pico-sdk/sdk/2.1.1/src/rp2_common/hardware_ticks/ticks.c.obj
LOAD CMakeFiles/Framethrower_Denise.dir/C_/Users/claud/.pico-sdk/sdk/2.1.1/src/rp2_common/pico_bootrom/bootrom.c.obj
LOAD CMakeFiles/Framethrower_Denise.dir/C_/Users/claud/.pico-sdk/sdk/2.1.1/src/rp2_common/pico_bootrom/bootrom_lock.c.obj
LOAD CMakeFiles/Framethrower_Denise.dir/C_/Users/claud/.pico-sdk/sdk/2.1.1/src/rp2_common/hardware_boot_lock/boot_lock.c.obj
LOAD CMakeFiles/Framethrower_Denise.dir/C_/Users/claud/.pico-sdk/sdk/2.1.1/src/rp2_common/pico_flash/flash.c.obj
LOAD CMakeFiles/Framethrower_Denise.dir/C_/Users/claud/.pico-sdk/sdk/2.1.1/src/rp2_common/hardware_xosc/xosc.c.obj
LOAD CMakeFiles/Framethrower_Denise.dir/C_/Users/claud/.pico-sdk/sdk/2.1.1/src/rp2_common/hardware_divider/divider.c.obj
LOAD CMakeFiles/Framethrower_Denise.dir/C_/Users/claud/.pico-sdk/sdk/2.1.1/src/rp2_common/pico_runtime/runtime.c.obj
LOAD CMakeFiles/Framethrower_Denise.dir/C_/Users/claud/.pico-sdk/sdk/2.1.1/src/rp2_common/pico_runtime_init/runtime_init.c.obj
LOAD CMakeFiles/Framethrower_Denise.dir/C_/Users/claud/.pico-sdk/sdk/2.1.1/src/rp2_common/pico_runtime_init/runtime_init_clocks.c.obj
LOAD CMakeFiles/Framethrower_Denise.dir/C_/Users/claud/.pico-sdk/sdk/2.1.1/src/rp2_common/pico_runtime_init/runtime_init_stack_guard.c.obj
LOAD CMakeFiles/Framethrower_Denise.dir/C_/Users/claud/.pico-sdk/sdk/2.1.1/src/rp2_common/pico_bit_ops/bit_ops_aeabi.S.obj
LOAD CMakeFiles/Framethrower_Denise.dir/C_/Users/claud/.pico-sdk/sdk/2.1.1/src/rp2_common/pico_divider/divider_compiler.c.obj
LOAD CMakeFiles/Framethrower_Denise.dir/C_/Users/claud/.pico-sdk/sdk/2.1.1/src/rp2_common/pico_double/double_math.c.obj
LOAD CMakeFiles/Framethrower_Denise.dir/C_/Users/claud/.pico-sdk/sdk/2.1.1/src/rp2_common/pico_double/double_aeabi_dcp.S.obj
LOAD CMakeFiles/Framethrower_Denise.dir/C_/Users/claud/.pico-sdk/sdk/2.1.1/src/rp2_common/pico_double/double_fma_dcp.S.obj
LOAD CMakeFiles/Framethrower_Denise.dir/C_/Users/claud/.pico-sdk/sdk/2.1.1/src/rp2_common/pico_double/double_sci_m33.S.obj
LOAD CMakeFiles/Framethrower_Denise.dir/C_/Users/claud/.pico-sdk/sdk/2.1.1/src/rp2_common/pico_double/double_conv_m33.S.obj
LOAD CMakeFiles/Framethrower_Denise.dir/C_/Users/claud/.pico-sdk/sdk/2.1.1/src/rp2_common/pico_float/float_math.c.obj
LOAD CMakeFiles/Framethrower_Denise.dir/C_/Users/claud/.pico-sdk/sdk/2.1.1/src/rp2_common/pico_float/float_conv32_vfp.S.obj
LOAD CMakeFiles/Framethrower_Denise.dir/C_/Users/claud/.pico-sdk/sdk/2.1.1/src/rp2_common/pico_float/float_common_m33.S.obj
LOAD CMakeFiles/Framethrower_Denise.dir/C_/Users/claud/.pico-sdk/sdk/2.1.1/src/rp2_common/pico_float/float_sci_m33_vfp.S.obj
LOAD CMakeFiles/Framethrower_Denise.dir/C_/Users/claud/.pico-sdk/sdk/2.1.1/src/rp2_common/pico_malloc/malloc.c.obj
LOAD CMakeFiles/Framethrower_Denise.dir/C_/Users/claud/.pico-sdk/sdk/2.1.1/src/rp2_common/pico_atomic/atomic.c.obj
LOAD CMakeFiles/Framethrower_Denise.dir/C_/Users/claud/.pico-sdk/sdk/2.1.1/src/rp2_common/pico_cxx_options/new_delete.cpp.obj
LOAD CMakeFiles/Framethrower_Denise.dir/C_/Users/claud/.pico-sdk/sdk/2.1.1/src/rp2_common/pico_standard_binary_info/standard_binary_info.c.obj
LOAD CMakeFiles/Framethrower_Denise.dir/C_/Users/claud/.pico-sdk/sdk/2.1.1/src/rp2_common/pico_printf/printf.c.obj
LOAD CMakeFiles/Framethrower_Denise.dir/C_/Users/claud/.pico-sdk/sdk/2.1.1/src/rp2_common/pico_crt0/crt0.S.obj
LOAD CMakeFiles/Framethrower_Denise.dir/C_/Users/claud/.pico-sdk/sdk/2.1.1/src/rp2_common/pico_clib_interface/newlib_interface.c.obj
LOAD CMakeFiles/Framethrower_Denise.dir/C_/Users/claud/.pico-sdk/sdk/2.1.1/src/rp2_common/pico_stdio/stdio.c.obj
LOAD CMakeFiles/Framethrower_Denise.dir/C_/Users/claud/.pico-sdk/sdk/2.1.1/src/rp2_common/hardware_dma/dma.c.obj
LOAD CMakeFiles/Framethrower_Denise.dir/C_/Users/claud/.pico-sdk/sdk/2.1.1/src/rp2_common/hardware_pio/pio.c.obj
LOAD CMakeFiles/Framethrower_Denise.dir/C_/Users/claud/.pico-sdk/sdk/2.1.1/src/rp2_common/hardware_adc/adc.c.obj
LOAD CMakeFiles/Framethrower_Denise.dir/C_/Users/claud/.pico-sdk/sdk/2.1.1/src/rp2_common/hardware_flash/flash.c.obj
LOAD CMakeFiles/Framethrower_Denise.dir/C_/Users/claud/.pico-sdk/sdk/2.1.1/src/rp2_common/hardware_xip_cache/xip_cache.c.obj
LOAD CMakeFiles/Framethrower_Denise.dir/C_/Users/claud/.pico-sdk/sdk/2.1.1/src/rp2_common/pico_multicore/multicore.c.obj
LOAD pico-sdk/src/rp2350/boot_stage2/CMakeFiles/bs2_default_library.dir/./bs2_default_padded_checksummed.S.obj
LOAD C:/Users/claud/.pico-sdk/toolchain/14_2_Rel1/bin/../lib/gcc/arm-none-eabi/14.2.1/thumb/v8-m.main+fp/softfp\libstdc++.a
LOAD C:/Users/claud/.pico-sdk/toolchain/14_2_Rel1/bin/../lib/gcc/arm-none-eabi/14.2.1/thumb/v8-m.main+fp/softfp\libm.a
START GROUP
LOAD C:/Users/claud/.pico-sdk/toolchain/14_2_Rel1/bin/../lib/gcc/arm-none-eabi/14.2.1/thumb/v8-m.main+fp/softfp\libgcc.a
LOAD C:/Users/claud/.pico-sdk/toolchain/14_2_Rel1/bin/../lib/gcc/arm-none-eabi/14.2.1/thumb/v8-m.main+fp/softfp\libg.a
LOAD C:/Users/claud/.pico-sdk/toolchain/14_2_Rel1/bin/../lib/gcc/arm-none-eabi/14.2.1/thumb/v8-m.main+fp/softfp\libc.a
END GROUP
START GROUP
LOAD C:/Users/claud/.pico-sdk/toolchain/14_2_Rel1/bin/../lib/gcc/arm-none-eabi/14.2.1/thumb/v8-m.main+fp/softfp\libgcc.a
LOAD C:/Users/claud/.pico-sdk/toolchain/14_2_Rel1/bin/../lib/gcc/arm-none-eabi/14.2.1/thumb/v8-m.main+fp/softfp\libc.a
LOAD C:/Users/claud/.pico-sdk/toolchain/14_2_Rel1/bin/../lib/gcc/arm-none-eabi/14.2.1/thumb/v8-m.main+fp/softfp\libnosys.a
END GROUP
LOAD C:/Users/claud/.pico-sdk/toolchain/14_2_Rel1/bin/../lib/gcc/arm-none-eabi/14.2.1/thumb/v8-m.main+fp/softfp/crtend.o
LOAD C:/Users/claud/.pico-sdk/toolchain/14_2_Rel1/bin/../lib/gcc/arm-none-eabi/14.2.1/thumb/v8-m.main+fp/softfp/crtn.o
OUTPUT(Framethrower_Denise.elf elf32-littlearm)
LOAD linker stubs

.rel.dyn        0x10005be0        0x0
 .rel.iplt      0x10005be0        0x0 C:/Users/claud/.pico-sdk/toolchain/14_2_Rel1/bin/../lib/gcc/arm-none-eabi/14.2.1/thumb/v8-m.main+fp/softfp/crtbegin.o

.ARM.attributes
                0x00000000       0x34
 .ARM.attributes
                0x00000000       0x26 C:/Users/claud/.pico-sdk/toolchain/14_2_Rel1/bin/../lib/gcc/arm-none-eabi/14.2.1/thumb/v8-m.main+fp/softfp/crti.o
 .ARM.attributes
                0x00000026       0x36 C:/Users/claud/.pico-sdk/toolchain/14_2_Rel1/bin/../lib/gcc/arm-none-eabi/14.2.1/thumb/v8-m.main+fp/softfp/crtbegin.o
 .ARM.attributes
                0x0000005c       0x38 CMakeFiles/Framethrower_Denise.dir/Framethrower_Denise.c.obj
 .ARM.attributes
                0x00000094       0x38 CMakeFiles/Framethrower_Denise.dir/mipi.c.obj
 .ARM.attributes
                0x000000cc       0x38 CMakeFiles/Framethrower_Denise.dir/rga_device.c.obj
 .ARM.attributes
                0x00000104       0x38 CMakeFiles/Framethrower_Denise.dir/C_/Users/claud/.pico-sdk/sdk/2.1.1/src/rp2_common/hardware_gpio/gpio.c.obj
 .ARM.attributes
                0x0000013c       0x38 CMakeFiles/Framethrower_Denise.dir/C_/Users/claud/.pico-sdk/sdk/2.1.1/src/rp2_common/pico_platform_panic/panic.c.obj
 .ARM.attributes
                0x00000174       0x38 CMakeFiles/Framethrower_Denise.dir/C_/Users/claud/.pico-sdk/sdk/2.1.1/src/common/hardware_claim/claim.c.obj
 .ARM.attributes
                0x000001ac       0x38 CMakeFiles/Framethrower_Denise.dir/C_/Users/claud/.pico-sdk/sdk/2.1.1/src/rp2_common/hardware_sync/sync.c.obj
 .ARM.attributes
                0x000001e4       0x38 CMakeFiles/Framethrower_Denise.dir/C_/Users/claud/.pico-sdk/sdk/2.1.1/src/rp2_common/hardware_sync_spin_lock/sync_spin_lock.c.obj
 .ARM.attributes
                0x0000021c       0x38 CMakeFiles/Framethrower_Denise.dir/C_/Users/claud/.pico-sdk/sdk/2.1.1/src/rp2_common/hardware_irq/irq.c.obj
 .ARM.attributes
                0x00000254       0x38 CMakeFiles/Framethrower_Denise.dir/C_/Users/claud/.pico-sdk/sdk/2.1.1/src/common/pico_sync/lock_core.c.obj
 .ARM.attributes
                0x0000028c       0x38 CMakeFiles/Framethrower_Denise.dir/C_/Users/claud/.pico-sdk/sdk/2.1.1/src/common/pico_sync/mutex.c.obj
 .ARM.attributes
                0x000002c4       0x38 CMakeFiles/Framethrower_Denise.dir/C_/Users/claud/.pico-sdk/sdk/2.1.1/src/common/pico_time/time.c.obj
 .ARM.attributes
                0x000002fc       0x38 CMakeFiles/Framethrower_Denise.dir/C_/Users/claud/.pico-sdk/sdk/2.1.1/src/rp2_common/hardware_timer/timer.c.obj
 .ARM.attributes
                0x00000334       0x38 CMakeFiles/Framethrower_Denise.dir/C_/Users/claud/.pico-sdk/sdk/2.1.1/src/rp2_common/hardware_clocks/clocks.c.obj
 .ARM.attributes
                0x0000036c       0x38 CMakeFiles/Framethrower_Denise.dir/C_/Users/claud/.pico-sdk/sdk/2.1.1/src/rp2_common/hardware_pll/pll.c.obj
 .ARM.attributes
                0x000003a4       0x38 CMakeFiles/Framethrower_Denise.dir/C_/Users/claud/.pico-sdk/sdk/2.1.1/src/rp2_common/hardware_watchdog/watchdog.c.obj
 .ARM.attributes
                0x000003dc       0x38 CMakeFiles/Framethrower_Denise.dir/C_/Users/claud/.pico-sdk/sdk/2.1.1/src/rp2_common/hardware_ticks/ticks.c.obj
 .ARM.attributes
                0x00000414       0x38 CMakeFiles/Framethrower_Denise.dir/C_/Users/claud/.pico-sdk/sdk/2.1.1/src/rp2_common/pico_bootrom/bootrom.c.obj
 .ARM.attributes
                0x0000044c       0x38 CMakeFiles/Framethrower_Denise.dir/C_/Users/claud/.pico-sdk/sdk/2.1.1/src/rp2_common/pico_bootrom/bootrom_lock.c.obj
 .ARM.attributes
                0x00000484       0x38 CMakeFiles/Framethrower_Denise.dir/C_/Users/claud/.pico-sdk/sdk/2.1.1/src/rp2_common/hardware_boot_lock/boot_lock.c.obj
 .ARM.attributes
                0x000004bc       0x38 CMakeFiles/Framethrower_Denise.dir/C_/Users/claud/.pico-sdk/sdk/2.1.1/src/rp2_common/hardware_xosc/xosc.c.obj
 .ARM.attributes
                0x000004f4       0x38 CMakeFiles/Framethrower_Denise.dir/C_/Users/claud/.pico-sdk/sdk/2.1.1/src/rp2_common/pico_runtime/runtime.c.obj
 .ARM.attributes
                0x0000052c       0x38 CMakeFiles/Framethrower_Denise.dir/C_/Users/claud/.pico-sdk/sdk/2.1.1/src/rp2_common/pico_runtime_init/runtime_init.c.obj
 .ARM.attributes
                0x00000564       0x38 CMakeFiles/Framethrower_Denise.dir/C_/Users/claud/.pico-sdk/sdk/2.1.1/src/rp2_common/pico_runtime_init/runtime_init_clocks.c.obj
 .ARM.attributes
                0x0000059c       0x28 CMakeFiles/Framethrower_Denise.dir/C_/Users/claud/.pico-sdk/sdk/2.1.1/src/rp2_common/pico_double/double_aeabi_dcp.S.obj
 .ARM.attributes
                0x000005c4       0x38 CMakeFiles/Framethrower_Denise.dir/C_/Users/claud/.pico-sdk/sdk/2.1.1/src/rp2_common/pico_malloc/malloc.c.obj
 .ARM.attributes
                0x000005fc       0x38 CMakeFiles/Framethrower_Denise.dir/C_/Users/claud/.pico-sdk/sdk/2.1.1/src/rp2_common/pico_standard_binary_info/standard_binary_info.c.obj
 .ARM.attributes
                0x00000634       0x38 CMakeFiles/Framethrower_Denise.dir/C_/Users/claud/.pico-sdk/sdk/2.1.1/src/rp2_common/pico_printf/printf.c.obj
 .ARM.attributes
                0x0000066c       0x28 CMakeFiles/Framethrower_Denise.dir/C_/Users/claud/.pico-sdk/sdk/2.1.1/src/rp2_common/pico_crt0/crt0.S.obj
 .ARM.attributes
                0x00000694       0x38 CMakeFiles/Framethrower_Denise.dir/C_/Users/claud/.pico-sdk/sdk/2.1.1/src/rp2_common/pico_clib_interface/newlib_interface.c.obj
 .ARM.attributes
                0x000006cc       0x38 CMakeFiles/Framethrower_Denise.dir/C_/Users/claud/.pico-sdk/sdk/2.1.1/src/rp2_common/pico_stdio/stdio.c.obj
 .ARM.attributes
                0x00000704       0x38 CMakeFiles/Framethrower_Denise.dir/C_/Users/claud/.pico-sdk/sdk/2.1.1/src/rp2_common/hardware_pio/pio.c.obj
 .ARM.attributes
                0x0000073c       0x38 CMakeFiles/Framethrower_Denise.dir/C_/Users/claud/.pico-sdk/sdk/2.1.1/src/rp2_common/hardware_flash/flash.c.obj
 .ARM.attributes
                0x00000774       0x38 CMakeFiles/Framethrower_Denise.dir/C_/Users/claud/.pico-sdk/sdk/2.1.1/src/rp2_common/hardware_xip_cache/xip_cache.c.obj
 .ARM.attributes