Archive member included to satisfy reference by file (symbol)

C:/Users/claud/.pico-sdk/toolchain/14_2_Rel1/bin/../lib/gcc/arm-none-eabi/14.2.1/thumb/v8-m.main+fp/softfp\libm.a(libm_a-wf_sqrt.o)
                              CMakeFiles/Framethrower_Denise.dir/C_/Users/claud/.pico-sdk/sdk/2.1.1/src/rp2_common/pico_float/float_math.c.obj (sqrtf)
C:/Users/claud/.pico-sdk/toolchain/14_2_Rel1/bin/../lib/gcc/arm-none-eabi/14.2.1/thumb/v8-m.main+fp/softfp\libm.a(libm_a-ef_sqrt.o)
                              C:/Users/claud/.pico-sdk/toolchain/14_2_Rel1/bin/../lib/gcc/arm-none-eabi/14.2.1/thumb/v8-m.main+fp/softfp\libm.a(libm_a-wf_sqrt.o) (__ieee754_sqrtf)
C:/Users/claud/.pico-sdk/toolchain/14_2_Rel1/bin/../lib/gcc/arm-none-eabi/14.2.1/thumb/v8-m.main+fp/softfp\libgcc.a(_arm_addsubdf3.o)
                              CMakeFiles/Framethrower_Denise.dir/C_/Users/claud/.pico-sdk/sdk/2.1.1/src/rp2_common/pico_float/float_math.c.obj (__aeabi_f2d)
C:/Users/claud/.pico-sdk/toolchain/14_2_Rel1/bin/../lib/gcc/arm-none-eabi/14.2.1/thumb/v8-m.main+fp/softfp\libgcc.a(_aeabi_ldivmod.o)
                              CMakeFiles/Framethrower_Denise.dir/C_/Users/claud/.pico-sdk/sdk/2.1.1/src/common/pico_time/time.c.obj (__aeabi_ldivmod)
C:/Users/claud/.pico-sdk/toolchain/14_2_Rel1/bin/../lib/gcc/arm-none-eabi/14.2.1/thumb/v8-m.main+fp/softfp\libgcc.a(_aeabi_uldivmod.o)
                              CMakeFiles/Framethrower_Denise.dir/C_/Users/claud/.pico-sdk/sdk/2.1.1/src/rp2_common/hardware_clocks/clocks.c.obj (__aeabi_uldivmod)
C:/Users/claud/.pico-sdk/toolchain/14_2_Rel1/bin/../lib/gcc/arm-none-eabi/14.2.1/thumb/v8-m.main+fp/softfp\libgcc.a(_udivmoddi4.o)
                              C:/Users/claud/.pico-sdk/toolchain/14_2_Rel1/bin/../lib/gcc/arm-none-eabi/14.2.1/thumb/v8-m.main+fp/softfp\libgcc.a(_aeabi_ldivmod.o) (__udivmoddi4)
C:/Users/claud/.pico-sdk/toolchain/14_2_Rel1/bin/../lib/gcc/arm-none-eabi/14.2.1/thumb/v8-m.main+fp/softfp\libgcc.a(_dvmd_tls.o)
                              C:/Users/claud/.pico-sdk/toolchain/14_2_Rel1/bin/../lib/gcc/arm-none-eabi/14.2.1/thumb/v8-m.main+fp/softfp\libgcc.a(_aeabi_ldivmod.o) (__aeabi_ldiv0)
C:/Users/claud/.pico-sdk/toolchain/14_2_Rel1/bin/../lib/gcc/arm-none-eabi/14.2.1/thumb/v8-m.main+fp/softfp\libg.a(libc_a-calloc.o)
                              CMakeFiles/Framethrower_Denise.dir/C_/Users/claud/.pico-sdk/sdk/2.1.1/src/rp2_common/pico_malloc/malloc.c.obj (calloc)
C:/Users/claud/.pico-sdk/toolchain/14_2_Rel1/bin/../lib/gcc/arm-none-eabi/14.2.1/thumb/v8-m.main+fp/softfp\libg.a(libc_a-callocr.o)
                              C:/Users/claud/.pico-sdk/toolchain/14_2_Rel1/bin/../lib/gcc/arm-none-eabi/14.2.1/thumb/v8-m.main+fp/softfp\libg.a(libc_a-calloc.o) (_calloc_r)
C:/Users/claud/.pico-sdk/toolchain/14_2_Rel1/bin/../lib/gcc/arm-none-eabi/14.2.1/thumb/v8-m.main+fp/softfp\libg.a(libc_a-malloc.o)
                              CMakeFiles/Framethrower_Denise.dir/C_/Users/claud/.pico-sdk/sdk/2.1.1/src/rp2_common/pico_malloc/malloc.c.obj (malloc)
C:/Users/claud/.pico-sdk/toolchain/14_2_Rel1/bin/../lib/gcc/arm-none-eabi/14.2.1/thumb/v8-m.main+fp/softfp\libg.a(libc_a-mallocr.o)
                              C:/Users/claud/.pico-sdk/toolchain/14_2_Rel1/bin/../lib/gcc/arm-none-eabi/14.2.1/thumb/v8-m.main+fp/softfp\libg.a(libc_a-callocr.o) (_malloc_r)
C:/Users/claud/.pico-sdk/toolchain/14_2_Rel1/bin/../lib/gcc/arm-none-eabi/14.2.1/thumb/v8-m.main+fp/softfp\libg.a(libc_a-mlock.o)
                              C:/Users/claud/.pico-sdk/toolchain/14_2_Rel1/bin/../lib/gcc/arm-none-eabi/14.2.1/thumb/v8-m.main+fp/softfp\libg.a(libc_a-mallocr.o) (__malloc_lock)
C:/Users/claud/.pico-sdk/toolchain/14_2_Rel1/bin/../lib/gcc/arm-none-eabi/14.2.1/thumb/v8-m.main+fp/softfp\libg.a(libc_a-rand.o)
                              CMakeFiles/Framethrower_Denise.dir/Framethrower_Denise.c.obj (srand)
C:/Users/claud/.pico-sdk/toolchain/14_2_Rel1/bin/../lib/gcc/arm-none-eabi/14.2.1/thumb/v8-m.main+fp/softfp\libg.a(libc_a-realloc.o)
                              CMakeFiles/Framethrower_Denise.dir/C_/Users/claud/.pico-sdk/sdk/2.1.1/src/rp2_common/pico_malloc/malloc.c.obj (realloc)
C:/Users/claud/.pico-sdk/toolchain/14_2_Rel1/bin/../lib/gcc/arm-none-eabi/14.2.1/thumb/v8-m.main+fp/softfp\libg.a(libc_a-reallocr.o)
                              C:/Users/claud/.pico-sdk/toolchain/14_2_Rel1/bin/../lib/gcc/arm-none-eabi/14.2.1/thumb/v8-m.main+fp/softfp\libg.a(libc_a-realloc.o) (_realloc_r)
C:/Users/claud/.pico-sdk/toolchain/14_2_Rel1/bin/../lib/gcc/arm-none-eabi/14.2.1/thumb/v8-m.main+fp/softfp\libg.a(libc_a-memcmp.o)
                              CMakeFiles/Framethrower_Denise.dir/C_/Users/claud/.pico-sdk/sdk/2.1.1/src/rp2_common/pico_atomic/atomic.c.obj (memcmp)
C:/Users/claud/.pico-sdk/toolchain/14_2_Rel1/bin/../lib/gcc/arm-none-eabi/14.2.1/thumb/v8-m.main+fp/softfp\libg.a(libc_a-memmove.o)
[...]
Memory Configuration

Name             Origin             Length             Attributes
FLASH            0x10000000         0x00400000         xr
RAM              0x20000000         0x00080000         xrw
SCRATCH_X        0x20080000         0x00001000         xrw
SCRATCH_Y        0x20081000         0x00001000         xrw
*default*        0x00000000         0xffffffff

Linker script and memory map

LOAD C:/Users/claud/.pico-sdk/toolchain/14_2_Rel1/bin/../lib/gcc/arm-none-eabi/14.2.1/thumb/v8-m.main+fp/softfp/crti.o
LOAD C:/Users/claud/.pico-sdk/toolchain/14_2_Rel1/bin/../lib/gcc/arm-none-eabi/14.2.1/thumb/v8-m.main+fp/softfp/crtbegin.o
LOAD C:/Users/claud/.pico-sdk/toolchain/14_2_Rel1/bin/../lib/gcc/arm-none-eabi/14.2.1/thumb/v8-m.main+fp/softfp/crt0.o

.flash_begin    0x10000000        0x0
                0x10000000                        __flash_binary_start = .

.text           0x10000000     0x302c
                0x10000000                        __logical_binary_start = .
 *(.vectors)
 .vectors       0x10000000      0x124 CMakeFiles/Framethrower_Denise.dir/C_/Users/claud/.pico-sdk/sdk/2.1.1/src/rp2_common/pico_crt0/crt0.S.obj
                0x10000000                __VECTOR_TABLE
                0x10000000                __vectors
                0x10000110                __default_isrs_start
                0x10000110                isr_invalid
                0x10000112                isr_nmi
                0x10000114                isr_hardfault
                0x10000116                isr_svcall
                0x10000118                isr_pendsv
                0x1000011a                isr_systick
                0x1000011c                isr_irq31
                0x1000011c                isr_irq5
                0x1000011c                isr_irq11
                0x1000011c                isr_irq32
                0x1000011c                isr_irq23
                0x1000011c                isr_irq48
                0x1000011c                isr_irq35
                0x1000011c                isr_irq18
                0x1000011c                isr_irq50
                0x1000011c                isr_irq27
                0x1000011c                isr_irq40
                0x1000011c                isr_irq28
                0x1000011c                isr_irq19
                0x1000011c                isr_irq36
                0x1000011c                isr_irq41
                0x1000011c                isr_irq0
                0x1000011c                isr_irq6
                0x1000011c                isr_irq45
                0x1000011c                isr_irq12
                0x1000011c                isr_irq37
                0x1000011c                isr_irq42
                0x1000011c                isr_irq22
                0x1000011c                isr_irq43
                0x1000011c                isr_irq17
                0x1000011c                isr_irq38
                0x1000011c                isr_irq14
                0x1000011c                isr_irq13
                0x1000011c                isr_irq2
                0x1000011c                isr_irq10
                0x1000011c                isr_irq8
                0x1000011c                isr_irq24
                0x1000011c                isr_irq46
                0x1000011c                isr_irq1
                0x1000011c                isr_irq47
                0x1000011c                isr_irq51
                0x1000011c                isr_irq7
                0x1000011c                isr_irq21
                0x1000011c                isr_irq39
                0x1000011c                isr_irq20
                0x1000011c                isr_irq15
                0x1000011c                isr_irq25
                0x1000011c                isr_irq34
                0x1000011c                isr_irq49
                0x1000011c                __unhandled_user_irq
                0x1000011c                isr_irq4
                0x1000011c                isr_irq16
                0x1000011c                isr_irq44
                0x1000011c                isr_irq29
                0x1000011c                isr_irq26
                0x1000011c                __default_isrs_end
                0x1000011c                isr_irq33
                0x1000011c                isr_irq3
                0x1000011c                isr_irq30
                0x1000011c                isr_irq9
                0x10000122                unhandled_user_irq_num_in_r0
 *(.binary_info_header)
 .binary_info_header
                0x10000124       0x14 CMakeFiles/Framethrower_Denise.dir/C_/Users/claud/.pico-sdk/sdk/2.1.1/src/rp2_common/pico_crt0/crt0.S.obj
                0x10000138                        __binary_info_header_end = .
 *(.embedded_block)
 .embedded_block
                0x10000138       0x14 CMakeFiles/Framethrower_Denise.dir/C_/Users/claud/.pico-sdk/sdk/2.1.1/src/rp2_common/pico_crt0/crt0.S.obj
                0x1000014c                        __embedded_block_end = .
 *(.reset)
 .reset         0x1000014c       0xa0 CMakeFiles/Framethrower_Denise.dir/C_/Users/claud/.pico-sdk/sdk/2.1.1/src/rp2_common/pico_crt0/crt0.S.obj
                0x1000014c                _entry_point
 *(.init)
 .init          0x100001ec        0x4 C:/Users/claud/.pico-sdk/toolchain/14_2_Rel1/bin/../lib/gcc/arm-none-eabi/14.2.1/thumb/v8-m.main+fp/softfp/crti.o
                0x100001ec                _init
 SORT_BY_NAME(REVERSE(*libgcc.a:cmse_nonsecure_call.o))()
 *(EXCLUDE_FILE(*libm.a: *libc.a:*lib_a-mem*.o *libgcc.a:) .text*)
 .text.register_tm_clones
                0x100001f0       0x28 C:/Users/claud/.pico-sdk/toolchain/14_2_Rel1/bin/../lib/gcc/arm-none-eabi/14.2.1/thumb/v8-m.main+fp/softfp/crtbegin.o
 .text.frame_dummy
                0x10000218       0x24 C:/Users/claud/.pico-sdk/toolchain/14_2_Rel1/bin/../lib/gcc/arm-none-eabi/14.2.1/thumb/v8-m.main+fp/softfp/crtbegin.o
 *fill*         0x1000023c        0x4 
 .text.init_avi_info_packet
                0x10000240       0xd0 CMakeFiles/Framethrower_Denise.dir/Framethrower_Denise.c.obj
                0x10000240                init_avi_info_packet
 .text.init_aif_info_packet
                0x10000310       0xc0 CMakeFiles/Framethrower_Denise.dir/Framethrower_Denise.c.obj
                0x10000310                init_aif_info_packet
 .text.init_acr_packet
                0x100003d0       0xc8 CMakeFiles/Framethrower_Denise.dir/Framethrower_Denise.c.obj
                0x100003d0                init_acr_packet
 .text.init_asp_packet
                0x10000498      0x150 CMakeFiles/Framethrower_Denise.dir/Framethrower_Denise.c.obj
                0x10000498                init_asp_packet
 .text.core1_entry
                0x100005e8       0x84 CMakeFiles/Framethrower_Denise.dir/Framethrower_Denise.c.obj
                0x100005e8                core1_entry
 .text.startup.main
                0x1000066c      0x318 CMakeFiles/Framethrower_Denise.dir/Framethrower_Denise.c.obj
                0x1000066c                main
 .text.set_audio_clock_regeneration
                0x10000984       0x80 CMakeFiles/Framethrower_Denise.dir/data_packet.c.obj
                0x10000984                set_audio_clock_regeneration
 .text.set_audio_info_frame
                0x10000a04       0x68 CMakeFiles/Framethrower_Denise.dir/data_packet.c.obj
                0x10000a04                set_audio_info_frame
 .text.set_AVI_info_frame
                0x10000a6c       0xa8 CMakeFiles/Framethrower_Denise.dir/data_packet.c.obj
                0x10000a6c                set_AVI_info_frame
 .text.encode   0x10000b14       0x54 CMakeFiles/Framethrower_Denise.dir/data_packet.c.obj
                0x10000b14                encode
 .text.gpio_set_function
                0x10000b68       0x3c CMakeFiles/Framethrower_Denise.dir/C_/Users/claud/.pico-sdk/sdk/2.1.1/src/rp2_common/hardware_gpio/gpio.c.obj
                0x10000b68                gpio_set_function
 .text.gpio_set_input_hysteresis_enabled
                0x10000ba4       0x20 CMakeFiles/Framethrower_Denise.dir/C_/Users/claud/.pico-sdk/sdk/2.1.1/src/rp2_common/hardware_gpio/gpio.c.obj
                0x10000ba4                gpio_set_input_hysteresis_enabled
 .text.gpio_init
                0x10000bc4       0x48 CMakeFiles/Framethrower_Denise.dir/C_/Users/claud/.pico-sdk/sdk/2.1.1/src/rp2_common/hardware_gpio/gpio.c.obj
                0x10000bc4                gpio_init
 .text.panic    0x10000c0c       0x30 CMakeFiles/Framethrower_Denise.dir/C_/Users/claud/.pico-sdk/sdk/2.1.1/src/rp2_common/pico_platform_panic/panic.c.obj
                0x10000c0c                panic
 .text.hw_claim_lock
                0x10000c3c       0x24 CMakeFiles/Framethrower_Denise.dir/C_/Users/claud/.pico-sdk/sdk/2.1.1/src/common/hardware_claim/claim.c.obj
                0x10000c3c                hw_claim_lock
 .text.hw_claim_unlock
                0x10000c60       0x14 CMakeFiles/Framethrower_Denise.dir/C_/Users/claud/.pico-sdk/sdk/2.1.1/src/common/hardware_claim/claim.c.obj
                0x10000c60                hw_claim_unlock
 .text.hw_claim_or_assert
                0x10000c74       0x58 CMakeFiles/Framethrower_Denise.dir/C_/Users/claud/.pico-sdk/sdk/2.1.1/src/common/hardware_claim/claim.c.obj
                0x10000c74                hw_claim_or_assert
 .text.hw_claim_unused_from_range
                0x10000ccc       0x80 CMakeFiles/Framethrower_Denise.dir/C_/Users/claud/.pico-sdk/sdk/2.1.1/src/common/hardware_claim/claim.c.obj
                0x10000ccc                hw_claim_unused_from_range
 .text.next_striped_spin_lock_num
                0x10000d4c       0x18 CMakeFiles/Framethrower_Denise.dir/C_/Users/claud/.pico-sdk/sdk/2.1.1/src/rp2_common/hardware_sync/sync.c.obj
                0x10000d4c                next_striped_spin_lock_num
 .text.spinlock_set_extexclall
                0x10000d64       0x10 CMakeFiles/Framethrower_Denise.dir/C_/Users/claud/.pico-sdk/sdk/2.1.1/src/rp2_common/hardware_sync_spin_lock/sync_spin_lock.c.obj
 .text.spin_locks_reset
                0x10000d74       0x18 CMakeFiles/Framethrower_Denise.dir/C_/Users/claud/.pico-sdk/sdk/2.1.1/src/rp2_common/hardware_sync_spin_lock/sync_spin_lock.c.obj
                0x10000d74                spin_locks_reset
 .text.runtime_init_per_core_irq_priorities
                0x10000d8c       0x40 CMakeFiles/Framethrower_Denise.dir/C_/Users/claud/.pico-sdk/sdk/2.1.1/src/rp2_common/hardware_irq/irq.c.obj
                0x10000d8c                runtime_init_per_core_irq_priorities
 .text.irq_set_enabled
                0x10000dcc       0x2c CMakeFiles/Framethrower_Denise.dir/C_/Users/claud/.pico-sdk/sdk/2.1.1/src/rp2_common/hardware_irq/irq.c.obj
                0x10000dcc                irq_set_enabled
 .text.irq_is_enabled
                0x10000df8       0x20 CMakeFiles/Framethrower_Denise.dir/C_/Users/claud/.pico-sdk/sdk/2.1.1/src/rp2_common/hardware_irq/irq.c.obj
                0x10000df8                irq_is_enabled
 .text.irq_set_exclusive_handler
                0x10000e18       0x60 CMakeFiles/Framethrower_Denise.dir/C_/Users/claud/.pico-sdk/sdk/2.1.1/src/rp2_common/hardware_irq/irq.c.obj
                0x10000e18                irq_set_exclusive_handler
 .text.lock_init
                0x10000e78        0xc CMakeFiles/Framethrower_Denise.dir/C_/Users/claud/.pico-sdk/sdk/2.1.1/src/common/pico_sync/lock_core.c.obj
                0x10000e78                lock_init
 .text.runtime_init_mutex
                0x10000e84       0x4c CMakeFiles/Framethrower_Denise.dir/C_/Users/claud/.pico-sdk/sdk/2.1.1/src/common/pico_sync/mutex.c.obj
                0x10000e84                runtime_init_mutex
 .text.sleep_until_callback
                0x10000ed0       0x3c CMakeFiles/Framethrower_Denise.dir/C_/Users/claud/.pico-sdk/sdk/2.1.1/src/common/pico_time/time.c.obj
 *fill*         0x10000f0c        0x4 
 .text.alarm_pool_irq_handler
                0x10000f10      0x2f0 CMakeFiles/Framethrower_Denise.dir/C_/Users/claud/.pico-sdk/sdk/2.1.1/src/common/pico_time/time.c.obj
 .text.runtime_init_default_alarm_pool
                0x10001200      0x100 CMakeFiles/Framethrower_Denise.dir/C_/Users/claud/.pico-sdk/sdk/2.1.1/src/common/pico_time/time.c.obj
                0x10001200                runtime_init_default_alarm_pool
 .text.alarm_pool_add_alarm_at_force_in_context
                0x10001300       0xc8 CMakeFiles/Framethrower_Denise.dir/C_/Users/claud/.pico-sdk/sdk/2.1.1/src/common/pico_time/time.c.obj
                0x10001300                alarm_pool_add_alarm_at_force_in_context
 .text.alarm_pool_cancel_alarm
                0x100013c8       0x80 CMakeFiles/Framethrower_Denise.dir/C_/Users/claud/.pico-sdk/sdk/2.1.1/src/common/pico_time/time.c.obj
                0x100013c8                alarm_pool_cancel_alarm
 .text.sleep_ms
                0x10001448       0xdc CMakeFiles/Framethrower_Denise.dir/C_/Users/claud/.pico-sdk/sdk/2.1.1/src/common/pico_time/time.c.obj
                0x10001448                sleep_ms
 .text.best_effort_wfe_or_timeout
                0x10001524       0xd4 CMakeFiles/Framethrower_Denise.dir/C_/Users/claud/.pico-sdk/sdk/2.1.1/src/common/pico_time/time.c.obj
                0x10001524                best_effort_wfe_or_timeout
 .text.timer_hardware_alarm_claim
                0x100015f8       0x24 CMakeFiles/Framethrower_Denise.dir/C_/Users/claud/.pico-sdk/sdk/2.1.1/src/rp2_common/hardware_timer/timer.c.obj
                0x100015f8                timer_hardware_alarm_claim
 .text.timer_time_us_64
                0x1000161c       0x10 CMakeFiles/Framethrower_Denise.dir/C_/Users/claud/.pico-sdk/sdk/2.1.1/src/rp2_common/hardware_timer/timer.c.obj
                0x1000161c                timer_time_us_64
 .text.time_us_64
                0x1000162c       0x14 CMakeFiles/Framethrower_Denise.dir/C_/Users/claud/.pico-sdk/sdk/2.1.1/src/rp2_common/hardware_timer/timer.c.obj
                0x1000162c                time_us_64
 .text.busy_wait_until
                0x10001640       0x24 CMakeFiles/Framethrower_Denise.dir/C_/Users/claud/.pico-sdk/sdk/2.1.1/src/rp2_common/hardware_timer/timer.c.obj
                0x10001640                busy_wait_until
 .text.clock_configure_undivided
                0x10001664       0xd0 CMakeFiles/Framethrower_Denise.dir/C_/Users/claud/.pico-sdk/sdk/2.1.1/src/rp2_common/hardware_clocks/clocks.c.obj
                0x10001664                clock_configure_undivided
 .text.clock_get_hz
                0x10001734        0xc CMakeFiles/Framethrower_Denise.dir/C_/Users/claud/.pico-sdk/sdk/2.1.1/src/rp2_common/hardware_clocks/clocks.c.obj
                0x10001734                clock_get_hz
 .text.set_sys_clock_pll
                0x10001740      0x184 CMakeFiles/Framethrower_Denise.dir/C_/Users/claud/.pico-sdk/sdk/2.1.1/src/rp2_common/hardware_clocks/clocks.c.obj
                0x10001740                set_sys_clock_pll
 .text.check_sys_clock_khz
                0x100018c4      0x19c CMakeFiles/Framethrower_Denise.dir/C_/Users/claud/.pico-sdk/sdk/2.1.1/src/rp2_common/hardware_clocks/clocks.c.obj
                0x100018c4                check_sys_clock_khz
 .text.pll_init
                0x10001a60       0x8c CMakeFiles/Framethrower_Denise.dir/C_/Users/claud/.pico-sdk/sdk/2.1.1/src/rp2_common/hardware_pll/pll.c.obj
                0x10001a60                pll_init
 .text.vreg_set_voltage
                0x10001aec       0x44 CMakeFiles/Framethrower_Denise.dir/C_/Users/claud/.pico-sdk/sdk/2.1.1/src/rp2_common/hardware_vreg/vreg.c.obj
                0x10001aec                vreg_set_voltage
 .text.vreg_disable_voltage_limit
                0x10001b30       0x10 CMakeFiles/Framethrower_Denise.dir/C_/Users/claud/.pico-sdk/sdk/2.1.1/src/rp2_common/hardware_vreg/vreg.c.obj
                0x10001b30                vreg_disable_voltage_limit
 .text.tick_start
                0x10001b40       0x18 CMakeFiles/Framethrower_Denise.dir/C_/Users/claud/.pico-sdk/sdk/2.1.1/src/rp2_common/hardware_ticks/ticks.c.obj
                0x10001b40                tick_start
 .text.rom_func_lookup
                0x10001b58       0x18 CMakeFiles/Framethrower_Denise.dir/C_/Users/claud/.pico-sdk/sdk/2.1.1/src/rp2_common/pico_bootrom/bootrom.c.obj
                0x10001b58                rom_func_lookup
 .text.runtime_init_bootrom_locking_enable
                0x10001b70       0x14 CMakeFiles/Framethrower_Denise.dir/C_/Users/claud/.pico-sdk/sdk/2.1.1/src/rp2_common/pico_bootrom/bootrom_lock.c.obj
                0x10001b70                runtime_init_bootrom_locking_enable
 .text.runtime_init_boot_locks_reset
                0x10001b84       0x1c CMakeFiles/Framethrower_Denise.dir/C_/Users/claud/.pico-sdk/sdk/2.1.1/src/rp2_common/hardware_boot_lock/boot_lock.c.obj
                0x10001b84                runtime_init_boot_locks_reset
 .text.xosc_init
                0x10001ba0       0x30 CMakeFiles/Framethrower_Denise.dir/C_/Users/claud/.pico-sdk/sdk/2.1.1/src/rp2_common/hardware_xosc/xosc.c.obj
                0x10001ba0                xosc_init
 .text.first_per_core_initializer
                0x10001bd0        0x4 CMakeFiles/Framethrower_Denise.dir/C_/Users/claud/.pico-sdk/sdk/2.1.1/src/rp2_common/pico_runtime/runtime.c.obj
 .text.hard_assertion_failure
                0x10001bd4        0xc CMakeFiles/Framethrower_Denise.dir/C_/Users/claud/.pico-sdk/sdk/2.1.1/src/rp2_common/pico_runtime/runtime.c.obj
                0x10001bd4                hard_assertion_failure
 .text.runtime_run_initializers
                0x10001be0       0x20 CMakeFiles/Framethrower_Denise.dir/C_/Users/claud/.pico-sdk/sdk/2.1.1/src/rp2_common/pico_runtime/runtime.c.obj
                0x10001be0                runtime_run_initializers
 .text.runtime_run_per_core_initializers
                0x10001c00       0x20 CMakeFiles/Framethrower_Denise.dir/C_/Users/claud/.pico-sdk/sdk/2.1.1/src/rp2_common/pico_runtime/runtime.c.obj
                0x10001c00                runtime_run_per_core_initializers
 .text.runtime_init_early_resets
                0x10001c20       0x34 CMakeFiles/Framethrower_Denise.dir/C_/Users/claud/.pico-sdk/sdk/2.1.1/src/rp2_common/pico_runtime_init/runtime_init.c.obj
                0x10001c20                runtime_init_early_resets
 .text.runtime_init_usb_power_down
                0x10001c54       0x1c CMakeFiles/Framethrower_Denise.dir/C_/Users/claud/.pico-sdk/sdk/2.1.1/src/rp2_common/pico_runtime_init/runtime_init.c.obj
                0x10001c54                runtime_init_usb_power_down
 .text.runtime_init_per_core_enable_coprocessors
                0x10001c70       0x1c CMakeFiles/Framethrower_Denise.dir/C_/Users/claud/.pico-sdk/sdk/2.1.1/src/rp2_common/pico_runtime_init/runtime_init.c.obj
                0x10001c70                runtime_init_per_core_enable_coprocessors
 .text.runtime_init_post_clock_resets
                0x10001c8c       0x20 CMakeFiles/Framethrower_Denise.dir/C_/Users/claud/.pico-sdk/sdk/2.1.1/src/rp2_common/pico_runtime_init/runtime_init.c.obj
                0x10001c8c                runtime_init_post_clock_resets
 .text.runtime_init_bootrom_reset
                0x10001cac       0x14 CMakeFiles/Framethrower_Denise.dir/C_/Users/claud/.pico-sdk/sdk/2.1.1/src/rp2_common/pico_runtime_init/runtime_init.c.obj
                0x10001cac                runtime_init_bootrom_reset
 .text.runtime_init_per_core_bootrom_reset
                0x10001cc0       0x14 CMakeFiles/Framethrower_Denise.dir/C_/Users/claud/.pico-sdk/sdk/2.1.1/src/rp2_common/pico_runtime_init/runtime_init.c.obj
                0x10001cc0                runtime_init_per_core_bootrom_reset
 .text.runtime_init_spin_locks_reset
                0x10001cd4        0x4 CMakeFiles/Framethrower_Denise.dir/C_/Users/claud/.pico-sdk/sdk/2.1.1/src/rp2_common/pico_runtime_init/runtime_init.c.obj
                0x10001cd4                runtime_init_spin_locks_reset
 .text.runtime_init_install_ram_vector_table
                0x10001cd8       0x20 CMakeFiles/Framethrower_Denise.dir/C_/Users/claud/.pico-sdk/sdk/2.1.1/src/rp2_common/pico_runtime_init/runtime_init.c.obj
                0x10001cd8                runtime_init_install_ram_vector_table
 .text.runtime_init_clocks
                0x10001cf8       0xdc CMakeFiles/Framethrower_Denise.dir/C_/Users/claud/.pico-sdk/sdk/2.1.1/src/rp2_common/pico_runtime_init/runtime_init_clocks.c.obj
                0x10001cf8                runtime_init_clocks
 .text.__wrap_malloc
                0x10001dd4       0x38 CMakeFiles/Framethrower_Denise.dir/C_/Users/claud/.pico-sdk/sdk/2.1.1/src/rp2_common/pico_malloc/malloc.c.obj
                0x10001dd4                __wrap_malloc
 .text._out_char
                0x10001e0c        0x8 CMakeFiles/Framethrower_Denise.dir/C_/Users/claud/.pico-sdk/sdk/2.1.1/src/rp2_common/pico_printf/printf.c.obj
 .text.weak_raw_vprintf
                0x10001e14       0x30 CMakeFiles/Framethrower_Denise.dir/C_/Users/claud/.pico-sdk/sdk/2.1.1/src/rp2_common/pico_printf/printf.c.obj
                0x10001e14                weak_raw_vprintf
 .text._exit    0x10001e44        0x4 CMakeFiles/Framethrower_Denise.dir/C_/Users/claud/.pico-sdk/sdk/2.1.1/src/rp2_common/pico_clib_interface/newlib_interface.c.obj
                0x10001e44                _exit
 .text._sbrk    0x10001e48       0x2c CMakeFiles/Framethrower_Denise.dir/C_/Users/claud/.pico-sdk/sdk/2.1.1/src/rp2_common/pico_clib_interface/newlib_interface.c.obj
                0x10001e48                _sbrk
 .text._gettimeofday
                0x10001e74       0x34 CMakeFiles/Framethrower_Denise.dir/C_/Users/claud/.pico-sdk/sdk/2.1.1/src/rp2_common/pico_clib_interface/newlib_interface.c.obj
                0x10001e74                _gettimeofday
 .text.exit     0x10001ea8        0x8 CMakeFiles/Framethrower_Denise.dir/C_/Users/claud/.pico-sdk/sdk/2.1.1/src/rp2_common/pico_clib_interface/newlib_interface.c.obj
                0x10001ea8                exit
 .text.runtime_init
                0x10001eb0       0x24 CMakeFiles/Framethrower_Denise.dir/C_/Users/claud/.pico-sdk/sdk/2.1.1/src/rp2_common/pico_clib_interface/newlib_interface.c.obj
                0x10001eb0                runtime_init
 .text.stdio_out_chars_no_crlf
                0x10001ed4        0x8 CMakeFiles/Framethrower_Denise.dir/C_/Users/claud/.pico-sdk/sdk/2.1.1/src/rp2_common/pico_stdio/stdio.c.obj
 .text.stdio_out_chars_crlf
                0x10001edc       0xb0 CMakeFiles/Framethrower_Denise.dir/C_/Users/claud/.pico-sdk/sdk/2.1.1/src/rp2_common/pico_stdio/stdio.c.obj
 .text.stdio_put_string
                0x10001f8c       0xec CMakeFiles/Framethrower_Denise.dir/C_/Users/claud/.pico-sdk/sdk/2.1.1/src/rp2_common/pico_stdio/stdio.c.obj
                0x10001f8c                stdio_put_string
 .text.__wrap_putchar
                0x10002078       0x84 CMakeFiles/Framethrower_Denise.dir/C_/Users/claud/.pico-sdk/sdk/2.1.1/src/rp2_common/pico_stdio/stdio.c.obj
                0x10002078                __wrap_putchar
                0x10002078                stdio_putchar
 .text.__wrap_puts
                0x100020fc       0x3c CMakeFiles/Framethrower_Denise.dir/C_/Users/claud/.pico-sdk/sdk/2.1.1/src/rp2_common/pico_stdio/stdio.c.obj
                0x100020fc                stdio_puts
                0x100020fc                __wrap_puts
 .text.pio_claim_unused_sm
                0x10002138       0x38 CMakeFiles/Framethrower_Denise.dir/C_/Users/claud/.pico-sdk/sdk/2.1.1/src/rp2_common/hardware_pio/pio.c.obj
                0x10002138                pio_claim_unused_sm
 .text.pio_add_program
                0x10002170       0xf4 CMakeFiles/Framethrower_Denise.dir/C_/Users/claud/.pico-sdk/sdk/2.1.1/src/rp2_common/hardware_pio/pio.c.obj
                0x10002170                pio_add_program
 .text.pio_sm_set_consecutive_pindirs
                0x10002264       0x8c CMakeFiles/Framethrower_Denise.dir/C_/Users/claud/.pico-sdk/sdk/2.1.1/src/rp2_common/hardware_pio/pio.c.obj
                0x10002264                pio_sm_set_consecutive_pindirs
 .text.pio_sm_init
                0x100022f0       0xa8 CMakeFiles/Framethrower_Denise.dir/C_/Users/claud/.pico-sdk/sdk/2.1.1/src/rp2_common/hardware_pio/pio.c.obj
                0x100022f0                pio_sm_init
 .text.core1_trampoline
                0x10002398        0x4 CMakeFiles/Framethrower_Denise.dir/C_/Users/claud/.pico-sdk/sdk/2.1.1/src/rp2_common/pico_multicore/multicore.c.obj
 .text.core1_wrapper
                0x1000239c       0x10 CMakeFiles/Framethrower_Denise.dir/C_/Users/claud/.pico-sdk/sdk/2.1.1/src/rp2_common/pico_multicore/multicore.c.obj
                0x1000239c                core1_wrapper
 .text.multicore_launch_core1_raw
                0x100023ac       0x84 CMakeFiles/Framethrower_Denise.dir/C_/Users/claud/.pico-sdk/sdk/2.1.1/src/rp2_common/pico_multicore/multicore.c.obj
                0x100023ac                multicore_launch_core1_raw
 .text.multicore_launch_core1
                0x10002430       0x48 CMakeFiles/Framethrower_Denise.dir/C_/Users/claud/.pico-sdk/sdk/2.1.1/src/rp2_common/pico_multicore/multicore.c.obj
                0x10002430                multicore_launch_core1
 .text.malloc   0x10002478       0x10 C:/Users/claud/.pico-sdk/toolchain/14_2_Rel1/bin/../lib/gcc/arm-none-eabi/14.2.1/thumb/v8-m.main+fp/softfp\libg.a(libc_a-malloc.o)
                0x10002478                malloc
 .text._malloc_r
                0x10002488      0x578 C:/Users/claud/.pico-sdk/toolchain/14_2_Rel1/bin/../lib/gcc/arm-none-eabi/14.2.1/thumb/v8-m.main+fp/softfp\libg.a(libc_a-mallocr.o)
                0x10002488                _malloc_r
 .text.__malloc_lock
                0x10002a00        0xc C:/Users/claud/.pico-sdk/toolchain/14_2_Rel1/bin/../lib/gcc/arm-none-eabi/14.2.1/thumb/v8-m.main+fp/softfp\libg.a(libc_a-mlock.o)
                0x10002a00                __malloc_lock
 .text.__malloc_unlock
                0x10002a0c        0xc C:/Users/claud/.pico-sdk/toolchain/14_2_Rel1/bin/../lib/gcc/arm-none-eabi/14.2.1/thumb/v8-m.main+fp/softfp\libg.a(libc_a-mlock.o)
                0x10002a0c                __malloc_unlock
 .text.srand    0x10002a18       0x10 C:/Users/claud/.pico-sdk/toolchain/14_2_Rel1/bin/../lib/gcc/arm-none-eabi/14.2.1/thumb/v8-m.main+fp/softfp\libg.a(libc_a-rand.o)
                0x10002a18                srand
 .text.rand     0x10002a28       0x40 C:/Users/claud/.pico-sdk/toolchain/14_2_Rel1/bin/../lib/gcc/arm-none-eabi/14.2.1/thumb/v8-m.main+fp/softfp\libg.a(libc_a-rand.o)
                0x10002a28                rand
 .text.memset   0x10002a68       0x9c C:/Users/claud/.pico-sdk/toolchain/14_2_Rel1/bin/../lib/gcc/arm-none-eabi/14.2.1/thumb/v8-m.main+fp/softfp\libg.a(libc_a-memset.o)
                0x10002a68                memset
 .text.time     0x10002b04       0x38 C:/Users/claud/.pico-sdk/toolchain/14_2_Rel1/bin/../lib/gcc/arm-none-eabi/14.2.1/thumb/v8-m.main+fp/softfp\libg.a(libc_a-time.o)
                0x10002b04                time
 .text._gettimeofday_r
                0x10002b3c       0x2c C:/Users/claud/.pico-sdk/toolchain/14_2_Rel1/bin/../lib/gcc/arm-none-eabi/14.2.1/thumb/v8-m.main+fp/softfp\libg.a(libc_a-gettimeofdayr.o)
                0x10002b3c                _gettimeofday_r
 .text._sbrk_r  0x10002b68       0x24 C:/Users/claud/.pico-sdk/toolchain/14_2_Rel1/bin/../lib/gcc/arm-none-eabi/14.2.1/thumb/v8-m.main+fp/softfp\libg.a(libc_a-sbrkr.o)
                0x10002b68                _sbrk_r
 .text.__errno  0x10002b8c        0xc C:/Users/claud/.pico-sdk/toolchain/14_2_Rel1/bin/../lib/gcc/arm-none-eabi/14.2.1/thumb/v8-m.main+fp/softfp\libg.a(libc_a-errno.o)
                0x10002b8c                __errno
 .text.__retarget_lock_acquire_recursive
                0x10002b98        0x4 C:/Users/claud/.pico-sdk/toolchain/14_2_Rel1/bin/../lib/gcc/arm-none-eabi/14.2.1/thumb/v8-m.main+fp/softfp\libg.a(libc_a-lock.o)
                0x10002b98                __retarget_lock_acquire_recursive
 .text.__retarget_lock_release_recursive
                0x10002b9c        0x4 C:/Users/claud/.pico-sdk/toolchain/14_2_Rel1/bin/../lib/gcc/arm-none-eabi/14.2.1/thumb/v8-m.main+fp/softfp\libg.a(libc_a-lock.o)
                0x10002b9c                __retarget_lock_release_recursive
 .text.sysconf  0x10002ba0       0x1c C:/Users/claud/.pico-sdk/toolchain/14_2_Rel1/bin/../lib/gcc/arm-none-eabi/14.2.1/thumb/v8-m.main+fp/softfp\libg.a(libc_a-sysconf.o)
                0x10002ba0                sysconf
 .text          0x10002bbc       0xec C:/Users/claud/.pico-sdk/toolchain/14_2_Rel1/bin/../lib/gcc/arm-none-eabi/14.2.1/thumb/v8-m.main+fp/softfp\libg.a(libc_a-memcpy.o)
                0x10002bbc                memcpy
 .text.strlen   0x10002ca8       0x5c C:/Users/claud/.pico-sdk/toolchain/14_2_Rel1/bin/../lib/gcc/arm-none-eabi/14.2.1/thumb/v8-m.main+fp/softfp\libg.a(libc_a-strlen-stub.o)
                0x10002ca8                strlen
 .text._malloc_trim_r
                0x10002d04       0xb8 C:/Users/claud/.pico-sdk/toolchain/14_2_Rel1/bin/../lib/gcc/arm-none-eabi/14.2.1/thumb/v8-m.main+fp/softfp\libg.a(libc_a-freer.o)
                0x10002d04                _malloc_trim_r
 .text._free_r  0x10002dbc      0x1e8 C:/Users/claud/.pico-sdk/toolchain/14_2_Rel1/bin/../lib/gcc/arm-none-eabi/14.2.1/thumb/v8-m.main+fp/softfp\libg.a(libc_a-freer.o)
                0x10002dbc                _free_r
 *(.fini)
 .fini          0x10002fa4        0x4 C:/Users/claud/.pico-sdk/toolchain/14_2_Rel1/bin/../lib/gcc/arm-none-eabi/14.2.1/thumb/v8-m.main+fp/softfp/crti.o
                0x10002fa4                _fini
 .fini.__stub   0x10002fa8       0x40 linker stubs
 *crtbegin.o(.ctors)
 *crtbegin?.o(.ctors)
 *(EXCLUDE_FILE(*crtend.o *crtend?.o) .ctors)
 *(SORT_BY_NAME(.ctors.*))
 *(.ctors)
 *crtbegin.o(.dtors)
 *crtbegin?.o(.dtors)
 *(EXCLUDE_FILE(*crtend.o *crtend?.o) .dtors)
 *(SORT_BY_NAME(.dtors.*))
 *(.dtors)
                0x10002fe8                        . = ALIGN (0x4)
                0x10002fe8                        PROVIDE (__preinit_array_start = .)
 *(SORT_BY_NAME(.preinit_array.*))
 .preinit_array.00050
                0x10002fe8        0x4 CMakeFiles/Framethrower_Denise.dir/C_/Users/claud/.pico-sdk/sdk/2.1.1/src/rp2_common/pico_runtime_init/runtime_init.c.obj
                0x10002fe8                __pre_init_runtime_init_bootrom_reset
 .preinit_array.00100
                0x10002fec        0x4 CMakeFiles/Framethrower_Denise.dir/C_/Users/claud/.pico-sdk/sdk/2.1.1/src/rp2_common/pico_runtime_init/runtime_init.c.obj
                0x10002fec                __pre_init_runtime_init_early_resets
 .preinit_array.00101
                0x10002ff0        0x4 CMakeFiles/Framethrower_Denise.dir/C_/Users/claud/.pico-sdk/sdk/2.1.1/src/rp2_common/pico_runtime_init/runtime_init.c.obj
                0x10002ff0                __pre_init_runtime_init_usb_power_down
 .preinit_array.00500
                0x10002ff4        0x4 CMakeFiles/Framethrower_Denise.dir/C_/Users/claud/.pico-sdk/sdk/2.1.1/src/rp2_common/pico_runtime_init/runtime_init.c.obj
                0x10002ff4                __pre_init_runtime_init_clocks
 .preinit_array.00600
                0x10002ff8        0x4 CMakeFiles/Framethrower_Denise.dir/C_/Users/claud/.pico-sdk/sdk/2.1.1/src/rp2_common/pico_runtime_init/runtime_init.c.obj
                0x10002ff8                __pre_init_runtime_init_post_clock_resets
 .preinit_array.01000
                0x10002ffc        0x4 CMakeFiles/Framethrower_Denise.dir/C_/Users/claud/.pico-sdk/sdk/2.1.1/src/rp2_common/hardware_boot_lock/boot_lock.c.obj
                0x10002ffc                __pre_init_runtime_init_boot_locks_reset
 .preinit_array.01000
                0x10003000        0x4 CMakeFiles/Framethrower_Denise.dir/C_/Users/claud/.pico-sdk/sdk/2.1.1/src/rp2_common/pico_runtime_init/runtime_init.c.obj
                0x10003000                __pre_init_runtime_init_spin_locks_reset
 .preinit_array.01010
                0x10003004        0x4 CMakeFiles/Framethrower_Denise.dir/C_/Users/claud/.pico-sdk/sdk/2.1.1/src/rp2_common/pico_bootrom/bootrom_lock.c.obj
                0x10003004                __pre_init_runtime_init_bootrom_locking_enable
 .preinit_array.01100
                0x10003008        0x4 CMakeFiles/Framethrower_Denise.dir/C_/Users/claud/.pico-sdk/sdk/2.1.1/src/common/pico_sync/mutex.c.obj
                0x10003008                __pre_init_runtime_init_mutex
 .preinit_array.10080
                0x1000300c        0x4 CMakeFiles/Framethrower_Denise.dir/C_/Users/claud/.pico-sdk/sdk/2.1.1/src/rp2_common/pico_runtime_init/runtime_init.c.obj
                0x1000300c                __pre_init_runtime_init_install_ram_vector_table
 .preinit_array.11000
                0x10003010        0x4 CMakeFiles/Framethrower_Denise.dir/C_/Users/claud/.pico-sdk/sdk/2.1.1/src/common/pico_time/time.c.obj
                0x10003010                __pre_init_runtime_init_default_alarm_pool
 .preinit_array.YYYYY
                0x10003014        0x4 CMakeFiles/Framethrower_Denise.dir/C_/Users/claud/.pico-sdk/sdk/2.1.1/src/rp2_common/pico_runtime/runtime.c.obj
                0x10003014                __pre_init_first_per_core_initializer
 .preinit_array.ZZZZZ.00051
                0x10003018        0x4 CMakeFiles/Framethrower_Denise.dir/C_/Users/claud/.pico-sdk/sdk/2.1.1/src/rp2_common/pico_runtime_init/runtime_init.c.obj
                0x10003018                __pre_init_runtime_init_per_core_bootrom_reset
 .preinit_array.ZZZZZ.00200
                0x1000301c        0x4 CMakeFiles/Framethrower_Denise.dir/C_/Users/claud/.pico-sdk/sdk/2.1.1/src/rp2_common/pico_runtime_init/runtime_init.c.obj
                0x1000301c                __pre_init_runtime_init_per_core_enable_coprocessors
 .preinit_array.ZZZZZ.01000
                0x10003020        0x4 CMakeFiles/Framethrower_Denise.dir/C_/Users/claud/.pico-sdk/sdk/2.1.1/src/rp2_common/hardware_sync_spin_lock/sync_spin_lock.c.obj
                0x10003020                __pre_init_spinlock_set_extexclall
 .preinit_array.ZZZZZ.01200
                0x10003024        0x4 CMakeFiles/Framethrower_Denise.dir/C_/Users/claud/.pico-sdk/sdk/2.1.1/src/rp2_common/hardware_irq/irq.c.obj
                0x10003024                __pre_init_runtime_init_per_core_irq_priorities
 *(.preinit_array)
                0x10003028                        PROVIDE (__preinit_array_end = .)
                0x10003028                        . = ALIGN (0x4)
                0x10003028                        PROVIDE (__init_array_start = .)
 *(SORT_BY_NAME(.init_array.*))
 *(.init_array)
 .init_array    0x10003028        0x4 C:/Users/claud/.pico-sdk/toolchain/14_2_Rel1/bin/../lib/gcc/arm-none-eabi/14.2.1/thumb/v8-m.main+fp/softfp/crtbegin.o
                0x1000302c                        PROVIDE (__init_array_end = .)
                0x1000302c                        . = ALIGN (0x4)
                [!provide]                        PROVIDE (__fini_array_start = .)
 *(SORT_BY_NAME(.fini_array.*))
 *(.fini_array)
                [!provide]                        PROVIDE (__fini_array_end = .)
 *(.eh_frame*)
 .eh_frame      0x1000302c        0x0 C:/Users/claud/.pico-sdk/toolchain/14_2_Rel1/bin/../lib/gcc/arm-none-eabi/14.2.1/thumb/v8-m.main+fp/softfp/crtbegin.o
                0x1000302c                        . = ALIGN (0x4)

.glue_7         0x1000302c        0x0
 .glue_7        0x1000302c        0x0 linker stubs

.glue_7t        0x1000302c        0x0
 .glue_7t       0x1000302c        0x0 linker stubs

.vfp11_veneer   0x1000302c        0x0
 .vfp11_veneer  0x1000302c        0x0 linker stubs

.v4_bx          0x1000302c        0x0
 .v4_bx         0x1000302c        0x0 linker stubs

.iplt           0x1000302c        0x0
 .iplt          0x1000302c        0x0 C:/Users/claud/.pico-sdk/toolchain/14_2_Rel1/bin/../lib/gcc/arm-none-eabi/14.2.1/thumb/v8-m.main+fp/softfp/crtbegin.o

.boot2          0x1000302c        0x0
                0x1000302c                        __boot2_start__ = .
 *(.boot2)
                0x1000302c                        __boot2_end__ = .
                0x00000001                        ASSERT (((__boot2_end__ - __boot2_start__) <= 0x100), ERROR: Pico second stage bootloader must be no more than 256 bytes in size)

.rodata         0x1000302c      0x19c
 *(EXCLUDE_FILE(*libm.a: *libc.a:*lib_a-mem*.o *libgcc.a:) .rodata*)
 .rodata.main.str1.4
                0x1000302c       0xf8 CMakeFiles/Framethrower_Denise.dir/Framethrower_Denise.c.obj
                                 0x32 (size before relaxing)
 .rodata.video_capture_program
                0x10003124        0x8 CMakeFiles/Framethrower_Denise.dir/Framethrower_Denise.c.obj
 .rodata.video_capture_program_instructions
                0x1000312c       0x16 CMakeFiles/Framethrower_Denise.dir/Framethrower_Denise.c.obj
 *fill*         0x10003142        0x2 
 .rodata.parityTable
                0x10003144       0x20 CMakeFiles/Framethrower_Denise.dir/data_packet.c.obj
                0x10003144                parityTable
 .rodata.panic.str1.4
                0x10003164       0x12 CMakeFiles/Framethrower_Denise.dir/C_/Users/claud/.pico-sdk/sdk/2.1.1/src/rp2_common/pico_platform_panic/panic.c.obj
 .rodata.timer_hardware_alarm_claim.str1.4
                0x10003164       0x22 CMakeFiles/Framethrower_Denise.dir/C_/Users/claud/.pico-sdk/sdk/2.1.1/src/rp2_common/hardware_timer/timer.c.obj
 .rodata.hard_assertion_failure.str1.4
                0x10003164        0xc CMakeFiles/Framethrower_Denise.dir/C_/Users/claud/.pico-sdk/sdk/2.1.1/src/rp2_common/pico_runtime/runtime.c.obj
 .rodata.__wrap_malloc.str1.4
                0x10003164        0xe CMakeFiles/Framethrower_Denise.dir/C_/Users/claud/.pico-sdk/sdk/2.1.1/src/rp2_common/pico_malloc/malloc.c.obj
 .rodata.str1.4
                0x10003164       0x4c CMakeFiles/Framethrower_Denise.dir/C_/Users/claud/.pico-sdk/sdk/2.1.1/src/rp2_common/pico_standard_binary_info/standard_binary_info.c.obj
 .rodata.__bi_84
                0x10003164        0xc CMakeFiles/Framethrower_Denise.dir/C_/Users/claud/.pico-sdk/sdk/2.1.1/src/rp2_common/pico_standard_binary_info/standard_binary_info.c.obj
 .rodata.__bi_78
                0x10003170        0xc CMakeFiles/Framethrower_Denise.dir/C_/Users/claud/.pico-sdk/sdk/2.1.1/src/rp2_common/pico_standard_binary_info/standard_binary_info.c.obj
 .rodata.__bi_60
                0x1000317c        0xc CMakeFiles/Framethrower_Denise.dir/C_/Users/claud/.pico-sdk/sdk/2.1.1/src/rp2_common/pico_standard_binary_info/standard_binary_info.c.obj
 .rodata.__bi_54
                0x10003188        0xc CMakeFiles/Framethrower_Denise.dir/C_/Users/claud/.pico-sdk/sdk/2.1.1/src/rp2_common/pico_standard_binary_info/standard_binary_info.c.obj
 .rodata.__bi_48
                0x10003194        0xc CMakeFiles/Framethrower_Denise.dir/C_/Users/claud/.pico-sdk/sdk/2.1.1/src/rp2_common/pico_standard_binary_info/standard_binary_info.c.obj
 .rodata.__bi_42
                0x100031a0        0xc CMakeFiles/Framethrower_Denise.dir/C_/Users/claud/.pico-sdk/sdk/2.1.1/src/rp2_common/pico_standard_binary_info/standard_binary_info.c.obj
 .rodata.__bi_34
                0x100031ac        0xc CMakeFiles/Framethrower_Denise.dir/C_/Users/claud/.pico-sdk/sdk/2.1.1/src/rp2_common/pico_standard_binary_info/standard_binary_info.c.obj
 .rodata.__bi_26
                0x100031b8        0xc CMakeFiles/Framethrower_Denise.dir/C_/Users/claud/.pico-sdk/sdk/2.1.1/src/rp2_common/pico_standard_binary_info/standard_binary_info.c.obj
 .rodata.crlf_str.0
                0x100031c4        0x2 CMakeFiles/Framethrower_Denise.dir/C_/Users/claud/.pico-sdk/sdk/2.1.1/src/rp2_common/pico_stdio/stdio.c.obj
 .rodata.pio_claim_unused_sm.str1.4
                0x100031c6       0x24 CMakeFiles/Framethrower_Denise.dir/C_/Users/claud/.pico-sdk/sdk/2.1.1/src/rp2_common/hardware_pio/pio.c.obj
 *(.srodata*)
                0x100031ec                        . = ALIGN (0x4)
 *fill*         0x100031c6        0x2 
 *(SORT_BY_ALIGNMENT(SORT_BY_NAME(.flashdata*)))
                0x100031c8                        . = ALIGN (0x4)

.ARM.extab
 *(.ARM.extab* .gnu.linkonce.armextab.*)
                0x100031c8                        __exidx_start = .

.ARM.exidx      0x100031c8        0x8
 *(.ARM.exidx* .gnu.linkonce.armexidx.*)
 .ARM.exidx     0x100031c8        0x8 C:/Users/claud/.pico-sdk/toolchain/14_2_Rel1/bin/../lib/gcc/arm-none-eabi/14.2.1/thumb/v8-m.main+fp/softfp\libg.a(libc_a-memcpy.o)
 .ARM.exidx.text.__udivmoddi4
                0x100031d0        0x0 C:/Users/claud/.pico-sdk/toolchain/14_2_Rel1/bin/../lib/gcc/arm-none-eabi/14.2.1/thumb/v8-m.main+fp/softfp\libgcc.a(_udivmoddi4.o)
                                  0x8 (size before relaxing)
                0x100031d0                        __exidx_end = .
                0x100031d0                        . = ALIGN (0x4)
                0x100031d0                        __binary_info_start = .

.binary_info    0x100031d0       0x20
 *(.binary_info.keep.*)
 .binary_info.keep.__bi_ptr84
                0x100031d0        0x4 CMakeFiles/Framethrower_Denise.dir/C_/Users/claud/.pico-sdk/sdk/2.1.1/src/rp2_common/pico_standard_binary_info/standard_binary_info.c.obj
 .binary_info.keep.__bi_ptr78
                0x100031d4        0x4 CMakeFiles/Framethrower_Denise.dir/C_/Users/claud/.pico-sdk/sdk/2.1.1/src/rp2_common/pico_standard_binary_info/standard_binary_info.c.obj
 .binary_info.keep.__bi_ptr60
                0x100031d8        0x4 CMakeFiles/Framethrower_Denise.dir/C_/Users/claud/.pico-sdk/sdk/2.1.1/src/rp2_common/pico_standard_binary_info/standard_binary_info.c.obj
 .binary_info.keep.__bi_ptr54
                0x100031dc        0x4 CMakeFiles/Framethrower_Denise.dir/C_/Users/claud/.pico-sdk/sdk/2.1.1/src/rp2_common/pico_standard_binary_info/standard_binary_info.c.obj
 .binary_info.keep.__bi_ptr48
                0x100031e0        0x4 CMakeFiles/Framethrower_Denise.dir/C_/Users/claud/.pico-sdk/sdk/2.1.1/src/rp2_common/pico_standard_binary_info/standard_binary_info.c.obj
 .binary_info.keep.__bi_ptr42
                0x100031e4        0x4 CMakeFiles/Framethrower_Denise.dir/C_/Users/claud/.pico-sdk/sdk/2.1.1/src/rp2_common/pico_standard_binary_info/standard_binary_info.c.obj
 .binary_info.keep.__bi_ptr34
                0x100031e8        0x4 CMakeFiles/Framethrower_Denise.dir/C_/Users/claud/.pico-sdk/sdk/2.1.1/src/rp2_common/pico_standard_binary_info/standard_binary_info.c.obj
 .binary_info.keep.__bi_ptr26
                0x100031ec        0x4 CMakeFiles/Framethrower_Denise.dir/C_/Users/claud/.pico-sdk/sdk/2.1.1/src/rp2_common/pico_standard_binary_info/standard_binary_info.c.obj
 *(.binary_info.*)
                0x100031f0                        __binary_info_end = .
                0x100031f0                        . = ALIGN (0x4)

.ram_vector_table
                0x20000000      0x110
 *(.ram_vector_table)
 .ram_vector_table
                0x20000000      0x110 CMakeFiles/Framethrower_Denise.dir/C_/Users/claud/.pico-sdk/sdk/2.1.1/src/rp2_common/pico_runtime_init/runtime_init.c.obj
                0x20000000                ram_vector_table

.uninitialized_data
                0x20000110        0x0
                0x20000110                        . = ALIGN (0x4)
 *(.uninitialized_data*)

.data           0x20000110     0x1198 load address 0x100031f0
                0x20000110                        __data_start__ = .
 *(vtable)
 *(.time_critical*)
 .time_critical.pio_interrupt_handler
                0x20000110       0x2c CMakeFiles/Framethrower_Denise.dir/Framethrower_Denise.c.obj
                0x20000110                pio_interrupt_handler
 .time_critical.get_pio_line
                0x2000013c       0xa0 CMakeFiles/Framethrower_Denise.dir/Framethrower_Denise.c.obj
                0x2000013c                get_pio_line
 .time_critical.encode_header
                0x200001dc      0x234 CMakeFiles/Framethrower_Denise.dir/data_packet.c.obj
                0x200001dc                encode_header
 .time_critical.encode_subpacket
                0x20000410       0xb4 CMakeFiles/Framethrower_Denise.dir/data_packet.c.obj
                0x20000410                encode_subpacket
 .time_critical.set_audio_sample
                0x200004c4      0x140 CMakeFiles/Framethrower_Denise.dir/data_packet.c.obj
                0x200004c4                set_audio_sample
 .time_critical.TERC4Syms_
                0x20000604       0x20 CMakeFiles/Framethrower_Denise.dir/data_packet.c.obj
                0x20000604                TERC4Syms_
 .time_critical.bchTable_
                0x20000624      0x100 CMakeFiles/Framethrower_Denise.dir/data_packet.c.obj
                0x20000624                bchTable_
 .time_critical.mutex_enter_blocking
                0x20000724       0x80 CMakeFiles/Framethrower_Denise.dir/C_/Users/claud/.pico-sdk/sdk/2.1.1/src/common/pico_sync/mutex.c.obj
                0x20000724                mutex_enter_blocking
 .time_critical.mutex_enter_block_until
                0x200007a4       0x6c CMakeFiles/Framethrower_Denise.dir/C_/Users/claud/.pico-sdk/sdk/2.1.1/src/common/pico_sync/mutex.c.obj
                0x200007a4                mutex_enter_block_until
 .time_critical.mutex_try_enter_block_until
                0x20000810       0x68 CMakeFiles/Framethrower_Denise.dir/C_/Users/claud/.pico-sdk/sdk/2.1.1/src/common/pico_sync/mutex.c.obj
                0x20000810                mutex_try_enter_block_until
 .time_critical.mutex_exit
                0x20000878       0x3c CMakeFiles/Framethrower_Denise.dir/C_/Users/claud/.pico-sdk/sdk/2.1.1/src/common/pico_sync/mutex.c.obj
                0x20000878                mutex_exit
 *(.text*)
 .text          0x200008b4       0xa0 C:/Users/claud/.pico-sdk/toolchain/14_2_Rel1/bin/../lib/gcc/arm-none-eabi/14.2.1/thumb/v8-m.main+fp/softfp\libgcc.a(_aeabi_ldivmod.o)
                0x200008b4                __aeabi_ldivmod
 .text.__udivmoddi4
                0x20000954      0x34c C:/Users/claud/.pico-sdk/toolchain/14_2_Rel1/bin/../lib/gcc/arm-none-eabi/14.2.1/thumb/v8-m.main+fp/softfp\libgcc.a(_udivmoddi4.o)
                0x20000954                __udivmoddi4
 .text          0x20000ca0        0x4 C:/Users/claud/.pico-sdk/toolchain/14_2_Rel1/bin/../lib/gcc/arm-none-eabi/14.2.1/thumb/v8-m.main+fp/softfp\libgcc.a(_dvmd_tls.o)
                0x20000ca0                __aeabi_idiv0
                0x20000ca0                __aeabi_ldiv0
 *fill*         0x20000ca4        0x4 
 .text.__stub   0x20000ca8       0x10 linker stubs
                0x20000cb8                        . = ALIGN (0x4)
 *(.rodata*)
                0x20000cb8                        . = ALIGN (0x4)
 *(.data*)
 .data.v_scanline
                0x20000cb8        0x4 CMakeFiles/Framethrower_Denise.dir/Framethrower_Denise.c.obj
 .data.vactive_line
                0x20000cbc       0x2c CMakeFiles/Framethrower_Denise.dir/Framethrower_Denise.c.obj
 .data.vblank_line_vsync_on
                0x20000ce8       0x1c CMakeFiles/Framethrower_Denise.dir/Framethrower_Denise.c.obj
 .data.vblank_line_vsync_off
                0x20000d04       0x1c CMakeFiles/Framethrower_Denise.dir/Framethrower_Denise.c.obj
 .data.striped_spin_lock_num
                0x20000d20        0x1 CMakeFiles/Framethrower_Denise.dir/C_/Users/claud/.pico-sdk/sdk/2.1.1/src/rp2_common/hardware_sync/sync.c.obj
 *fill*         0x20000d21        0x3 
 .data.default_alarm_pool
                0x20000d24       0x18 CMakeFiles/Framethrower_Denise.dir/C_/Users/claud/.pico-sdk/sdk/2.1.1/src/common/pico_time/time.c.obj
 .data.__malloc_sbrk_base
                0x20000d3c        0x4 C:/Users/claud/.pico-sdk/toolchain/14_2_Rel1/bin/../lib/gcc/arm-none-eabi/14.2.1/thumb/v8-m.main+fp/softfp\libg.a(libc_a-mallocr.o)
                0x20000d3c                __malloc_sbrk_base
 .data.__malloc_trim_threshold
                0x20000d40        0x4 C:/Users/claud/.pico-sdk/toolchain/14_2_Rel1/bin/../lib/gcc/arm-none-eabi/14.2.1/thumb/v8-m.main+fp/softfp\libg.a(libc_a-mallocr.o)
                0x20000d40                __malloc_trim_threshold
 *fill*         0x20000d44        0x4 
 .data.__malloc_av_
                0x20000d48      0x408 C:/Users/claud/.pico-sdk/toolchain/14_2_Rel1/bin/../lib/gcc/arm-none-eabi/14.2.1/thumb/v8-m.main+fp/softfp\libg.a(libc_a-mallocr.o)
                0x20000d48                __malloc_av_
 .data._impure_ptr
                0x20001150        0x4 C:/Users/claud/.pico-sdk/toolchain/14_2_Rel1/bin/../lib/gcc/arm-none-eabi/14.2.1/thumb/v8-m.main+fp/softfp\libg.a(libc_a-impure.o)
                0x20001150                _impure_ptr
 *fill*         0x20001154        0x4 
 .data._impure_data
                0x20001158      0x140 C:/Users/claud/.pico-sdk/toolchain/14_2_Rel1/bin/../lib/gcc/arm-none-eabi/14.2.1/thumb/v8-m.main+fp/softfp\libg.a(libc_a-impure.o)
                0x20001158                _impure_data
 *(.sdata*)
                0x20001298                        . = ALIGN (0x4)
 *(.after_data.*)
                0x20001298                        . = ALIGN (0x4)
                0x20001298                        PROVIDE (__mutex_array_start = .)
 *(SORT_BY_NAME(.mutex_array.*))
 *(.mutex_array)
 .mutex_array   0x20001298        0x8 CMakeFiles/Framethrower_Denise.dir/C_/Users/claud/.pico-sdk/sdk/2.1.1/src/rp2_common/pico_malloc/malloc.c.obj
 .mutex_array   0x200012a0        0x8 CMakeFiles/Framethrower_Denise.dir/C_/Users/claud/.pico-sdk/sdk/2.1.1/src/rp2_common/pico_stdio/stdio.c.obj
                0x200012a8                        PROVIDE (__mutex_array_end = .)
 *(.jcr)
                0x200012a8                        . = ALIGN (0x4)

.tm_clone_table
                0x200012a8        0x0 load address 0x10004388
 .tm_clone_table
                0x200012a8        0x0 C:/Users/claud/.pico-sdk/toolchain/14_2_Rel1/bin/../lib/gcc/arm-none-eabi/14.2.1/thumb/v8-m.main+fp/softfp/crtbegin.o
 .tm_clone_table
                0x200012a8        0x0 C:/Users/claud/.pico-sdk/toolchain/14_2_Rel1/bin/../lib/gcc/arm-none-eabi/14.2.1/thumb/v8-m.main+fp/softfp/crtend.o

.igot.plt       0x200012a8        0x0 load address 0x10004388
 .igot.plt      0x200012a8        0x0 C:/Users/claud/.pico-sdk/toolchain/14_2_Rel1/bin/../lib/gcc/arm-none-eabi/14.2.1/thumb/v8-m.main+fp/softfp/crtbegin.o

.tdata          0x200012a8        0x0 load address 0x10004388
                0x200012a8                        . = ALIGN (0x4)
 *(.tdata .tdata.* .gnu.linkonce.td.*)
                0x200012a8                        __tdata_end = .
                0x200012a8                        PROVIDE (__data_end__ = .)
                0x100031f0                        __etext = LOADADDR (.data)

.tbss           0x200012a8        0x0 load address 0x10004388
                0x200012a8                        . = ALIGN (0x4)
                0x200012a8                        __bss_start__ = .
                0x200012a8                        __tls_base = .
 *(.tbss .tbss.* .gnu.linkonce.tb.*)
 *(.tcommon)
                0x200012a8                        __tls_end = .

.bss            0x200012a8     0x12cc load address 0x10004388
                0x200012a8                        . = ALIGN (0x4)
                0x200012a8                        __tbss_end = .
 *(SORT_BY_ALIGNMENT(SORT_BY_NAME(.bss*)))
 .bss.acr_p     0x200012a8      0x100 CMakeFiles/Framethrower_Denise.dir/Framethrower_Denise.c.obj
                0x200012a8                acr_p
 .bss.asp_p     0x200013a8      0x3fc CMakeFiles/Framethrower_Denise.dir/Framethrower_Denise.c.obj
                0x200013a8                asp_p
 *fill*         0x200017a4        0x4 
 .bss.default_alarm_pool_entries
                0x200017a8      0x180 CMakeFiles/Framethrower_Denise.dir/C_/Users/claud/.pico-sdk/sdk/2.1.1/src/common/pico_time/time.c.obj
 .bss.epoch_time_us_since_boot
                0x20001928        0x8 CMakeFiles/Framethrower_Denise.dir/C_/Users/claud/.pico-sdk/sdk/2.1.1/src/rp2_common/pico_clib_interface/newlib_interface.c.obj
 .bss.info_aif_p
                0x20001930      0x100 CMakeFiles/Framethrower_Denise.dir/Framethrower_Denise.c.obj
                0x20001930                info_aif_p
 .bss.info_avi_p
                0x20001a30      0x100 CMakeFiles/Framethrower_Denise.dir/Framethrower_Denise.c.obj
                0x20001a30                info_avi_p
 .bss.__lock___malloc_recursive_mutex
                0x20001b30        0x1 C:/Users/claud/.pico-sdk/toolchain/14_2_Rel1/bin/../lib/gcc/arm-none-eabi/14.2.1/thumb/v8-m.main+fp/softfp\libg.a(libc_a-lock.o)
                0x20001b30                __lock___malloc_recursive_mutex
 *fill*         0x20001b31        0x3 
 .bss.__malloc_current_mallinfo
                0x20001b34       0x28 C:/Users/claud/.pico-sdk/toolchain/14_2_Rel1/bin/../lib/gcc/arm-none-eabi/14.2.1/thumb/v8-m.main+fp/softfp\libg.a(libc_a-mallocr.o)
                0x20001b34                __malloc_current_mallinfo
 .bss.__malloc_max_sbrked_mem
                0x20001b5c        0x4 C:/Users/claud/.pico-sdk/toolchain/14_2_Rel1/bin/../lib/gcc/arm-none-eabi/14.2.1/thumb/v8-m.main+fp/softfp\libg.a(libc_a-mallocr.o)
                0x20001b5c                __malloc_max_sbrked_mem
 .bss.__malloc_max_total_mem
                0x20001b60        0x4 C:/Users/claud/.pico-sdk/toolchain/14_2_Rel1/bin/../lib/gcc/arm-none-eabi/14.2.1/thumb/v8-m.main+fp/softfp\libg.a(libc_a-mallocr.o)
                0x20001b60                __malloc_max_total_mem
 .bss.__malloc_top_pad
                0x20001b64        0x4 C:/Users/claud/.pico-sdk/toolchain/14_2_Rel1/bin/../lib/gcc/arm-none-eabi/14.2.1/thumb/v8-m.main+fp/softfp\libg.a(libc_a-mallocr.o)
                0x20001b64                __malloc_top_pad
 .bss.__sf      0x20001b68      0x138 C:/Users/claud/.pico-sdk/toolchain/14_2_Rel1/bin/../lib/gcc/arm-none-eabi/14.2.1/thumb/v8-m.main+fp/softfp\libg.a(libc_a-findfp.o)
                0x20001b68                __sf
 .bss._sw_spin_locks
                0x20001ca0       0x20 CMakeFiles/Framethrower_Denise.dir/C_/Users/claud/.pico-sdk/sdk/2.1.1/src/rp2_common/hardware_sync_spin_lock/sync_spin_lock.c.obj
                0x20001ca0                _sw_spin_locks
 .bss._used_instruction_space
                0x20001cc0        0xc CMakeFiles/Framethrower_Denise.dir/C_/Users/claud/.pico-sdk/sdk/2.1.1/src/rp2_common/hardware_pio/pio.c.obj
 .bss.acr_len   0x20001ccc        0x4 CMakeFiles/Framethrower_Denise.dir/Framethrower_Denise.c.obj
                0x20001ccc                acr_len
 .bss.asp_len   0x20001cd0        0x4 CMakeFiles/Framethrower_Denise.dir/Framethrower_Denise.c.obj
                0x20001cd0                asp_len
 .bss.audio     0x20001cd4        0x4 CMakeFiles/Framethrower_Denise.dir/Framethrower_Denise.c.obj
                0x20001cd4                audio
 .bss.claimed   0x20001cd8        0x2 CMakeFiles/Framethrower_Denise.dir/C_/Users/claud/.pico-sdk/sdk/2.1.1/src/rp2_common/hardware_timer/timer.c.obj
 *fill*         0x20001cda        0x2 
 .bss.claimed   0x20001cdc        0x2 CMakeFiles/Framethrower_Denise.dir/C_/Users/claud/.pico-sdk/sdk/2.1.1/src/rp2_common/hardware_pio/pio.c.obj
 *fill*         0x20001cde        0x2 
 .bss.configured_freq
                0x20001ce0       0x28 CMakeFiles/Framethrower_Denise.dir/C_/Users/claud/.pico-sdk/sdk/2.1.1/src/rp2_common/hardware_clocks/clocks.c.obj
 .bss.drivers   0x20001d08        0x4 CMakeFiles/Framethrower_Denise.dir/C_/Users/claud/.pico-sdk/sdk/2.1.1/src/rp2_common/pico_stdio/stdio.c.obj
 .bss.errno     0x20001d0c        0x4 C:/Users/claud/.pico-sdk/toolchain/14_2_Rel1/bin/../lib/gcc/arm-none-eabi/14.2.1/thumb/v8-m.main+fp/softfp\libg.a(libc_a-reent.o)
                0x20001d0c                errno
 .bss.filter    0x20001d10        0x4 CMakeFiles/Framethrower_Denise.dir/C_/Users/claud/.pico-sdk/sdk/2.1.1/src/rp2_common/pico_stdio/stdio.c.obj
 .bss.framebuffer
                0x20001d14        0x4 CMakeFiles/Framethrower_Denise.dir/Framethrower_Denise.c.obj
                0x20001d14                framebuffer
 .bss.framecnt  0x20001d18        0x4 CMakeFiles/Framethrower_Denise.dir/Framethrower_Denise.c.obj
                0x20001d18                framecnt
 .bss.heap_end.0
                0x20001d1c        0x4 CMakeFiles/Framethrower_Denise.dir/C_/Users/claud/.pico-sdk/sdk/2.1.1/src/rp2_common/pico_clib_interface/newlib_interface.c.obj
 .bss.info_aif_len
                0x20001d20        0x4 CMakeFiles/Framethrower_Denise.dir/Framethrower_Denise.c.obj
                0x20001d20                info_aif_len
 .bss.info_avi_len
                0x20001d24        0x4 CMakeFiles/Framethrower_Denise.dir/Framethrower_Denise.c.obj
                0x20001d24                info_avi_len
 .bss.lazy_vsnprintf
                0x20001d28        0x4 CMakeFiles/Framethrower_Denise.dir/C_/Users/claud/.pico-sdk/sdk/2.1.1/src/rp2_common/pico_printf/printf.c.obj
 .bss.line_buffer_rgb444
                0x20001d2c      0x800 CMakeFiles/Framethrower_Denise.dir/Framethrower_Denise.c.obj
                0x20001d2c                line_buffer_rgb444
 .bss.object.0  0x2000252c       0x18 C:/Users/claud/.pico-sdk/toolchain/14_2_Rel1/bin/../lib/gcc/arm-none-eabi/14.2.1/thumb/v8-m.main+fp/softfp/crtbegin.o
 .bss.pio       0x20002544        0x4 CMakeFiles/Framethrower_Denise.dir/Framethrower_Denise.c.obj
                0x20002544                pio
 .bss.pools     0x20002548       0x20 CMakeFiles/Framethrower_Denise.dir/C_/Users/claud/.pico-sdk/sdk/2.1.1/src/common/pico_time/time.c.obj
 .bss.sleep_notifier
                0x20002568        0x4 CMakeFiles/Framethrower_Denise.dir/C_/Users/claud/.pico-sdk/sdk/2.1.1/src/common/pico_time/time.c.obj
 .bss.sm        0x2000256c        0x4 CMakeFiles/Framethrower_Denise.dir/Framethrower_Denise.c.obj
                0x2000256c                sm
 .bss.dma_pong  0x20002570        0x1 CMakeFiles/Framethrower_Denise.dir/Framethrower_Denise.c.obj
 .bss.first_line_output_done
                0x20002571        0x1 CMakeFiles/Framethrower_Denise.dir/Framethrower_Denise.c.obj
 .bss.pio_interrupt_triggered
                0x20002572        0x1 CMakeFiles/Framethrower_Denise.dir/Framethrower_Denise.c.obj
                0x20002572                pio_interrupt_triggered
 .bss.vactive_cmdlist_posted
                0x20002573        0x1 CMakeFiles/Framethrower_Denise.dir/Framethrower_Denise.c.obj
 *(COMMON)
                [!provide]                        PROVIDE (__global_pointer$ = (. + 0x800))
 *(.sbss*)
                0x20002574                        . = ALIGN (0x4)
                0x20002574                        __bss_end__ = .

.heap           0x20002574      0x800 load address 0x10004388
                0x20002574                        __end__ = .
                0x20002574                        end = __end__
 *(.heap*)
 .heap          0x20002574      0x800 CMakeFiles/Framethrower_Denise.dir/C_/Users/claud/.pico-sdk/sdk/2.1.1/src/rp2_common/pico_crt0/crt0.S.obj
                0x20080000                        __HeapLimit = (ORIGIN (RAM) + LENGTH (RAM))

.scratch_x      0x20080000      0x140 load address 0x10004388
                0x20080000                        __scratch_x_start__ = .
 *(.scratch_x.*)
 .scratch_x.    0x20080000      0x140 CMakeFiles/Framethrower_Denise.dir/Framethrower_Denise.c.obj
                0x20080000                dma_irq_handler
                0x20080140                        . = ALIGN (0x4)
                0x20080140                        __scratch_x_end__ = .
                0x10004388                        __scratch_x_source__ = LOADADDR (.scratch_x)

.scratch_y      0x20081000        0x0 load address 0x100044c8
                0x20081000                        __scratch_y_start__ = .
 *(.scratch_y.*)
                0x20081000                        . = ALIGN (0x4)
                0x20081000                        __scratch_y_end__ = .
                0x100044c8                        __scratch_y_source__ = LOADADDR (.scratch_y)

.stack1_dummy   0x20080140      0x800
 *(.stack1*)
 .stack1        0x20080140      0x800 CMakeFiles/Framethrower_Denise.dir/C_/Users/claud/.pico-sdk/sdk/2.1.1/src/rp2_common/pico_multicore/multicore.c.obj

.stack_dummy    0x20081000      0x800
 *(.stack*)
 .stack         0x20081000      0x800 CMakeFiles/Framethrower_Denise.dir/C_/Users/claud/.pico-sdk/sdk/2.1.1/src/rp2_common/pico_crt0/crt0.S.obj

.flash_end      0x100044c8       0x14
 *(.embedded_end_block*)
 .embedded_end_block
                0x100044c8       0x14 CMakeFiles/Framethrower_Denise.dir/C_/Users/claud/.pico-sdk/sdk/2.1.1/src/rp2_common/pico_crt0/crt0.S.obj
                0x100044dc                        PROVIDE (__flash_binary_end = .)
                0x20080000                        __StackLimit = (ORIGIN (RAM) + LENGTH (RAM))
                0x20081000                        __StackOneTop = (ORIGIN (SCRATCH_X) + LENGTH (SCRATCH_X))
                0x20082000                        __StackTop = (ORIGIN (SCRATCH_Y) + LENGTH (SCRATCH_Y))
                0x20080800                        __StackOneBottom = (__StackOneTop - SIZEOF (.stack1_dummy))
                0x20081800                        __StackBottom = (__StackTop - SIZEOF (.stack_dummy))
                0x20082000                        PROVIDE (__stack = __StackTop)
                [!provide]                        PROVIDE (__heap_start = __end__)
                [!provide]                        PROVIDE (__heap_end = __HeapLimit)
                [!provide]                        PROVIDE (__tls_align = MAX (ALIGNOF (.tdata), ALIGNOF (.tbss)))
                [!provide]                        PROVIDE (__tls_size_align = (((__tls_size + __tls_align) - 0x1) & ~ ((__tls_align - 0x1))))
                [!provide]                        PROVIDE (__arm32_tls_tcb_offset = MAX (0x8, __tls_align))
                [!provide]                        PROVIDE (_end = __end__)
                [!provide]                        PROVIDE (__llvm_libc_heap_limit = __HeapLimit)
                0x00000001                        ASSERT ((__StackLimit >= __HeapLimit), region RAM overflowed)
                0x00000001                        ASSERT (((__binary_info_header_end - __logical_binary_start) <= 0x400), Binary info must be in first 1024 bytes of the binary)
                0x00000001                        ASSERT (((__embedded_block_end - __logical_binary_start) <= 0x1000), Embedded block must be in first 4096 bytes of the binary)
LOAD CMakeFiles/Framethrower_Denise.dir/Framethrower_Denise.c.obj
LOAD CMakeFiles/Framethrower_Denise.dir/data_packet.c.obj
LOAD CMakeFiles/Framethrower_Denise.dir/audio_ring.c.obj
LOAD CMakeFiles/Framethrower_Denise.dir/C_/Users/claud/.pico-sdk/sdk/2.1.1/src/rp2_common/pico_stdlib/stdlib.c.obj
LOAD CMakeFiles/Framethrower_Denise.dir/C_/Users/claud/.pico-sdk/sdk/2.1.1/src/rp2_common/hardware_gpio/gpio.c.obj
LOAD CMakeFiles/Framethrower_Denise.dir/C_/Users/claud/.pico-sdk/sdk/2.1.1/src/rp2350/pico_platform/platform.c.obj
LOAD CMakeFiles/Framethrower_Denise.dir/C_/Users/claud/.pico-sdk/sdk/2.1.1/src/rp2_common/pico_platform_panic/panic.c.obj
LOAD CMakeFiles/Framethrower_Denise.dir/C_/Users/claud/.pico-sdk/sdk/2.1.1/src/common/hardware_claim/claim.c.obj
LOAD CMakeFiles/Framethrower_Denise.dir/C_/Users/claud/.pico-sdk/sdk/2.1.1/src/rp2_common/hardware_sync/sync.c.obj
LOAD CMakeFiles/Framethrower_Denise.dir/C_/Users/claud/.pico-sdk/sdk/2.1.1/src/rp2_common/hardware_sync_spin_lock/sync_spin_lock.c.obj
LOAD CMakeFiles/Framethrower_Denise.dir/C_/Users/claud/.pico-sdk/sdk/2.1.1/src/rp2_common/hardware_irq/irq.c.obj
LOAD CMakeFiles/Framethrower_Denise.dir/C_/Users/claud/.pico-sdk/sdk/2.1.1/src/rp2_common/hardware_irq/irq_handler_chain.S.obj
LOAD CMakeFiles/Framethrower_Denise.dir/C_/Users/claud/.pico-sdk/sdk/2.1.1/src/common/pico_sync/sem.c.obj
LOAD CMakeFiles/Framethrower_Denise.dir/C_/Users/claud/.pico-sdk/sdk/2.1.1/src/common/pico_sync/lock_core.c.obj
LOAD CMakeFiles/Framethrower_Denise.dir/C_/Users/claud/.pico-sdk/sdk/2.1.1/src/common/pico_sync/mutex.c.obj
LOAD CMakeFiles/Framethrower_Denise.dir/C_/Users/claud/.pico-sdk/sdk/2.1.1/src/common/pico_sync/critical_section.c.obj
LOAD CMakeFiles/Framethrower_Denise.dir/C_/Users/claud/.pico-sdk/sdk/2.1.1/src/common/pico_time/time.c.obj
LOAD CMakeFiles/Framethrower_Denise.dir/C_/Users/claud/.pico-sdk/sdk/2.1.1/src/common/pico_time/timeout_helper.c.obj
LOAD CMakeFiles/Framethrower_Denise.dir/C_/Users/claud/.pico-sdk/sdk/2.1.1/src/rp2_common/hardware_timer/timer.c.obj
LOAD CMakeFiles/Framethrower_Denise.dir/C_/Users/claud/.pico-sdk/sdk/2.1.1/src/common/pico_util/datetime.c.obj
LOAD CMakeFiles/Framethrower_Denise.dir/C_/Users/claud/.pico-sdk/sdk/2.1.1/src/common/pico_util/pheap.c.obj
LOAD CMakeFiles/Framethrower_Denise.dir/C_/Users/claud/.pico-sdk/sdk/2.1.1/src/common/pico_util/queue.c.obj
LOAD CMakeFiles/Framethrower_Denise.dir/C_/Users/claud/.pico-sdk/sdk/2.1.1/src/rp2_common/hardware_uart/uart.c.obj
LOAD CMakeFiles/Framethrower_Denise.dir/C_/Users/claud/.pico-sdk/sdk/2.1.1/src/rp2_common/hardware_clocks/clocks.c.obj
LOAD CMakeFiles/Framethrower_Denise.dir/C_/Users/claud/.pico-sdk/sdk/2.1.1/src/rp2_common/hardware_pll/pll.c.obj
LOAD CMakeFiles/Framethrower_Denise.dir/C_/Users/claud/.pico-sdk/sdk/2.1.1/src/rp2_common/hardware_vreg/vreg.c.obj
LOAD CMakeFiles/Framethrower_Denise.dir/C_/Users/claud/.pico-sdk/sdk/2.1.1/src/rp2_common/hardware_watchdog/watchdog.c.obj
LOAD CMakeFiles/Framethrower_Denise.dir/C_/Users/claud/.pico-sdk/sdk/2.1.1/src/rp2_common/hardware_ticks/ticks.c.obj
LOAD CMakeFiles/Framethrower_Denise.dir/C_/Users/claud/.pico-sdk/sdk/2.1.1/src/rp2_common/pico_bootrom/bootrom.c.obj
LOAD CMakeFiles/Framethrower_Denise.dir/C_/Users/claud/.pico-sdk/sdk/2.1.1/src/rp2_common/pico_bootrom/bootrom_lock.c.obj
LOAD CMakeFiles/Framethrower_Denise.dir/C_/Users/claud/.pico-sdk/sdk/2.1.1/src/rp2_common/hardware_boot_lock/boot_lock.c.obj
LOAD CMakeFiles/Framethrower_Denise.dir/C_/Users/claud/.pico-sdk/sdk/2.1.1/src/rp2_common/pico_flash/flash.c.obj
LOAD CMakeFiles/Framethrower_Denise.dir/C_/Users/claud/.pico-sdk/sdk/2.1.1/src/rp2_common/hardware_xosc/xosc.c.obj
LOAD CMakeFiles/Framethrower_Denise.dir/C_/Users/claud/.pico-sdk/sdk/2.1.1/src/rp2_common/hardware_divider/divider.c.obj
LOAD CMakeFiles/Framethrower_Denise.dir/C_/Users/claud/.pico-sdk/sdk/2.1.1/src/rp2_common/pico_runtime/runtime.c.obj
LOAD CMakeFiles/Framethrower_Denise.dir/C_/Users/claud/.pico-sdk/sdk/2.1.1/src/rp2_common/pico_runtime_init/runtime_init.c.obj
LOAD CMakeFiles/Framethrower_Denise.dir/C_/Users/claud/.pico-sdk/sdk/2.1.1/src/rp2_common/pico_runtime_init/runtime_init_clocks.c.obj
LOAD CMakeFiles/Framethrower_Denise.dir/C_/Users/claud/.pico-sdk/sdk/2.1.1/src/rp2_common/pico_runtime_init/runtime_init_stack_guard.c.obj
LOAD CMakeFiles/Framethrower_Denise.dir/C_/Users/claud/.pico-sdk/sdk/2.1.1/src/rp2_common/pico_bit_ops/bit_ops_aeabi.S.obj
LOAD CMakeFiles/Framethrower_Denise.dir/C_/Users/claud/.pico-sdk/sdk/2.1.1/src/rp2_common/pico_divider/divider_compiler.c.obj
LOAD CMakeFiles/Framethrower_Denise.dir/C_/Users/claud/.pico-sdk/sdk/2.1.1/src/rp2_common/pico_double/double_math.c.obj
LOAD CMakeFiles/Framethrower_Denise.dir/C_/Users/claud/.pico-sdk/sdk/2.1.1/src/rp2_common/pico_double/double_aeabi_dcp.S.obj
LOAD CMakeFiles/Framethrower_Denise.dir/C_/Users/claud/.pico-sdk/sdk/2.1.1/src/rp2_common/pico_double/double_fma_dcp.S.obj
LOAD CMakeFiles/Framethrower_Denise.dir/C_/Users/claud/.pico-sdk/sdk/2.1.1/src/rp2_common/pico_double/double_sci_m33.S.obj
LOAD CMakeFiles/Framethrower_Denise.dir/C_/Users/claud/.pico-sdk/sdk/2.1.1/src/rp2_common/pico_double/double_conv_m33.S.obj
LOAD CMakeFiles/Framethrower_Denise.dir/C_/Users/claud/.pico-sdk/sdk/2.1.1/src/rp2_common/pico_float/float_math.c.obj
LOAD CMakeFiles/Framethrower_Denise.dir/C_/Users/claud/.pico-sdk/sdk/2.1.1/src/rp2_common/pico_float/float_conv32_vfp.S.obj
LOAD CMakeFiles/Framethrower_Denise.dir/C_/Users/claud/.pico-sdk/sdk/2.1.1/src/rp2_common/pico_float/float_common_m33.S.obj
LOAD CMakeFiles/Framethrower_Denise.dir/C_/Users/claud/.pico-sdk/sdk/2.1.1/src/rp2_common/pico_float/float_sci_m33_vfp.S.obj
LOAD CMakeFiles/Framethrower_Denise.dir/C_/Users/claud/.pico-sdk/sdk/2.1.1/src/rp2_common/pico_malloc/malloc.c.obj
LOAD CMakeFiles/Framethrower_Denise.dir/C_/Users/claud/.pico-sdk/sdk/2.1.1/src/rp2_common/pico_atomic/atomic.c.obj
LOAD CMakeFiles/Framethrower_Denise.dir/C_/Users/claud/.pico-sdk/sdk/2.1.1/src/rp2_common/pico_cxx_options/new_delete.cpp.obj
LOAD CMakeFiles/Framethrower_Denise.dir/C_/Users/claud/.pico-sdk/sdk/2.1.1/src/rp2_common/pico_standard_binary_info/standard_binary_info.c.obj
LOAD CMakeFiles/Framethrower_Denise.dir/C_/Users/claud/.pico-sdk/sdk/2.1.1/src/rp2_common/pico_printf/printf.c.obj
LOAD CMakeFiles/Framethrower_Denise.dir/C_/Users/claud/.pico-sdk/sdk/2.1.1/src/rp2_common/pico_crt0/crt0.S.obj
LOAD CMakeFiles/Framethrower_Denise.dir/C_/Users/claud/.pico-sdk/sdk/2.1.1/src/rp2_common/pico_clib_interface/newlib_interface.c.obj
LOAD CMakeFiles/Framethrower_Denise.dir/C_/Users/claud/.pico-sdk/sdk/2.1.1/src/rp2_common/pico_stdio/stdio.c.obj
LOAD CMakeFiles/Framethrower_Denise.dir/C_/Users/claud/.pico-sdk/sdk/2.1.1/src/rp2_common/hardware_dma/dma.c.obj
LOAD CMakeFiles/Framethrower_Denise.dir/C_/Users/claud/.pico-sdk/sdk/2.1.1/src/rp2_common/hardware_pio/pio.c.obj
LOAD CMakeFiles/Framethrower_Denise.dir/C_/Users/claud/.pico-sdk/sdk/2.1.1/src/rp2_common/pico_multicore/multicore.c.obj
LOAD pico-sdk/src/rp2350/boot_stage2/CMakeFiles/bs2_default_library.dir/./bs2_default_padded_checksummed.S.obj
LOAD C:/Users/claud/.pico-sdk/toolchain/14_2_Rel1/bin/../lib/gcc/arm-none-eabi/14.2.1/thumb/v8-m.main+fp/softfp\libstdc++.a
LOAD C:/Users/claud/.pico-sdk/toolchain/14_2_Rel1/bin/../lib/gcc/arm-none-eabi/14.2.1/thumb/v8-m.main+fp/softfp\libm.a
START GROUP
LOAD C:/Users/claud/.pico-sdk/toolchain/14_2_Rel1/bin/../lib/gcc/arm-none-eabi/14.2.1/thumb/v8-m.main+fp/softfp\libgcc.a
LOAD C:/Users/claud/.pico-sdk/toolchain/14_2_Rel1/bin/../lib/gcc/arm-none-eabi/14.2.1/thumb/v8-m.main+fp/softfp\libg.a
LOAD C:/Users/claud/.pico-sdk/toolchain/14_2_Rel1/bin/../lib/gcc/arm-none-eabi/14.2.1/thumb/v8-m.main+fp/softfp\libc.a
END GROUP
START GROUP
LOAD C:/Users/claud/.pico-sdk/toolchain/14_2_Rel1/bin/../lib/gcc/arm-none-eabi/14.2.1/thumb/v8-m.main+fp/softfp\libgcc.a
LOAD C:/Users/claud/.pico-sdk/toolchain/14_2_Rel1/bin/../lib/gcc/arm-none-eabi/14.2.1/thumb/v8-m.main+fp/softfp\libc.a
LOAD C:/Users/claud/.pico-sdk/toolchain/14_2_Rel1/bin/../lib/gcc/arm-none-eabi/14.2.1/thumb/v8-m.main+fp/softfp\libnosys.a
END GROUP
LOAD C:/Users/claud/.pico-sdk/toolchain/14_2_Rel1/bin/../lib/gcc/arm-none-eabi/14.2.1/thumb/v8-m.main+fp/softfp/crtend.o
LOAD C:/Users/claud/.pico-sdk/toolchain/14_2_Rel1/bin/../lib/gcc/arm-none-eabi/14.2.1/thumb/v8-m.main+fp/softfp/crtn.o
OUTPUT(Framethrower_Denise.elf elf32-littlearm)
LOAD linker stubs

.rel.dyn        0x100044dc        0x0
 .rel.iplt      0x100044dc        0x0 C:/Users/claud/.pico-sdk/toolchain/14_2_Rel1/bin/../lib/gcc/arm-none-eabi/14.2.1/thumb/v8-m.main+fp/softfp/crtbegin.o

.ARM.attributes
                0x00000000       0x34
 .ARM.attributes
                0x00000000       0x26 C:/Users/claud/.pico-sdk/toolchain/14_2_Rel1/bin/../lib/gcc/arm-none-eabi/14.2.1/thumb/v8-m.main+fp/softfp/crti.o
 .ARM.attributes
                0x00000026       0x36 C:/Users/claud/.pico-sdk/toolchain/14_2_Rel1/bin/../lib/gcc/arm-none-eabi/14.2.1/thumb/v8-m.main+fp/softfp/crtbegin.o
 .ARM.attributes
                0x0000005c       0x38 CMakeFiles/Framethrower_Denise.dir/Framethrower_Denise.c.obj
 .ARM.attributes
                0x00000094       0x38 CMakeFiles/Framethrower_Denise.dir/data_packet.c.obj
 .ARM.attributes
                0x000000cc       0x38 CMakeFiles/Framethrower_Denise.dir/C_/Users/claud/.pico-sdk/sdk/2.1.1/src/rp2_common/hardware_gpio/gpio.c.obj
 .ARM.attributes
                0x00000104       0x38 CMakeFiles/Framethrower_Denise.dir/C_/Users/claud/.pico-sdk/sdk/2.1.1/src/rp2_common/pico_platform_panic/panic.c.obj
 .ARM.attributes
                0x0000013c       0x38 CMakeFiles/Framethrower_Denise.dir/C_/Users/claud/.pico-sdk/sdk/2.1.1/src/common/hardware_claim/claim.c.obj
 .ARM.attributes
                0x00000174       0x38 CMakeFiles/Framethrower_Denise.dir/C_/Users/claud/.pico-sdk/sdk/2.1.1/src/rp2_common/hardware_sync/sync.c.obj
 .ARM.attributes
                0x000001ac       0x38 CMakeFiles/Framethrower_Denise.dir/C_/Users/claud/.pico-sdk/sdk/2.1.1/src/rp2_common/hardware_sync_spin_lock/sync_spin_lock.c.obj
 .ARM.attributes
                0x000001e4       0x38 CMakeFiles/Framethrower_Denise.dir/C_/Users/claud/.pico-sdk/sdk/2.1.1/src/rp2_common/hardware_irq/irq.c.obj
 .ARM.attributes
                0x0000021c       0x38 CMakeFiles/Framethrower_Denise.dir/C_/Users/claud/.pico-sdk/sdk/2.1.1/src/common/pico_sync/lock_core.c.obj
 .ARM.attributes
                0x00000254       0x38 CMakeFiles/Framethrower_Denise.dir/C_/Users/claud/.pico-sdk/sdk/2.1.1/src/common/pico_sync/mutex.c.obj
 .ARM.attributes
                0x0000028c       0x38 CMakeFiles/Framethrower_Denise.dir/C_/Users/claud/.pico-sdk/sdk/2.1.1/src/common/pico_time/time.c.obj
 .ARM.attributes
                0x000002c4       0x38 CMakeFiles/Framethrower_Denise.dir/C_/Users/claud/.pico-sdk/sdk/2.1.1/src/rp2_common/hardware_timer/timer.c.obj
 .ARM.attributes
                0x000002fc       0x38 CMakeFiles/Framethrower_Denise.dir/C_/Users/claud/.pico-sdk/sdk/2.1.1/src/rp2_common/hardware_clocks/clocks.c.obj
 .ARM.attributes
                0x00000334       0x38 CMakeFiles/Framethrower_Denise.dir/C_/Users/claud/.pico-sdk/sdk/2.1.1/src/rp2_common/hardware_pll/pll.c.obj
 .ARM.attributes
                0x0000036c       0x38 CMakeFiles/Framethrower_Denise.dir/C_/Users/claud/.pico-sdk/sdk/2.1.1/src/rp2_common/hardware_vreg/vreg.c.obj
 .ARM.attributes
                0x000003a4       0x38 CMakeFiles/Framethrower_Denise.dir/C_/Users/claud/.pico-sdk/sdk/2.1.1/src/rp2_common/hardware_ticks/ticks.c.obj
 .ARM.attributes
                0x000003dc       0x38 CMakeFiles/Framethrower_Denise.dir/C_/Users/claud/.pico-sdk/sdk/2.1.1/src/rp2_common/pico_bootrom/bootrom.c.obj
 .ARM.attributes
                0x00000414       0x38 CMakeFiles/Framethrower_Denise.dir/C_/Users/claud/.pico-sdk/sdk/2.1.1/src/rp2_common/pico_bootrom/bootrom_lock.c.obj
 .ARM.attributes
                0x0000044c       0x38 CMakeFiles/Framethrower_Denise.dir/C_/Users/claud/.pico-sdk/sdk/2.1.1/src/rp2_common/hardware_boot_lock/boot_lock.c.obj
 .ARM.attributes
                0x00000484       0x38 CMakeFiles/Framethrower_Denise.dir/C_/Users/claud/.pico-sdk/sdk/2.1.1/src/rp2_common/hardware_xosc/xosc.c.obj
 .ARM.attributes
                0x000004bc       0x38 CMakeFiles/Framethrower_Denise.dir/C_/Users/claud/.pico-sdk/sdk/2.1.1/src/rp2_common/pico_runtime/runtime.c.obj
 .ARM.attributes
                0x000004f4       0x38 CMakeFiles/Framethrower_Denise.dir/C_/Users/claud/.pico-sdk/sdk/2.1.1/src/rp2_common/pico_runtime_init/runtime_init.c.obj
 .ARM.attributes
                0x0000052c       0x38 CMakeFiles/Framethrower_Denise.dir/C_/Users/claud/.pico-sdk/sdk/2.1.1/src/rp2_common/pico_runtime_init/runtime_init_clocks.c.obj
 .ARM.attributes
                0x00000564       0x38 CMakeFiles/Framethrower_Denise.dir/C_/Users/claud/.pico-sdk/sdk/2.1.1/src/rp2_common/pico_malloc/malloc.c.obj
 .ARM.attributes
                0x0000059c       0x38 CMakeFiles/Framethrower_Denise.dir/C_/Users/claud/.pico-sdk/sdk/2.1.1/src/rp2_common/pico_standard_binary_info/standard_binary_info.c.obj
 .ARM.attributes
                0x000005d4       0x38 CMakeFiles/Framethrower_Denise.dir/C_/Users/claud/.pico-sdk/sdk/2.1.1/src/rp2_common/pico_printf/printf.c.obj
 .ARM.attributes
                0x0000060c       0x28 CMakeFiles/Framethrower_Denise.dir/C_/Users/claud/.pico-sdk/sdk/2.1.1/src/rp2_common/pico_crt0/crt0.S.obj
 .ARM.attributes
                0x00000634       0x38 CMakeFiles/Framethrower_Denise.dir/C_/Users/claud/.pico-sdk/sdk/2.1.1/src/rp2_common/pico_clib_interface/newlib_interface.c.obj
 .ARM.attributes
                0x0000066c       0x38 CMakeFiles/Framethrower_Denise.dir/C_/Users/claud/.pico-sdk/sdk/2.1.1/src/rp2_common/pico_stdio/stdio.c.obj
 .ARM.attributes
                0x000006a4       0x38 CMakeFiles/Framethrower_Denise.dir/C_/Users/claud/.pico-sdk/sdk/2.1.1/src/rp2_common/hardware_pio/pio.c.obj
 .ARM.attributes
                0x000006dc       0x38 CMakeFiles/Framethrower_Denise.dir/C_/Users/claud/.pico-sdk/sdk/2.1.1/src/rp2_common/pico_multicore/multicore.c.obj
 .ARM.attributes
                0x00000714       0x26 C:/Users/claud/.pico-sdk/toolchain/14_2_Rel1/bin/../lib/gcc/arm-none-eabi/14.2.1/thumb/v8-m.main+fp/softfp\libgcc.a(_aeabi_ldivmod.o)
 .ARM.attributes
                0x0000073a       0x36 C:/Users/claud/.pico-sdk/toolchain/14_2_Rel1/bin/../lib/gcc/arm-none-eabi/14.2.1/thumb/v8-m.main+fp/softfp\libgcc.a(_udivmoddi4.o)
 .ARM.attributes
                0x00000770       0x26 C:/Users/claud/.pico-sdk/toolchain/14_2_Rel1/bin/../lib/gcc/arm-none-eabi/14.2.1/thumb/v8-m.main+fp/softfp\libgcc.a(_dvmd_tls.o)
 .ARM.attributes
                0x00000796       0x36 C:/Users/claud/.pico-sdk/toolchain/14_2_Rel1/bin/../lib/gcc/arm-none-eabi/14.2.1/thumb/v8-m.main+fp/softfp\libg.a(libc_a-malloc.o)
 .ARM.attributes
                0x000007cc       0x36 C:/Users/claud/.pico-sdk/toolchain/14_2_Rel1/bin/../lib/gcc/arm-none-eabi/14.2.1/thumb/v8-m.main+fp/softfp\libg.a(libc_a-mallocr.o)
 .ARM.attributes
                0x00000802       0x36 C:/Users/claud/.pico-sdk/toolchain/14_2_Rel1/bin/../lib/gcc/arm-none-eabi/14.2.1/thumb/v8-m.main+fp/softfp\libg.a(libc_a-mlock.o)
 .ARM.attributes
                0x00000838       0x36 C:/Users/claud/.pico-sdk/toolchain/14_2_Rel1/bin/../lib/gcc/arm-none-eabi/14.2.1/thumb/v8-m.main+fp/softfp\libg.a(libc_a-rand.o)
 .ARM.attributes
                0x0000086e       0x36 C:/Users/claud/.pico-sdk/toolchain/14_2_Rel1/bin/../lib/gcc/arm-none-eabi/14.2.1/thumb/v8-m.main+fp/softfp\libg.a(libc_a-memset.o)
 .ARM.attributes
                0x000008a4       0x36 C:/Users/claud/.pico-sdk/toolchain/14_2_Rel1/bin/../lib/gcc/arm-none-eabi/14.2.1/thumb/v8-m.main+fp/softfp\libg.a(libc_a-time.o)
 .ARM.attributes
                0x000008da       0x36 C:/Users/claud/.pico-sdk/toolchain/14_2_Rel1/bin/../lib/gcc/arm-none-eabi/14.2.1/thumb/v8-m.main+fp/softfp\libg.a(libc_a-impure.o)
 .ARM.attributes
                0x00000910       0x36 C:/Users/claud/.pico-sdk/toolchain/14_2_Rel1/bin/../lib/gcc/arm-none-eabi/14.2.1/thumb/v8-m.main+fp/softfp\libg.a(libc_a-gettimeofdayr.o)
 .ARM.attributes
                0x00000946       0x36 C:/Users/claud/.pico-sdk/toolchain/14_2_Rel1/bin/../lib/gcc/arm-none-eabi/14.2.1/thumb/v8-m.main+fp/softfp\libg.a(libc_a-sbrkr.o)
 .ARM.attributes
                0x0000097c       0x36 C:/Users/claud/.pico-sdk/toolchain/14_2_Rel1/bin/../lib/gcc/arm-none-eabi/14.2.1/thumb/v8-m.main+fp/softfp\libg.a(libc_a-errno.o)
 .ARM.attributes
                0x000009b2       0x36 C:/Users/claud/.pico-sdk/toolchain/14_2_Rel1/bin/../lib/gcc/arm-none-eabi/14.2.1/thumb/v8-m.main+fp/softfp\libg.a(libc_a-lock.o)
 .ARM.attributes
                0x000009e8       0x36 C:/Users/claud/.pico-sdk/toolchain/14_2_Rel1/bin/../lib/gcc/arm-none-eabi/14.2.1/thumb/v8-m.main+fp/softfp\libg.a(libc_a-sysconf.o)
 .ARM.attributes
                0x00000a1e       0x24 C:/Users/claud/.pico-sdk/toolchain/14_2_Rel1/bin/../lib/gcc/arm-none-eabi/14.2.1/thumb/v8-m.main+fp/softfp\libg.a(libc_a-memcpy.o)
 .ARM.attributes
                0x00000a42       0x36 C:/Users/claud/.pico-sdk/toolchain/14_2_Rel1/bin/../lib/gcc/arm-none-eabi/14.2.1/thumb/v8-m.main+fp/softfp\libg.a(libc_a-strlen-stub.o)
 .ARM.attributes
                0x00000a78       0x36 C:/Users/claud/.pico-sdk/toolchain/14_2_Rel1/bin/../lib/gcc/arm-none-eabi/14.2.1/thumb/v8-m.main+fp/softfp\libg.a(libc_a-freer.o)
 .ARM.attributes
                0x00000aae       0x36 C:/Users/claud/.pico-sdk/toolchain/14_2_Rel1/bin/../lib/gcc/arm-none-eabi/14.2.1/thumb/v8-m.main+fp/softfp\libg.a(libc_a-findfp.o)
 .ARM.attributes
                0x00000ae4       0x36 C:/Users/claud/.pico-sdk/toolchain/14_2_Rel1/bin/../lib/gcc/arm-none-eabi/14.2.1/thumb/v8-m.main+fp/softfp\libg.a(libc_a-reent.o)
 .ARM.attributes
                0x00000b1a       0x36 C:/Users/claud/.pico-sdk/toolchain/14_2_Rel1/bin/../lib/gcc/arm-none-eabi/14.2.1/thumb/v8-m.main+fp/softfp/crtend.o

.comment        0x00000000       0x45
 .comment       0x00000000       0x45 CMakeFiles/Framethrower_Denise.dir/Framethrower_Denise.c.obj
                                 0x46 (size before relaxing)
 .comment       0x00000045       0x46 CMakeFiles/Framethrower_Denise.dir/data_packet.c.obj
 .comment       0x00000045       0x46 CMakeFiles/Framethrower_Denise.dir/C_/Users/claud/.pico-sdk/sdk/2.1.1/src/rp2_common/hardware_gpio/gpio.c.obj
 .comment       0x00000045       0x46 CMakeFiles/Framethrower_Denise.dir/C_/Users/claud/.pico-sdk/sdk/2.1.1/src/rp2_common/pico_platform_panic/panic.c.obj
 .comment       0x00000045       0x46 CMakeFiles/Framethrower_Denise.dir/C_/Users/claud/.pico-sdk/sdk/2.1.1/src/common/hardware_claim/claim.c.obj
 .comment       0x00000045       0x46 CMakeFiles/Framethrower_Denise.dir/C_/Users/claud/.pico-sdk/sdk/2.1.1/src/rp2_common/hardware_sync/sync.c.obj
 .comment       0x00000045       0x46 CMakeFiles/Framethrower_Denise.dir/C_/Users/claud/.pico-sdk/sdk/2.1.1/src/rp2_common/hardware_sync_spin_lock/sync_spin_lock.c.obj
 .comment       0x00000045       0x46 CMakeFiles/Framethrower_Denise.dir/C_/Users/claud/.pico-sdk/sdk/2.1.1/src/rp2_common/hardware_irq/irq.c.obj
 .comment       0x00000045       0x46 CMakeFiles/Framethrower_Denise.dir/C_/Users/claud/.pico-sdk/sdk/2.1.1/src/common/pico_sync/lock_core.c.obj
 .comment       0x00000045       0x46 CMakeFiles/Framethrower_Denise.dir/C_/Users/claud/.pico-sdk/sdk/2.1.1/src/common/pico_sync/mutex.c.obj
 .comment       0x00000045       0x46 CMakeFiles/Framethrower_Denise.dir/C_/Users/claud/.pico-sdk/sdk/2.1.1/src/common/pico_time/time.c.obj
 .comment       0x00000045       0x46 CMakeFiles/Framethrower_Denise.dir/C_/Users/claud/.pico-sdk/sdk/2.1.1/src/rp2_common/hardware_timer/timer.c.obj
 .comment       0x00000045       0x46 CMakeFiles/Framethrower_Denise.dir/C_/Users/claud/.pico-sdk/sdk/2.1.1/src/rp2_common/hardware_clocks/clocks.c.obj
 .comment       0x00000045       0x46 CMakeFiles/Framethrower_Denise.dir/C_/Users/claud/.pico-sdk/sdk/2.1.1/src/rp2_common/hardware_pll/pll.c.obj
 .comment       0x00000045       0x46 CMakeFiles/Framethrower_Denise.dir/C_/Users/claud/.pico-sdk/sdk/2.1.1/src/rp2_common/hardware_vreg/vreg.c.obj
 .comment       0x00000045       0x46 CMakeFiles/Framethrower_Denise.dir/C_/Users/claud/.pico-sdk/sdk/2.1.1/src/rp2_common/hardware_ticks/ticks.c.obj
 .comment       0x00000045       0x46 CMakeFiles/Framethrower_Denise.dir/C_/Users/claud/.pico-sdk/sdk/2.1.1/src/rp2_common/pico_bootrom/bootrom.c.obj
 .comment       0x00000045       0x46 CMakeFiles/Framethrower_Denise.dir/C_/Users/claud/.pico-sdk/sdk/2.1.1/src/rp2_common/pico_bootrom/bootrom_lock.c.obj
 .comment       0x00000045       0x46 CMakeFiles/Framethrower_Denise.dir/C_/Users/claud/.pico-sdk/sdk/2.1.1/src/rp2_common/hardware_boot_lock/boot_lock.c.obj
 .comment       0x00000045       0x46 CMakeFiles/Framethrower_Denise.dir/C_/Users/claud/.pico-sdk/sdk/2.1.1/src/rp2_common/hardware_xosc/xosc.c.obj
 .comment       0x00000045       0x46 CMakeFiles/Framethrower_Denise.dir/C_/Users/claud/.pico-sdk/sdk/2.1.1/src/rp2_common/pico_runtime/runtime.c.obj
 .comment       0x00000045       0x46 CMakeFiles/Framethrower_Denise.dir/C_/Users/claud/.pico-sdk/sdk/2.1.1/src/rp2_common/pico_runtime_init/runtime_init.c.obj
 .comment       0x00000045       0x46 CMakeFiles/Framethrower_Denise.dir/C_/Users/claud/.pico-sdk/sdk/2.1.1/src/rp2_common/pico_runtime_init/runtime_init_clocks.c.obj
 .comment       0x00000045       0x46 CMakeFiles/Framethrower_Denise.dir/C_/Users/claud/.pico-sdk/sdk/2.1.1/src/rp2_common/pico_malloc/malloc.c.obj
 .comment       0x00000045       0x46 CMakeFiles/Framethrower_Denise.dir/C_/Users/claud/.pico-sdk/sdk/2.1.1/src/rp2_common/pico_standard_binary_info/standard_binary_info.c.obj
 .comment       0x00000045       0x46 CMakeFiles/Framethrower_Denise.dir/C_/Users/claud/.pico-sdk/sdk/2.1.1/src/rp2_common/pico_printf/printf.c.obj
 .comment       0x00000045       0x46 CMakeFiles/Framethrower_Denise.dir/C_/Users/claud/.pico-sdk/sdk/2.1.1/src/rp2_common/pico_clib_interface/newlib_interface.c.obj
 .comment       0x00000045       0x46 CMakeFiles/Framethrower_Denise.dir/C_/Users/claud/.pico-sdk/sdk/2.1.1/src/rp2_common/pico_stdio/stdio.c.obj
 .comment       0x00000045       0x46 CMakeFiles/Framethrower_Denise.dir/C_/Users/claud/.pico-sdk/sdk/2.1.1/src/rp2_common/hardware_pio/pio.c.obj
 .comment       0x00000045       0x46 CMakeFiles/Framethrower_Denise.dir/C_/Users/claud/.pico-sdk/sdk/2.1.1/src/rp2_common/pico_multicore/multicore.c.obj

.debug_info     0x00000000    0x289c6
 .debug_info    0x00000000     0x4040 CMakeFiles/Framethrower_Denise.dir/Framethrower_Denise.c.obj
 .debug_info    0x00004040     0x152e CMakeFiles/Framethrower_Denise.dir/data_packet.c.obj
 .debug_info    0x0000556e     0x2446 CMakeFiles/Framethrower_Denise.dir/C_/Users/claud/.pico-sdk/sdk/2.1.1/src/rp2_common/hardware_gpio/gpio.c.obj
 .debug_info    0x000079b4      0x1be CMakeFiles/Framethrower_Denise.dir/C_/Users/claud/.pico-sdk/sdk/2.1.1/src/rp2_common/pico_platform_panic/panic.c.obj
 .debug_info    0x00007b72      0xb78 CMakeFiles/Framethrower_Denise.dir/C_/Users/claud/.pico-sdk/sdk/2.1.1/src/common/hardware_claim/claim.c.obj
 .debug_info    0x000086ea      0x46f CMakeFiles/Framethrower_Denise.dir/C_/Users/claud/.pico-sdk/sdk/2.1.1/src/rp2_common/hardware_sync/sync.c.obj
 .debug_info    0x00008b59     0x145e CMakeFiles/Framethrower_Denise.dir/C_/Users/claud/.pico-sdk/sdk/2.1.1/src/rp2_common/hardware_sync_spin_lock/sync_spin_lock.c.obj
 .debug_info    0x00009fb7     0x260d CMakeFiles/Framethrower_Denise.dir/C_/Users/claud/.pico-sdk/sdk/2.1.1/src/rp2_common/hardware_irq/irq.c.obj
 .debug_info    0x0000c5c4      0x187 CMakeFiles/Framethrower_Denise.dir/C_/Users/claud/.pico-sdk/sdk/2.1.1/src/common/pico_sync/lock_core.c.obj
 .debug_info    0x0000c74b     0x1e7c CMakeFiles/Framethrower_Denise.dir/C_/Users/claud/.pico-sdk/sdk/2.1.1/src/common/pico_sync/mutex.c.obj
 .debug_info    0x0000e5c7     0x5487 CMakeFiles/Framethrower_Denise.dir/C_/Users/claud/.pico-sdk/sdk/2.1.1/src/common/pico_time/time.c.obj
 .debug_info    0x00013a4e     0x30c6 CMakeFiles/Framethrower_Denise.dir/C_/Users/claud/.pico-sdk/sdk/2.1.1/src/rp2_common/hardware_timer/timer.c.obj
 .debug_info    0x00016b14     0x28a2 CMakeFiles/Framethrower_Denise.dir/C_/Users/claud/.pico-sdk/sdk/2.1.1/src/rp2_common/hardware_clocks/clocks.c.obj
 .debug_info    0x000193b6      0x507 CMakeFiles/Framethrower_Denise.dir/C_/Users/claud/.pico-sdk/sdk/2.1.1/src/rp2_common/hardware_pll/pll.c.obj
 .debug_info    0x000198bd      0x5a9 CMakeFiles/Framethrower_Denise.dir/C_/Users/claud/.pico-sdk/sdk/2.1.1/src/rp2_common/hardware_vreg/vreg.c.obj
 .debug_info    0x00019e66      0x26c CMakeFiles/Framethrower_Denise.dir/C_/Users/claud/.pico-sdk/sdk/2.1.1/src/rp2_common/hardware_ticks/ticks.c.obj
 .debug_info    0x0001a0d2      0x914 CMakeFiles/Framethrower_Denise.dir/C_/Users/claud/.pico-sdk/sdk/2.1.1/src/rp2_common/pico_bootrom/bootrom.c.obj
 .debug_info    0x0001a9e6      0x1c4 CMakeFiles/Framethrower_Denise.dir/C_/Users/claud/.pico-sdk/sdk/2.1.1/src/rp2_common/pico_bootrom/bootrom_lock.c.obj
 .debug_info    0x0001abaa      0x316 CMakeFiles/Framethrower_Denise.dir/C_/Users/claud/.pico-sdk/sdk/2.1.1/src/rp2_common/hardware_boot_lock/boot_lock.c.obj
 .debug_info    0x0001aec0      0x1b1 CMakeFiles/Framethrower_Denise.dir/C_/Users/claud/.pico-sdk/sdk/2.1.1/src/rp2_common/hardware_xosc/xosc.c.obj
 .debug_info    0x0001b071      0x21a CMakeFiles/Framethrower_Denise.dir/C_/Users/claud/.pico-sdk/sdk/2.1.1/src/rp2_common/pico_runtime/runtime.c.obj
 .debug_info    0x0001b28b     0x1bcd CMakeFiles/Framethrower_Denise.dir/C_/Users/claud/.pico-sdk/sdk/2.1.1/src/rp2_common/pico_runtime_init/runtime_init.c.obj
 .debug_info    0x0001ce58      0x7c9 CMakeFiles/Framethrower_Denise.dir/C_/Users/claud/.pico-sdk/sdk/2.1.1/src/rp2_common/pico_runtime_init/runtime_init_clocks.c.obj
 .debug_info    0x0001d621      0x6c1 CMakeFiles/Framethrower_Denise.dir/C_/Users/claud/.pico-sdk/sdk/2.1.1/src/rp2_common/pico_malloc/malloc.c.obj
 .debug_info    0x0001dce2      0x2e2 CMakeFiles/Framethrower_Denise.dir/C_/Users/claud/.pico-sdk/sdk/2.1.1/src/rp2_common/pico_standard_binary_info/standard_binary_info.c.obj
 .debug_info    0x0001dfc4     0x22ff CMakeFiles/Framethrower_Denise.dir/C_/Users/claud/.pico-sdk/sdk/2.1.1/src/rp2_common/pico_printf/printf.c.obj
 .debug_info    0x000202c3       0x23 CMakeFiles/Framethrower_Denise.dir/C_/Users/claud/.pico-sdk/sdk/2.1.1/src/rp2_common/pico_crt0/crt0.S.obj
 .debug_info    0x000202e6      0xbdf CMakeFiles/Framethrower_Denise.dir/C_/Users/claud/.pico-sdk/sdk/2.1.1/src/rp2_common/pico_clib_interface/newlib_interface.c.obj
 .debug_info    0x00020ec5     0x1c24 CMakeFiles/Framethrower_Denise.dir/C_/Users/claud/.pico-sdk/sdk/2.1.1/src/rp2_common/pico_stdio/stdio.c.obj
 .debug_info    0x00022ae9     0x3636 CMakeFiles/Framethrower_Denise.dir/C_/Users/claud/.pico-sdk/sdk/2.1.1/src/rp2_common/hardware_pio/pio.c.obj
 .debug_info    0x0002611f     0x28a7 CMakeFiles/Framethrower_Denise.dir/C_/Users/claud/.pico-sdk/sdk/2.1.1/src/rp2_common/pico_multicore/multicore.c.obj

.debug_abbrev   0x00000000     0x65e2
 .debug_abbrev  0x00000000      0x662 CMakeFiles/Framethrower_Denise.dir/Framethrower_Denise.c.obj
 .debug_abbrev  0x00000662      0x400 CMakeFiles/Framethrower_Denise.dir/data_packet.c.obj
 .debug_abbrev  0x00000a62      0x56d CMakeFiles/Framethrower_Denise.dir/C_/Users/claud/.pico-sdk/sdk/2.1.1/src/rp2_common/hardware_gpio/gpio.c.obj
 .debug_abbrev  0x00000fcf      0x12b CMakeFiles/Framethrower_Denise.dir/C_/Users/claud/.pico-sdk/sdk/2.1.1/src/rp2_common/pico_platform_panic/panic.c.obj
 .debug_abbrev  0x000010fa      0x35e CMakeFiles/Framethrower_Denise.dir/C_/Users/claud/.pico-sdk/sdk/2.1.1/src/common/hardware_claim/claim.c.obj
 .debug_abbrev  0x00001458      0x22f CMakeFiles/Framethrower_Denise.dir/C_/Users/claud/.pico-sdk/sdk/2.1.1/src/rp2_common/hardware_sync/sync.c.obj
 .debug_abbrev  0x00001687      0x26e CMakeFiles/Framethrower_Denise.dir/C_/Users/claud/.pico-sdk/sdk/2.1.1/src/rp2_common/hardware_sync_spin_lock/sync_spin_lock.c.obj
 .debug_abbrev  0x000018f5      0x644 CMakeFiles/Framethrower_Denise.dir/C_/Users/claud/.pico-sdk/sdk/2.1.1/src/rp2_common/hardware_irq/irq.c.obj
 .debug_abbrev  0x00001f39      0x11e CMakeFiles/Framethrower_Denise.dir/C_/Users/claud/.pico-sdk/sdk/2.1.1/src/common/pico_sync/lock_core.c.obj
 .debug_abbrev  0x00002057      0x49b CMakeFiles/Framethrower_Denise.dir/C_/Users/claud/.pico-sdk/sdk/2.1.1/src/common/pico_sync/mutex.c.obj
 .debug_abbrev  0x000024f2      0x644 CMakeFiles/Framethrower_Denise.dir/C_/Users/claud/.pico-sdk/sdk/2.1.1/src/common/pico_time/time.c.obj
 .debug_abbrev  0x00002b36      0x4f9 CMakeFiles/Framethrower_Denise.dir/C_/Users/claud/.pico-sdk/sdk/2.1.1/src/rp2_common/hardware_timer/timer.c.obj
 .debug_abbrev  0x0000302f      0x4f0 CMakeFiles/Framethrower_Denise.dir/C_/Users/claud/.pico-sdk/sdk/2.1.1/src/rp2_common/hardware_clocks/clocks.c.obj
 .debug_abbrev  0x0000351f      0x1a8 CMakeFiles/Framethrower_Denise.dir/C_/Users/claud/.pico-sdk/sdk/2.1.1/src/rp2_common/hardware_pll/pll.c.obj
 .debug_abbrev  0x000036c7      0x1a5 CMakeFiles/Framethrower_Denise.dir/C_/Users/claud/.pico-sdk/sdk/2.1.1/src/rp2_common/hardware_vreg/vreg.c.obj
 .debug_abbrev  0x0000386c      0x146 CMakeFiles/Framethrower_Denise.dir/C_/Users/claud/.pico-sdk/sdk/2.1.1/src/rp2_common/hardware_ticks/ticks.c.obj
 .debug_abbrev  0x000039b2      0x36d CMakeFiles/Framethrower_Denise.dir/C_/Users/claud/.pico-sdk/sdk/2.1.1/src/rp2_common/pico_bootrom/bootrom.c.obj
 .debug_abbrev  0x00003d1f       0xfb CMakeFiles/Framethrower_Denise.dir/C_/Users/claud/.pico-sdk/sdk/2.1.1/src/rp2_common/pico_bootrom/bootrom_lock.c.obj
 .debug_abbrev  0x00003e1a      0x1de CMakeFiles/Framethrower_Denise.dir/C_/Users/claud/.pico-sdk/sdk/2.1.1/src/rp2_common/hardware_boot_lock/boot_lock.c.obj
 .debug_abbrev  0x00003ff8      0x109 CMakeFiles/Framethrower_Denise.dir/C_/Users/claud/.pico-sdk/sdk/2.1.1/src/rp2_common/hardware_xosc/xosc.c.obj
 .debug_abbrev  0x00004101      0x182 CMakeFiles/Framethrower_Denise.dir/C_/Users/claud/.pico-sdk/sdk/2.1.1/src/rp2_common/pico_runtime/runtime.c.obj
 .debug_abbrev  0x00004283      0x2dd CMakeFiles/Framethrower_Denise.dir/C_/Users/claud/.pico-sdk/sdk/2.1.1/src/rp2_common/pico_runtime_init/runtime_init.c.obj
 .debug_abbrev  0x00004560      0x2b8 CMakeFiles/Framethrower_Denise.dir/C_/Users/claud/.pico-sdk/sdk/2.1.1/src/rp2_common/pico_runtime_init/runtime_init_clocks.c.obj
 .debug_abbrev  0x00004818      0x21d CMakeFiles/Framethrower_Denise.dir/C_/Users/claud/.pico-sdk/sdk/2.1.1/src/rp2_common/pico_malloc/malloc.c.obj
 .debug_abbrev  0x00004a35       0xb8 CMakeFiles/Framethrower_Denise.dir/C_/Users/claud/.pico-sdk/sdk/2.1.1/src/rp2_common/pico_standard_binary_info/standard_binary_info.c.obj
 .debug_abbrev  0x00004aed      0x505 CMakeFiles/Framethrower_Denise.dir/C_/Users/claud/.pico-sdk/sdk/2.1.1/src/rp2_common/pico_printf/printf.c.obj
 .debug_abbrev  0x00004ff2       0x12 CMakeFiles/Framethrower_Denise.dir/C_/Users/claud/.pico-sdk/sdk/2.1.1/src/rp2_common/pico_crt0/crt0.S.obj
 .debug_abbrev  0x00005004      0x375 CMakeFiles/Framethrower_Denise.dir/C_/Users/claud/.pico-sdk/sdk/2.1.1/src/rp2_common/pico_clib_interface/newlib_interface.c.obj
 .debug_abbrev  0x00005379      0x5fd CMakeFiles/Framethrower_Denise.dir/C_/Users/claud/.pico-sdk/sdk/2.1.1/src/rp2_common/pico_stdio/stdio.c.obj
 .debug_abbrev  0x00005976      0x58a CMakeFiles/Framethrower_Denise.dir/C_/Users/claud/.pico-sdk/sdk/2.1.1/src/rp2_common/hardware_pio/pio.c.obj
 .debug_abbrev  0x00005f00      0x6e2 CMakeFiles/Framethrower_Denise.dir/C_/Users/claud/.pico-sdk/sdk/2.1.1/src/rp2_common/pico_multicore/multicore.c.obj

.debug_loclists
                0x00000000    0x150e8
 .debug_loclists
                0x00000000      0xeaa CMakeFiles/Framethrower_Denise.dir/Framethrower_Denise.c.obj
 .debug_loclists
                0x00000eaa     0x2440 CMakeFiles/Framethrower_Denise.dir/data_packet.c.obj
 .debug_loclists
                0x000032ea     0x180f CMakeFiles/Framethrower_Denise.dir/C_/Users/claud/.pico-sdk/sdk/2.1.1/src/rp2_common/hardware_gpio/gpio.c.obj
 .debug_loclists
                0x00004af9      0x42d CMakeFiles/Framethrower_Denise.dir/C_/Users/claud/.pico-sdk/sdk/2.1.1/src/common/hardware_claim/claim.c.obj
 .debug_loclists